# Path: deployments/default/iphone/debug/intermediate_files/MATSDKSampleProj.app/MATSDKSampleProj
# Arch: armv7
# Object files:
[  0] linker synthesized
[  1] /Developer/Marmalade/6.2/s3e/deploy/plugins/iphone/sys_libs/System/Library/Frameworks/SystemConfiguration.framework/SystemConfiguration
[  2] /Developer/Marmalade/6.2/s3e/deploy/plugins/iphone/sys_libs/System/Library/Frameworks/Foundation.framework/Foundation
[  3] /Developer/Marmalade/6.2/s3e/deploy/plugins/iphone/sys_libs/System/Library/Frameworks/CoreGraphics.framework/CoreGraphics
[  4] /Developer/Marmalade/6.2/s3e/deploy/plugins/iphone/sys_libs/System/Library/Frameworks/AudioToolbox.framework/AudioToolbox
[  5] /Developer/Marmalade/6.2/s3e/deploy/plugins/iphone/sys_libs/System/Library/Frameworks/AddressBook.framework/AddressBook
[  6] /Developer/Marmalade/6.2/s3e/deploy/plugins/iphone/sys_libs/System/Library/Frameworks/UIKit.framework/UIKit
[  7] /Developer/Marmalade/6.2/s3e/deploy/plugins/iphone/sys_libs/System/Library/Frameworks/OpenGLES.framework/OpenGLES
[  8] /Developer/Marmalade/6.2/s3e/deploy/plugins/iphone/sys_libs/System/Library/Frameworks/CoreMedia.framework/CoreMedia
[  9] /Developer/Marmalade/6.2/s3e/deploy/plugins/iphone/sys_libs/System/Library/Frameworks/CoreVideo.framework/CoreVideo
[ 10] /Developer/Marmalade/6.2/s3e/deploy/plugins/iphone/sys_libs/usr/lib/libz.dylib
[ 11] /Developer/Marmalade/6.2/s3e/deploy/plugins/iphone/sys_libs/lib/crt1.o
[ 12] /Developer/Marmalade/6.2/s3e/deploy/plugins/iphone/sys_libs/usr/lib/libSystem.B.dylib
[ 13] /Developer/Marmalade/6.2/s3e/deploy/plugins/iphone/sys_libs/usr/lib/libgcc_s.1.dylib
[ 14] /Developer/Marmalade/6.2/s3e/deploy/plugins/iphone/sys_libs/usr/lib/libstdc++.dylib
[ 15] /Developer/Marmalade/6.2/s3e/deploy/plugins/iphone/sys_libs/usr/lib/libobjc.dylib
[ 16] /Developer/Marmalade/6.2/s3e/deploy/plugins/iphone/sys_libs/System/Library/Frameworks/CoreFoundation.framework/CoreFoundation
[ 17] /Developer/Marmalade/6.2/s3e/loader/ios/libs3e_debug.a(IwScanf.o)
[ 18] /Developer/Marmalade/6.2/s3e/loader/ios/libs3e_debug.a(IwStdarg.o)
[ 19] /Developer/Marmalade/6.2/s3e/loader/ios/libs3e_debug.a(IwStdlib.o)
[ 20] /Developer/Marmalade/6.2/s3e/loader/ios/libs3e_debug.a(IwStdlibGlobals.o)
[ 21] /Developer/Marmalade/6.2/s3e/loader/ios/libs3e_debug.a(strlcpy.o)
[ 22] /Developer/Marmalade/6.2/s3e/loader/ios/libs3e_debug.a(IwS3ERead.o)
[ 23] /Developer/Marmalade/6.2/s3e/loader/ios/libs3e_debug.a(IwS3EReadCheckLicense.o)
[ 24] /Developer/Marmalade/6.2/s3e/loader/ios/libs3e_debug.a(s3eExec.o)
[ 25] /Developer/Marmalade/6.2/s3e/loader/ios/libs3e_debug.a(s3eExec_fibre.o)
[ 26] /Developer/Marmalade/6.2/s3e/loader/ios/libs3e_debug.a(s3eExports_IPHONE.o)
[ 27] /Developer/Marmalade/6.2/s3e/loader/ios/libs3e_debug.a(s3eLoader.o)
[ 28] /Developer/Marmalade/6.2/s3e/loader/ios/libs3e_debug.a(s3eLoaderGeneric.o)
[ 29] /Developer/Marmalade/6.2/s3e/loader/ios/libs3e_debug.a(s3eSplash.o)
[ 30] /Developer/Marmalade/6.2/s3e/loader/ios/libs3e_debug.a(s3eCodeHash.o)
[ 31] /Developer/Marmalade/6.2/s3e/loader/ios/libs3e_debug.a(s3eDataDecode.o)
[ 32] /Developer/Marmalade/6.2/s3e/loader/ios/libs3e_debug.a(s3eExec_platform.o)
[ 33] /Developer/Marmalade/6.2/s3e/loader/ios/libs3e_debug.a(s3eCamera.o)
[ 34] /Developer/Marmalade/6.2/s3e/loader/ios/libs3e_debug.a(s3eCamera_register.o)
[ 35] /Developer/Marmalade/6.2/s3e/loader/ios/libs3e_debug.a(s3eCamera_platform.o)
[ 36] /Developer/Marmalade/6.2/s3e/loader/ios/libs3e_debug.a(s3eCameraCapture.o)
[ 37] /Developer/Marmalade/6.2/s3e/loader/ios/libs3e_debug.a(s3eCameraCapture_register.o)
[ 38] /Developer/Marmalade/6.2/s3e/loader/ios/libs3e_debug.a(s3eCameraCapture_platform.o)
[ 39] /Developer/Marmalade/6.2/s3e/loader/ios/libs3e_debug.a(s3eClipboard_register.o)
[ 40] /Developer/Marmalade/6.2/s3e/loader/ios/libs3e_debug.a(s3eCompass_register.o)
[ 41] /Developer/Marmalade/6.2/s3e/loader/ios/libs3e_debug.a(s3eContacts.o)
[ 42] /Developer/Marmalade/6.2/s3e/loader/ios/libs3e_debug.a(s3eContacts_register.o)
[ 43] /Developer/Marmalade/6.2/s3e/loader/ios/libs3e_debug.a(s3eContacts_platform.o)
[ 44] /Developer/Marmalade/6.2/s3e/loader/ios/libs3e_debug.a(s3eDebugHeap.o)
[ 45] /Developer/Marmalade/6.2/s3e/loader/ios/libs3e_debug.a(s3eDebugHeap_register.o)
[ 46] /Developer/Marmalade/6.2/s3e/loader/ios/libs3e_debug.a(s3eEMail.o)
[ 47] /Developer/Marmalade/6.2/s3e/loader/ios/libs3e_debug.a(s3eEMail_register.o)
[ 48] /Developer/Marmalade/6.2/s3e/loader/ios/libs3e_debug.a(s3eEMail_1.o)
[ 49] /Developer/Marmalade/6.2/s3e/loader/ios/libs3e_debug.a(s3eEMail_platform.o)
[ 50] /Developer/Marmalade/6.2/s3e/loader/ios/libs3e_debug.a(s3eEval.o)
[ 51] /Developer/Marmalade/6.2/s3e/loader/ios/libs3e_debug.a(s3eEval_register.o)
[ 52] /Developer/Marmalade/6.2/s3e/loader/ios/libs3e_debug.a(s3eHighResTimer_register.o)
[ 53] /Developer/Marmalade/6.2/s3e/loader/ios/libs3e_debug.a(s3eIOSBackgroundAudio_register.o)
[ 54] /Developer/Marmalade/6.2/s3e/loader/ios/libs3e_debug.a(s3eIOSBackgroundAudio.o)
[ 55] /Developer/Marmalade/6.2/s3e/loader/ios/libs3e_debug.a(s3eImagePicker.o)
[ 56] /Developer/Marmalade/6.2/s3e/loader/ios/libs3e_debug.a(s3eImagePicker_register.o)
[ 57] /Developer/Marmalade/6.2/s3e/loader/ios/libs3e_debug.a(s3eIOSImagePicker.o)
[ 58] /Developer/Marmalade/6.2/s3e/loader/ios/libs3e_debug.a(s3eImagePicker_platform.o)
[ 59] /Developer/Marmalade/6.2/s3e/loader/ios/libs3e_debug.a(s3eLibrary.o)
[ 60] /Developer/Marmalade/6.2/s3e/loader/ios/libs3e_debug.a(s3eLibrary_dlopen.o)
[ 61] /Developer/Marmalade/6.2/s3e/loader/ios/libs3e_debug.a(s3eLibrary_register.o)
[ 62] /Developer/Marmalade/6.2/s3e/loader/ios/libs3e_debug.a(s3eLocation_register.o)
[ 63] /Developer/Marmalade/6.2/s3e/loader/ios/libs3e_debug.a(s3eOSExec.o)
[ 64] /Developer/Marmalade/6.2/s3e/loader/ios/libs3e_debug.a(s3eOSExec_register.o)
[ 65] /Developer/Marmalade/6.2/s3e/loader/ios/libs3e_debug.a(s3eOSExec_iphone.o)
[ 66] /Developer/Marmalade/6.2/s3e/loader/ios/libs3e_debug.a(s3eOSReadString.o)
[ 67] /Developer/Marmalade/6.2/s3e/loader/ios/libs3e_debug.a(s3eOSReadString_register.o)
[ 68] /Developer/Marmalade/6.2/s3e/loader/ios/libs3e_debug.a(s3eSocketOpt_register.o)
[ 69] /Developer/Marmalade/6.2/s3e/loader/ios/libs3e_debug.a(s3eSoundRecord_register.o)
[ 70] /Developer/Marmalade/6.2/s3e/loader/ios/libs3e_debug.a(s3eTest.o)
[ 71] /Developer/Marmalade/6.2/s3e/loader/ios/libs3e_debug.a(s3eTest_register.o)
[ 72] /Developer/Marmalade/6.2/s3e/loader/ios/libs3e_debug.a(s3eTest_platform.o)
[ 73] /Developer/Marmalade/6.2/s3e/loader/ios/libs3e_debug.a(s3eThread_register.o)
[ 74] /Developer/Marmalade/6.2/s3e/loader/ios/libs3e_debug.a(s3eVFS.o)
[ 75] /Developer/Marmalade/6.2/s3e/loader/ios/libs3e_debug.a(s3eVFS_register.o)
[ 76] /Developer/Marmalade/6.2/s3e/loader/ios/libs3e_debug.a(IwDebug.o)
[ 77] /Developer/Marmalade/6.2/s3e/loader/ios/libs3e_debug.a(IwMemManagerDL.o)
[ 78] /Developer/Marmalade/6.2/s3e/loader/ios/libs3e_debug.a(IwPath.o)
[ 79] /Developer/Marmalade/6.2/s3e/loader/ios/libs3e_debug.a(s3eCompression_platform.o)
[ 80] /Developer/Marmalade/6.2/s3e/loader/ios/libs3e_debug.a(s3eLicense_platform.o)
[ 81] /Developer/Marmalade/6.2/s3e/loader/ios/libs3e_debug.a(s3eSecureStorage_platform.o)
[ 82] /Developer/Marmalade/6.2/s3e/loader/ios/libs3e_debug.a(s3eAccelerometer.o)
[ 83] /Developer/Marmalade/6.2/s3e/loader/ios/libs3e_debug.a(s3eAudio.o)
[ 84] /Developer/Marmalade/6.2/s3e/loader/ios/libs3e_debug.a(s3eBigInt.o)
[ 85] /Developer/Marmalade/6.2/s3e/loader/ios/libs3e_debug.a(s3eCallbacks.o)
[ 86] /Developer/Marmalade/6.2/s3e/loader/ios/libs3e_debug.a(s3eCompass.o)
[ 87] /Developer/Marmalade/6.2/s3e/loader/ios/libs3e_debug.a(s3eCompression.o)
[ 88] /Developer/Marmalade/6.2/s3e/loader/ios/libs3e_debug.a(s3eCompression_lzma.o)
[ 89] /Developer/Marmalade/6.2/s3e/loader/ios/libs3e_debug.a(s3eConfig.o)
[ 90] /Developer/Marmalade/6.2/s3e/loader/ios/libs3e_debug.a(s3eCopyups.o)
[ 91] /Developer/Marmalade/6.2/s3e/loader/ios/libs3e_debug.a(s3eCrypto.o)
[ 92] /Developer/Marmalade/6.2/s3e/loader/ios/libs3e_debug.a(s3eCrypto_generic.o)
[ 93] /Developer/Marmalade/6.2/s3e/loader/ios/libs3e_debug.a(s3eCrypto_sha1.o)
[ 94] /Developer/Marmalade/6.2/s3e/loader/ios/libs3e_debug.a(s3eDebug.o)
[ 95] /Developer/Marmalade/6.2/s3e/loader/ios/libs3e_debug.a(s3eDebugPrint.o)
[ 96] /Developer/Marmalade/6.2/s3e/loader/ios/libs3e_debug.a(s3eDevice.o)
[ 97] /Developer/Marmalade/6.2/s3e/loader/ios/libs3e_debug.a(s3eEdk.o)
[ 98] /Developer/Marmalade/6.2/s3e/loader/ios/libs3e_debug.a(s3eEntry.o)
[ 99] /Developer/Marmalade/6.2/s3e/loader/ios/libs3e_debug.a(s3eError.o)
[100] /Developer/Marmalade/6.2/s3e/loader/ios/libs3e_debug.a(s3eExt.o)
[101] /Developer/Marmalade/6.2/s3e/loader/ios/libs3e_debug.a(s3eFibre.o)
[102] /Developer/Marmalade/6.2/s3e/loader/ios/libs3e_debug.a(s3eFile.o)
[103] /Developer/Marmalade/6.2/s3e/loader/ios/libs3e_debug.a(s3eFile_SystemFS.o)
[104] /Developer/Marmalade/6.2/s3e/loader/ios/libs3e_debug.a(s3eFile_UserFS.o)
[105] /Developer/Marmalade/6.2/s3e/loader/ios/libs3e_debug.a(s3eFile_memory.o)
[106] /Developer/Marmalade/6.2/s3e/loader/ios/libs3e_debug.a(s3eFile_posix.o)
[107] /Developer/Marmalade/6.2/s3e/loader/ios/libs3e_debug.a(s3eGL.o)
[108] /Developer/Marmalade/6.2/s3e/loader/ios/libs3e_debug.a(s3eGlobalLock.o)
[109] /Developer/Marmalade/6.2/s3e/loader/ios/libs3e_debug.a(s3eGlobalsStatic.o)
[110] /Developer/Marmalade/6.2/s3e/loader/ios/libs3e_debug.a(s3eKeyboard.o)
[111] /Developer/Marmalade/6.2/s3e/loader/ios/libs3e_debug.a(s3eLicense.o)
[112] /Developer/Marmalade/6.2/s3e/loader/ios/libs3e_debug.a(s3eLocation.o)
[113] /Developer/Marmalade/6.2/s3e/loader/ios/libs3e_debug.a(s3eMemory.o)
[114] /Developer/Marmalade/6.2/s3e/loader/ios/libs3e_debug.a(s3eMemory_malloc.o)
[115] /Developer/Marmalade/6.2/s3e/loader/ios/libs3e_debug.a(s3ePointer.o)
[116] /Developer/Marmalade/6.2/s3e/loader/ios/libs3e_debug.a(s3eSecureStorage.o)
[117] /Developer/Marmalade/6.2/s3e/loader/ios/libs3e_debug.a(s3eSocket.o)
[118] /Developer/Marmalade/6.2/s3e/loader/ios/libs3e_debug.a(s3eSocket_bsd.o)
[119] /Developer/Marmalade/6.2/s3e/loader/ios/libs3e_debug.a(s3eSound.o)
[120] /Developer/Marmalade/6.2/s3e/loader/ios/libs3e_debug.a(s3eSoundChannel.o)
[121] /Developer/Marmalade/6.2/s3e/loader/ios/libs3e_debug.a(s3eSoundChannelMix.o)
[122] /Developer/Marmalade/6.2/s3e/loader/ios/libs3e_debug.a(s3eSoundMixer.o)
[123] /Developer/Marmalade/6.2/s3e/loader/ios/libs3e_debug.a(s3eSoundRecord.o)
[124] /Developer/Marmalade/6.2/s3e/loader/ios/libs3e_debug.a(s3eStackSwitch.o)
[125] /Developer/Marmalade/6.2/s3e/loader/ios/libs3e_debug.a(s3eStackSwitchGetThunkAddress.o)
[126] /Developer/Marmalade/6.2/s3e/loader/ios/libs3e_debug.a(s3eSurface.o)
[127] /Developer/Marmalade/6.2/s3e/loader/ios/libs3e_debug.a(s3eThread.o)
[128] /Developer/Marmalade/6.2/s3e/loader/ios/libs3e_debug.a(s3eThread_pthread.o)
[129] /Developer/Marmalade/6.2/s3e/loader/ios/libs3e_debug.a(s3eTimer.o)
[130] /Developer/Marmalade/6.2/s3e/loader/ios/libs3e_debug.a(s3eVibra.o)
[131] /Developer/Marmalade/6.2/s3e/loader/ios/libs3e_debug.a(s3eVideo.o)
[132] /Developer/Marmalade/6.2/s3e/loader/ios/libs3e_debug.a(CS_Wrapper.o)
[133] /Developer/Marmalade/6.2/s3e/loader/ios/libs3e_debug.a(GLView.o)
[134] /Developer/Marmalade/6.2/s3e/loader/ios/libs3e_debug.a(MainView.o)
[135] /Developer/Marmalade/6.2/s3e/loader/ios/libs3e_debug.a(s3eAccelerometer_platform.o)
[136] /Developer/Marmalade/6.2/s3e/loader/ios/libs3e_debug.a(s3eAppDelegate.o)
[137] /Developer/Marmalade/6.2/s3e/loader/ios/libs3e_debug.a(s3eAudio_iphone.o)
[138] /Developer/Marmalade/6.2/s3e/loader/ios/libs3e_debug.a(s3eAudio_platform.o)
[139] /Developer/Marmalade/6.2/s3e/loader/ios/libs3e_debug.a(s3eClipboard.o)
[140] /Developer/Marmalade/6.2/s3e/loader/ios/libs3e_debug.a(s3eCompass_iphone.o)
[141] /Developer/Marmalade/6.2/s3e/loader/ios/libs3e_debug.a(s3eConfig_platform.o)
[142] /Developer/Marmalade/6.2/s3e/loader/ios/libs3e_debug.a(s3eCopyups_platform.o)
[143] /Developer/Marmalade/6.2/s3e/loader/ios/libs3e_debug.a(s3eDebug_platform.o)
[144] /Developer/Marmalade/6.2/s3e/loader/ios/libs3e_debug.a(s3eDevice_iphone.o)
[145] /Developer/Marmalade/6.2/s3e/loader/ios/libs3e_debug.a(s3eDevice_platform.o)
[146] /Developer/Marmalade/6.2/s3e/loader/ios/libs3e_debug.a(s3eEdk_iphone.o)
[147] /Developer/Marmalade/6.2/s3e/loader/ios/libs3e_debug.a(s3eEglWrapper.o)
[148] /Developer/Marmalade/6.2/s3e/loader/ios/libs3e_debug.a(s3eGLWrapper.o)
[149] /Developer/Marmalade/6.2/s3e/loader/ios/libs3e_debug.a(s3eGL_platform.o)
[150] /Developer/Marmalade/6.2/s3e/loader/ios/libs3e_debug.a(s3eKeyboard_iphone.o)
[151] /Developer/Marmalade/6.2/s3e/loader/ios/libs3e_debug.a(s3eKeyboard_platform.o)
[152] /Developer/Marmalade/6.2/s3e/loader/ios/libs3e_debug.a(s3eLocation_iphone.o)
[153] /Developer/Marmalade/6.2/s3e/loader/ios/libs3e_debug.a(s3ePointer_platform.o)
[154] /Developer/Marmalade/6.2/s3e/loader/ios/libs3e_debug.a(s3eSocket_iphone.o)
[155] /Developer/Marmalade/6.2/s3e/loader/ios/libs3e_debug.a(s3eSoundRecord_platform.o)
[156] /Developer/Marmalade/6.2/s3e/loader/ios/libs3e_debug.a(s3eSound_platform.o)
[157] /Developer/Marmalade/6.2/s3e/loader/ios/libs3e_debug.a(s3eStaticLink.o)
[158] /Developer/Marmalade/6.2/s3e/loader/ios/libs3e_debug.a(s3eSurface_iphone.o)
[159] /Developer/Marmalade/6.2/s3e/loader/ios/libs3e_debug.a(s3eSurface_platform.o)
[160] /Developer/Marmalade/6.2/s3e/loader/ios/libs3e_debug.a(s3eTrace.o)
[161] /Developer/Marmalade/6.2/s3e/loader/ios/libs3e_debug.a(s3eVibra_platform.o)
[162] /Developer/Marmalade/6.2/s3e/loader/ios/libs3e_debug.a(s3eVideo_iphone.o)
[163] /Developer/Marmalade/6.2/s3e/loader/ios/libs3e_debug.a(s3eVideo_platform.o)
[164] /Developer/Marmalade/6.2/s3e/loader/ios/libs3e_debug.a(s3eCrypto_platform.o)
[165] /Developer/Marmalade/6.2/s3e/loader/ios/libs3e_debug.a(s3eTimer_platform.o)
[166] /Developer/Marmalade/6.2/s3e/loader/ios/libs3e_debug.a(edk_helpers.o)
[167] /Developer/Marmalade/6.2/s3e/loader/ios/libs3e_debug.a(IwLicenseDevice.o)
[168] /Developer/Marmalade/6.2/s3e/loader/ios/libs3e_debug.a(LzmaDec.o)
[169] /Users/davidloewenthal/Projects/HasOffers/HO_API/api/tracking_engine/sdk-marmalade/ios_android/s3eMATSDK/lib/iphone/libs3eMATSDK_d.a(s3eMATSDK.o)
[170] /Users/davidloewenthal/Projects/HasOffers/HO_API/api/tracking_engine/sdk-marmalade/ios_android/s3eMATSDK/lib/iphone/libs3eMATSDK_d.a(s3eMATSDK_register.o)
[171] /Users/davidloewenthal/Projects/HasOffers/HO_API/api/tracking_engine/sdk-marmalade/ios_android/s3eMATSDK/lib/iphone/libs3eMATSDK_d.a(s3eMATSDK_platform.o)
[172] /Users/davidloewenthal/Projects/HasOffers/HO_API/api/tracking_engine/sdk-marmalade/ios_android/s3eMATSDK/lib/iphone/libs3eMATSDK_d.a(MATRequestsQueuePart.o)
[173] /Users/davidloewenthal/Projects/HasOffers/HO_API/api/tracking_engine/sdk-marmalade/ios_android/s3eMATSDK/lib/iphone/libs3eMATSDK_d.a(MATRequestsQueue.o)
[174] /Users/davidloewenthal/Projects/HasOffers/HO_API/api/tracking_engine/sdk-marmalade/ios_android/s3eMATSDK/lib/iphone/libs3eMATSDK_d.a(MATReachability.o)
[175] /Users/davidloewenthal/Projects/HasOffers/HO_API/api/tracking_engine/sdk-marmalade/ios_android/s3eMATSDK/lib/iphone/libs3eMATSDK_d.a(MATKeyStrings.o)
[176] /Users/davidloewenthal/Projects/HasOffers/HO_API/api/tracking_engine/sdk-marmalade/ios_android/s3eMATSDK/lib/iphone/libs3eMATSDK_d.a(MATUtils.o)
[177] /Users/davidloewenthal/Projects/HasOffers/HO_API/api/tracking_engine/sdk-marmalade/ios_android/s3eMATSDK/lib/iphone/libs3eMATSDK_d.a(MATUserAgent.o)
[178] /Users/davidloewenthal/Projects/HasOffers/HO_API/api/tracking_engine/sdk-marmalade/ios_android/s3eMATSDK/lib/iphone/libs3eMATSDK_d.a(MATOpenUDID.o)
[179] /Users/davidloewenthal/Projects/HasOffers/HO_API/api/tracking_engine/sdk-marmalade/ios_android/s3eMATSDK/lib/iphone/libs3eMATSDK_d.a(MATCWorks.o)
[180] /Users/davidloewenthal/Projects/HasOffers/HO_API/api/tracking_engine/sdk-marmalade/ios_android/s3eMATSDK/lib/iphone/libs3eMATSDK_d.a(MATRemoteLogger.o)
[181] /Users/davidloewenthal/Projects/HasOffers/HO_API/api/tracking_engine/sdk-marmalade/ios_android/s3eMATSDK/lib/iphone/libs3eMATSDK_d.a(MATEncrypter.o)
[182] /Users/davidloewenthal/Projects/HasOffers/HO_API/api/tracking_engine/sdk-marmalade/ios_android/s3eMATSDK/lib/iphone/libs3eMATSDK_d.a(MobileAppTracker.o)
[183] /Users/davidloewenthal/Projects/HasOffers/HO_API/api/tracking_engine/sdk-marmalade/ios_android/s3eMATSDK/lib/iphone/libs3eMATSDK_d.a(NSString+MATURLEncoding.o)
[184] /Users/davidloewenthal/Projects/HasOffers/HO_API/api/tracking_engine/sdk-marmalade/ios_android/s3eMATSDK/lib/iphone/libs3eMATSDK_d.a(MATJSONSerializer.o)
[185] /Users/davidloewenthal/Projects/HasOffers/HO_API/api/tracking_engine/sdk-marmalade/ios_android/s3eMATSDK/lib/iphone/libs3eMATSDK_d.a(MATConnectionManager.o)
# Sections:
# Address	Size    	Segment	Section
0x00003900	0x0008B104	__TEXT	__text
0x0008EA04	0x000018F0	__TEXT	__symbol_stub4
0x000902F4	0x000149BB	__TEXT	__cstring
0x000A4CAF	0x0000037A	__TEXT	__objc_classname
0x000A5029	0x00004AFC	__TEXT	__objc_methname
0x000A9B25	0x00000A62	__TEXT	__objc_methtype
0x000AA600	0x00000360	__TEXT	__gcc_except_tab
0x000AA960	0x00001440	__TEXT	__const
0x000ABE00	0x00000004	__TEXT	__stub_helper
0x000ABF00	0x00000004	__TEXT	__symbolstub1
0x08000000	0x0000001C	__DATA	__dyld
0x0800001C	0x00000FAC	__DATA	__nl_symbol_ptr
0x08000FC8	0x00000850	__DATA	__la_symbol_ptr
0x08001818	0x00000008	__DATA	__mod_init_func
0x08001820	0x0000007C	__DATA	__objc_classlist
0x0800189C	0x0000000C	__DATA	__objc_catlist
0x080018A8	0x00000040	__DATA	__objc_protolist
0x080018E8	0x00000008	__DATA	__objc_imageinfo
0x080018F0	0x00003BE8	__DATA	__objc_const
0x080054D8	0x000009B8	__DATA	__objc_selrefs
0x08005E90	0x00000160	__DATA	__objc_classrefs
0x08005FF0	0x00000050	__DATA	__objc_superrefs
0x08006040	0x000004D8	__DATA	__objc_data
0x08006520	0x00000B48	__DATA	__data
0x08007068	0x00001170	__DATA	__cfstring
0x080081D8	0x00000190	__DATA	__objc_ivar
0x08008370	0x00000C78	__DATA	__const
0x08008FF0	0x00000C88	__DATA	__bss
0x08009C80	0x0000A058	__DATA	__common
0x08600000	0x00000004	__S3E_DATA	s3e_data
# Symbols:
# Address	Size    	File  Name
0x00003900	0x0000004C	[ 11] start
0x0000394C	0x00000020	[ 11] dyld_stub_binding_helper
0x0000396C	0x0000026C	[ 17] __Z6strtodPKcPPc
0x00003BD8	0x000000CC	[ 17] __Z20iw__strtold_internalPKcPPci
0x00003CA4	0x00001BFC	[ 17] __Z11__IwVfscanfP12InternalFilePKcPv
0x000058A0	0x00000058	[ 17] _IwSscanf
0x000058F8	0x00000178	[ 17] __ZN12InternalFile6readchEv
0x00005A70	0x0000068C	[ 18] __ZL6numberP12InternalFilexiiii
0x000060FC	0x000015C8	[ 18] __ZL12__IwvfprintfP12InternalFilePKcPv
0x000076C4	0x0000005C	[ 18] _IwVsnprintf
0x00007720	0x00000078	[ 18] _IwSnprintf
0x00007798	0x00000058	[ 18] _IwSprintf
0x000077F0	0x000000F0	[ 18] __ZN12InternalFile4tellEv
0x000078E0	0x0000001C	[ 19] _IwStrcpy
0x000078FC	0x00000024	[ 19] _IwStrcat
0x00007920	0x0000003C	[ 19] _IwStrncat
0x0000795C	0x00000048	[ 19] _IwStrncpy
0x000079A4	0x0000005C	[ 19] _IwStrstr
0x00007A00	0x0000003C	[ 19] _IwStrnlen
0x00007A3C	0x00000030	[ 19] _IwWcslen
0x00007A6C	0x000001E0	[ 19] _IwStrtol
0x00007C4C	0x00000018	[ 19] _IwAtoi
0x00007C64	0x00000048	[ 19] _IwMemmove
0x00007CAC	0x0000003C	[ 19] _IwMemset
0x00007CE8	0x00000030	[ 19] _IwBzero
0x00007D18	0x0000002C	[ 19] _IwMemcmp
0x00007D44	0x000000C8	[ 19] _IwStrcmp
0x00007E0C	0x000000A8	[ 19] _IwStrncmp
0x00007EB4	0x00000014	[ 19] _IwToupper
0x00007EC8	0x0000011C	[ 19] _IwStrncmpi
0x00007FE4	0x000000D4	[ 19] _IwStrcmpi
0x000080B8	0x00000120	[ 19] _IwStrtoul
0x000081D8	0x00000014	[ 19] _IwTolower
0x000081EC	0x000000A8	[ 19] _IwStrtok
0x00008294	0x00000238	[ 19] __Z13_IwTimeFormatPcjPKcPK2tmi
0x000084CC	0x00000434	[ 19] _IwTimeFormat
0x00008900	0x00000044	[ 19] _IwStrrchr
0x00008944	0x0000002C	[ 21] _IwStrchr
0x00008970	0x00000030	[ 21] _IwStrlen
0x000089A0	0x00000164	[ 21] _IwMemcpy
0x00008B04	0x00000070	[ 21] _strlcpy
0x00008B74	0x000000E0	[ 21] _strlcat
0x00008C54	0x00000018	[ 22] __Z17IwS3ECheckLicenseP5IwS3E
0x00008C6C	0x000005A4	[ 23] __Z25IwS3EReadCheckLicenseDataP19IwS3EAdditionalDatai
0x00009210	0x00000008	[ 24] __ZN13CS3EExecStack5CountEv
0x00009218	0x00000010	[ 24] _s3eExecSetProgressCallback
0x00009228	0x00000068	[ 24] _s3eExecLookupSymbol
0x00009290	0x0000001C	[ 24] _s3eExecGetExecutable
0x000092AC	0x000000CC	[ 24] _s3eExecInsufficientMemory
0x00009378	0x000000C0	[ 24] __ZN13CS3EExecStack4DumpEv
0x00009438	0x000000B8	[ 24] _s3eExecReadConfigFile
0x000094F0	0x000000A8	[ 24] _s3eExecReadConfigFromS3EFiles
0x00009598	0x00000270	[ 24] _s3eExecReadConfigFiles
0x00009808	0x0000008C	[ 24] __ZL18copy_config_stringRPcPKc
0x00009894	0x00000134	[ 24] __ZN13CS3EExecStack3PopEv
0x000099C8	0x000000C8	[ 24] __ZN13CS3EExecStack8PeekRootEv
0x00009A90	0x0000006C	[ 24] _s3eExecTerminate
0x00009AFC	0x00000414	[ 24] __ZL20s3eExecInit_internalPKc
0x00009F10	0x00000054	[ 24] _s3eExecInit
0x00009F64	0x00000238	[ 24] _s3eExecExecute
0x0000A19C	0x00000328	[ 24] _s3eExecDoExecuteLoop
0x0000A4C4	0x0000017C	[ 24] __ZN13CS3EExecStack4PushEPKcS1_S1_S1_
0x0000A640	0x0000022C	[ 24] _s3eExecPushNext
0x0000A86C	0x0000010C	[ 25] _s3eExecStart
0x0000A978	0x00000150	[ 25] _s3eExecExit
0x0000AAC8	0x000020D8	[ 26] _s3eGetSymbolsInfo_internal
0x0000CBA0	0x000000C0	[ 27] _s3eLoaderRun
0x0000CC60	0x000000C0	[ 27] _s3eLoaderMain
0x0000CD20	0x00000010	[ 28] _AdelanteMain
0x0000CD30	0x00000250	[ 29] __Z19s3eProgressCallbacki
0x0000CF80	0x000000FC	[ 29] __Z12ClearSurfacehhh
0x0000D07C	0x0000019C	[ 29] __Z24PopulateSplashScreenDataPcP16SplashScreenData
0x0000D218	0x0000051C	[ 29] __Z22s3eShowAppSplashScreenv
0x0000D734	0x00000164	[ 29] __ZL21s3eVerifySplashScreenRK12SplashScreen
0x0000D898	0x0000024C	[ 29] __Z24s3eShowBrandSplashScreenv
0x0000DAE4	0x0000037C	[ 29] __Z17s3eShowEvalSplashv
0x0000DE60	0x00000200	[ 29] __Z18s3eShowDebugSplashv
0x0000E060	0x000000F8	[ 29] __Z24s3eInitiateSplashScreensv
0x0000E158	0x000000C0	[ 30] __Z19s3eLoaderGetSectionPKc
0x0000E218	0x00000210	[ 30] __Z14s3eGetCodeHashv
0x0000E428	0x000000AC	[ 31] __Z13s3eDecodeDataj
0x0000E4D4	0x000001BC	[ 32] _s3eExecSetupPaths
0x0000E690	0x00000048	[ 33] __Z13s3eCameraInitv
0x0000E6D8	0x000001BC	[ 33] __Z20yuv420nv12_to_rgb565iiPhPt
0x0000E894	0x0000013C	[ 33] __Z20yuv420nv21_to_rgb565iiPhPt
0x0000E9D0	0x00000200	[ 33] __Z16s3eCameraGotDataP18s3eCameraFrameDataPv
0x0000EBD0	0x00000028	[ 33] _s3eCameraIsFormatSupported
0x0000EBF8	0x00000010	[ 33] _s3eCameraSetInt
0x0000EC08	0x00000010	[ 33] _s3eCameraGetInt
0x0000EC18	0x00000094	[ 33] _s3eCameraStop
0x0000ECAC	0x0000014C	[ 33] _s3eCameraStart
0x0000EDF8	0x000000B4	[ 33] __Z18s3eCameraTerminatev
0x0000EEAC	0x00000008	[ 34] _s3eCameraGetErrorString
0x0000EEB4	0x000000E8	[ 34] __Z20s3eCameraRegisterExtv
0x0000EF9C	0x0000003C	[ 34] _s3eCameraRegister
0x0000EFD8	0x00000034	[ 34] _s3eCameraUnRegister
0x0000F00C	0x00000018	[ 34] _s3eCameraGetError
0x0000F024	0x0000007C	[ 35] __Z22s3eCameraInit_platformv
0x0000F0A0	0x00000004	[ 35] __Z27s3eCameraTerminate_platformv
0x0000F0A4	0x00000014	[ 35] __Z35s3eCameraIsFormatSupported_platform18s3eCameraPixelType
0x0000F0B8	0x00000054	[ 35] __ZL14camera_cleanupPv
0x0000F10C	0x00000074	[ 35] -[s3eCameraDelegate stopCaptureSession]
0x0000F180	0x0000003C	[ 35] -[s3eCameraDelegate onVideoStart:]
0x0000F1BC	0x0000003C	[ 35] -[s3eCameraDelegate onVideoStop:]
0x0000F1F8	0x0000003C	[ 35] -[s3eCameraDelegate onVideoError:]
0x0000F234	0x0000002C	[ 35] __Z18s3eCameraStop_realv
0x0000F260	0x000000E8	[ 35] __Z19s3eCameraStart_real26s3eCameraStreamingSizeHint18s3eCameraPixelType20s3eCameraQualityHint
0x0000F348	0x00000288	[ 35] -[s3eCameraDelegate captureOutput:didOutputSampleBuffer:fromConnection:]
0x0000F5D0	0x00000224	[ 35] -[s3eCameraDelegate dealloc]
0x0000F7F4	0x00000590	[ 35] -[s3eCameraDelegate setupCaptureSession:pixelType:qualityHint:]
0x0000FD84	0x0000007C	[ 35] __Z24s3eCameraSetInt_platform17s3eCameraPropertyi
0x0000FE00	0x000000C8	[ 35] __Z24s3eCameraGetInt_platform17s3eCameraProperty
0x0000FEC8	0x0000007C	[ 35] __Z23s3eCameraStart_platform26s3eCameraStreamingSizeHint18s3eCameraPixelType20s3eCameraQualityHint
0x0000FF44	0x0000004C	[ 35] __Z22s3eCameraStop_platformv
0x0000FF90	0x00000010	[ 36] __Z20s3eCameraCaptureInitv
0x0000FFA0	0x00000058	[ 36] _s3eCameraCaptureRelease
0x0000FFF8	0x00000010	[ 36] _s3eCameraCaptureIsFormatSupported
0x00010008	0x00000040	[ 36] _s3eCameraCaptureToBuffer
0x00010048	0x00000070	[ 36] _s3eCameraCaptureToFile
0x000100B8	0x00000010	[ 36] __Z25s3eCameraCaptureTerminatev
0x000100C8	0x00000008	[ 37] _s3eCameraCaptureGetErrorString
0x000100D0	0x000000C4	[ 37] __Z27s3eCameraCaptureRegisterExtv
0x00010194	0x00000018	[ 37] _s3eCameraCaptureGetError
0x000101AC	0x00000128	[ 38] __Z25createCameraCaptureResultP6NSDataPK10__CFString
0x000102D4	0x00000004	[ 38] __Z34s3eCameraCaptureTerminate_platformv
0x000102D8	0x00000054	[ 38] __Z29s3eCameraCaptureInit_platformv
0x0001032C	0x00000218	[ 38] __Z24s3eCameraCapture_generic22s3eCameraCaptureFormatbPci
0x00010544	0x0000003C	[ 38] __Z33s3eCameraCaptureToBuffer_platform22s3eCameraCaptureFormat
0x00010580	0x00000090	[ 38] __Z31s3eCameraCaptureToFile_platformPci22s3eCameraCaptureFormat
0x00010610	0x00000098	[ 38] __Z42s3eCameraCaptureIsFormatSupported_platform22s3eCameraCaptureFormat
0x000106A8	0x00000008	[ 39] _s3eClipboardGetErrorString
0x000106B0	0x00000090	[ 39] __Z23s3eClipboardRegisterExtv
0x00010740	0x00000018	[ 39] _s3eClipboardGetError
0x00010758	0x00000058	[ 39] __ZL24s3eClipboardSetText_wrapPKc
0x000107B0	0x00000060	[ 39] __ZL24s3eClipboardGetText_wrapPci
0x00010810	0x000000D4	[ 40] __Z21s3eCompassRegisterExtv
0x000108E4	0x0000001C	[ 41] __Z15s3eContactsInitv
0x00010900	0x0000038C	[ 41] _s3eContactsGetFieldName
0x00010C8C	0x00000074	[ 41] _s3eContactsSimpleFieldMatch_internal
0x00010D00	0x00000010	[ 41] _s3eContactsDelete
0x00010D10	0x00000010	[ 41] _s3eContactsCreate
0x00010D20	0x00000010	[ 41] _s3eContactsGetNumEntries
0x00010D30	0x00000010	[ 41] _s3eContactsGetMaxEntries
0x00010D40	0x00000010	[ 41] _s3eContactsFieldSupported
0x00010D50	0x00000010	[ 41] _s3eContactsGetNumRecords
0x00010D60	0x0000001C	[ 41] _s3eContactsSetField
0x00010D7C	0x00000028	[ 41] _s3eContactsGetField
0x00010DA4	0x00000010	[ 41] _s3eContactsGetUID
0x00010DB4	0x00000010	[ 41] _s3eContactsSimpleSearch
0x00010DC4	0x00000010	[ 41] _s3eContactsUpdate
0x00010DD4	0x00000034	[ 41] _s3eContactsGetInt
0x00010E08	0x00000010	[ 41] __Z20s3eContactsTerminatev
0x00010E18	0x00000008	[ 42] _s3eContactsGetErrorString
0x00010E20	0x00000150	[ 42] __Z22s3eContactsRegisterExtv
0x00010F70	0x00000018	[ 42] _s3eContactsGetError
0x00010F88	0x00000008	[ 43] _s3eContactsInit_platform
0x00010F90	0x00000010	[ 43] _s3eContactsGetInt_platform
0x00010FA0	0x00000010	[ 43] _s3eContactsGetNumRecords_platform
0x00010FB0	0x0000001C	[ 43] _s3eContactsTerminate_platform
0x00010FCC	0x00000030	[ 43] ___tcf_1
0x00010FFC	0x00000030	[ 43] ___tcf_0
0x0001102C	0x00000058	[ 43] _s3eContactsGetUID_platform
0x00011084	0x000002E4	[ 43] _s3eContactsDelete_platform
0x00011368	0x0000033C	[ 43] _s3eContactsCreate_platform
0x000116A4	0x00000D28	[ 43] __ZL16GetExtFieldEntry16s3eContactsFieldP10FieldEntry
0x000123CC	0x00000050	[ 43] _s3eContactsGetMaxEntries_platform
0x0001241C	0x0000005C	[ 43] _s3eContactsFieldSupported_platform
0x00012478	0x00000184	[ 43] __ZL22MultiValueLabelMatchesPKviPK10__CFStringS3_
0x000125FC	0x00000428	[ 43] __ZL13GetNumEntriesPKv16s3eContactsField
0x00012A24	0x0000022C	[ 43] _s3eContactsGetNumEntries_platform
0x00012C50	0x000001C4	[ 43] __ZL20GetValueIndexByLabelPKviPK10__CFStringS3_
0x00012E14	0x000000C8	[ 43] __ZL16CFStringToBufferPK10__CFStringPci
0x00012EDC	0x00000864	[ 43] __ZL17GetField_internalPKv16s3eContactsFieldiPci
0x00013740	0x00000238	[ 43] _s3eContactsGetField_platform
0x00013978	0x000002FC	[ 43] _s3eContactsUpdate_platform
0x00013C74	0x00000518	[ 43] _s3eContactsSimpleSearch_platform
0x0001418C	0x00000F98	[ 43] _s3eContactsSetField_platform
0x00015124	0x00000064	[ 43] __GLOBAL__I_g_UIDList
0x00015188	0x000000D8	[ 43] __ZN8CIwArrayIi12CIwAllocatorIi15CIwMallocRouterIiEE17ReallocateDefaultIiS3_EE8truncateEj
0x00015260	0x000000D8	[ 43] __ZN8CIwArrayI10FieldEntry12CIwAllocatorIS0_15CIwMallocRouterIS0_EE17ReallocateDefaultIS0_S4_EE8truncateEj
0x00015338	0x000000F4	[ 43] __ZNK8CIwArrayI10FieldEntry12CIwAllocatorIS0_15CIwMallocRouterIS0_EE17ReallocateDefaultIS0_S4_EEixEi
0x0001542C	0x000000F0	[ 43] __ZNK8CIwArrayIi12CIwAllocatorIi15CIwMallocRouterIiEE17ReallocateDefaultIiS3_EEixEi
0x0001551C	0x00000290	[ 43] __ZN8CIwArrayIi12CIwAllocatorIi15CIwMallocRouterIiEE17ReallocateDefaultIiS3_EE12set_capacityEj
0x000157AC	0x00000104	[ 43] __ZN8CIwArrayIi12CIwAllocatorIi15CIwMallocRouterIiEE17ReallocateDefaultIiS3_EE13push_back_qtyEi
0x000158B0	0x000001F0	[ 43] __ZN8CIwArrayIi12CIwAllocatorIi15CIwMallocRouterIiEE17ReallocateDefaultIiS3_EE9push_backERKi
0x00015AA0	0x00000294	[ 43] __ZN8CIwArrayI10FieldEntry12CIwAllocatorIS0_15CIwMallocRouterIS0_EE17ReallocateDefaultIS0_S4_EE12set_capacityEj
0x00015D34	0x00000158	[ 43] __ZN8CIwArrayI10FieldEntry12CIwAllocatorIS0_15CIwMallocRouterIS0_EE17ReallocateDefaultIS0_S4_EE13push_back_qtyEi
0x00015E8C	0x0000001C	[ 44] _s3eExtDebugHeapSize
0x00015EA8	0x000000BC	[ 44] _s3eExtDebugHeap
0x00015F64	0x00000090	[ 45] __Z23s3eDebugHeapRegisterExtv
0x00015FF4	0x00000010	[ 46] _s3eEMailCanSendMail
0x00016004	0x00000010	[ 46] _s3eEMailSendMail
0x00016014	0x00000060	[ 47] __Z19s3eEMailRegisterExtv
0x00016074	0x000000E0	[ 48] _s3eEMailSendMail_platform_mm
0x00016154	0x00000324	[ 48] __ZL13SendMail_realv
0x00016478	0x00000034	[ 48] _s3eEMailCanSendMail_platform_mm
0x000164AC	0x000000CC	[ 48] __ZL21CStringArrayToNSArrayPPKcj
0x00016578	0x00000010	[ 49] _s3eEMailCanSendMail_platform
0x00016588	0x00000010	[ 49] _s3eEMailSendMail_platform
0x00016598	0x00000020	[ 50] _s3eIsEvalVersion
0x000165B8	0x00000008	[ 50] _s3eLicenseCheck
0x000165C0	0x00000090	[ 51] __Z18s3eEvalRegisterExtv
0x00016650	0x00000054	[ 52] __Z26s3eHighResTimerRegisterExtv
0x000166A4	0x000000B4	[ 53] __Z32s3eIOSBackgroundAudioRegisterExtv
0x00016758	0x000000F0	[ 54] _s3eIOSBackgroundAudioIsPlaying
0x00016848	0x0000006C	[ 55] __Z18s3eImagePickerInitv
0x000168B4	0x00000068	[ 55] _s3eImagePickerSaveToGallery
0x0001691C	0x00000064	[ 55] _s3eImagePickerGetIndex
0x00016980	0x00000068	[ 55] _s3eImagePickerReset
0x000169E8	0x000000F4	[ 55] __Z22ImagePicker_IsFileTypePKcS0_
0x00016ADC	0x0000011C	[ 55] __Z21ImagePicker_AddResultR20s3eImagePickerResult
0x00016BF8	0x0000005C	[ 55] _s3eImagePickerGetCount
0x00016C54	0x0000008C	[ 55] _s3eImagePickerToBuffer
0x00016CE0	0x0000008C	[ 55] _s3eImagePickerToFilePath
0x00016D6C	0x0000006C	[ 55] __Z23s3eImagePickerTerminatev
0x00016DD8	0x00000008	[ 56] _s3eImagePickerGetErrorString
0x00016DE0	0x000000E8	[ 56] __Z25s3eImagePickerRegisterExtv
0x00016EC8	0x00000018	[ 56] _s3eImagePickerGetError
0x00016EE0	0x000000BC	[ 57] __Z12clearPopoverv
0x00016F9C	0x00000018	[ 57] -[myPopoverDelegate popoverControllerShouldDismissPopover:]
0x00016FB4	0x00000018	[ 57] -[myPopoverDelegate m_CanBeDismissed]
0x00016FCC	0x00000014	[ 57] -[myPopoverDelegate setM_CanBeDismissed:]
0x00016FE0	0x00000014	[ 57] -[s3eUIImagePickerControllerDelegate m_DeviceID]
0x00016FF4	0x00000014	[ 57] -[s3eUIImagePickerControllerDelegate setM_DeviceID:]
0x00017008	0x00000014	[ 57] -[s3eUIImagePickerControllerDelegate m_OutFilePath]
0x0001701C	0x00000014	[ 57] -[s3eUIImagePickerControllerDelegate setM_OutFilePath:]
0x00017030	0x00000014	[ 57] -[s3eUIImagePickerControllerDelegate m_FileDataOutputFn]
0x00017044	0x00000014	[ 57] -[s3eUIImagePickerControllerDelegate setM_FileDataOutputFn:]
0x00017058	0x00000014	[ 57] -[s3eUIImagePickerControllerDelegate m_BufferDataOutputFn]
0x0001706C	0x00000014	[ 57] -[s3eUIImagePickerControllerDelegate setM_BufferDataOutputFn:]
0x00017080	0x00000014	[ 57] -[s3eUIImagePickerControllerDelegate m_InGUI]
0x00017094	0x00000014	[ 57] -[s3eUIImagePickerControllerDelegate setM_InGUI:]
0x000170A8	0x00000014	[ 57] -[s3eUIImagePickerControllerDelegate m_Result]
0x000170BC	0x00000014	[ 57] -[s3eUIImagePickerControllerDelegate setM_Result:]
0x000170D0	0x00000014	[ 57] -[s3eUIImagePickerControllerDelegate m_ImageOutputType]
0x000170E4	0x00000014	[ 57] -[s3eUIImagePickerControllerDelegate setM_ImageOutputType:]
0x000170F8	0x00000014	[ 57] -[s3eUIImagePickerControllerDelegate m_OutFilePathLen]
0x0001710C	0x00000014	[ 57] -[s3eUIImagePickerControllerDelegate setM_OutFilePathLen:]
0x00017120	0x00000014	[ 57] -[s3eUIImagePickerControllerDelegate m_ToFile]
0x00017134	0x00000014	[ 57] -[s3eUIImagePickerControllerDelegate setM_ToFile:]
0x00017148	0x00000040	[ 57] -[s3eUIGalleryImage init]
0x00017188	0x00000034	[ 57] -[s3eUIGalleryImage setImage:]
0x000171BC	0x00000020	[ 57] -[s3eUIGalleryImage image]
0x000171DC	0x000001AC	[ 57] -[s3eUIGalleryImage image:didFinishSavingWithError:contextInfo:]
0x00017388	0x00000074	[ 57] -[s3eUIGalleryImage dealloc]
0x000173FC	0x000000C4	[ 57] -[myPopoverDelegate popoverControllerDidDismissPopover:]
0x000174C0	0x000000C0	[ 57] -[s3eUIImagePickerController dealloc]
0x00017580	0x00000124	[ 57] -[s3eUIImagePickerControllerDelegate init]
0x000176A4	0x00000034	[ 57] -[s3eUIImagePickerControllerDelegate setM_Picker:]
0x000176D8	0x00000020	[ 57] -[s3eUIImagePickerControllerDelegate m_Picker]
0x000176F8	0x00000034	[ 57] -[s3eUIImagePickerControllerDelegate setM_Info:]
0x0001772C	0x00000020	[ 57] -[s3eUIImagePickerControllerDelegate m_Info]
0x0001774C	0x000000AC	[ 57] -[s3eUIImagePickerControllerDelegate imagePickerControllerDidCancel:]
0x000177F8	0x00000108	[ 57] -[s3eUIImagePickerControllerDelegate imagePickerController:didFinishPickingMediaWithInfo:]
0x00017900	0x00000A58	[ 57] -[s3eUIImagePickerControllerDelegate applySelectedImage]
0x00018358	0x000000A4	[ 57] -[s3eUIImagePickerControllerDelegate dealloc]
0x000183FC	0x00000028	[ 57] __Z32s3eImagePickerApplySelectedMediav
0x00018424	0x0000014C	[ 57] __Z36s3eIOSImagePickerIsObjCTypeSupportedPK10__CFStringi
0x00018570	0x0000060C	[ 57] __Z35s3eIOSImagePickerSaveToGallery_realbbPKviPvi
0x00018B7C	0x00000470	[ 57] __Z22s3eIOSImagePicker_realiiaP7NSArrayPK10__CFStringbPbPiPciPF9s3eResultP6NSDataS3_EPFS7_S6_S3_E
0x00018FEC	0x00000004	[ 58] __Z32s3eImagePickerTerminate_platformv
0x00018FF0	0x00000158	[ 58] __Z36s3eImagePickerSaveToGallery_platformPK20s3eImagePickerResultPFvPS_P19s3eImagePickerErrorE
0x00019148	0x00000054	[ 58] __Z27s3eImagePickerInit_platformv
0x0001919C	0x0000034C	[ 58] __Z22s3eImagePicker_generic20s3eImagePickerFormatb
0x000194E8	0x000000AC	[ 58] __Z27createImagePickerResultFilePcPK10__CFString
0x00019594	0x000000C0	[ 58] __Z29createImagePickerResultBufferP6NSDataPK10__CFString
0x00019654	0x00000054	[ 58] __Z31s3eImagePickerToBuffer_platform20s3eImagePickerFormati
0x000196A8	0x00000054	[ 58] __Z33s3eImagePickerToFilePath_platform20s3eImagePickerFormati
0x000196FC	0x00000010	[ 59] _s3eLibraryOpen
0x0001970C	0x00000010	[ 59] _s3eLibraryGetErrorString
0x0001971C	0x00000010	[ 59] _s3eLibraryClose
0x0001972C	0x00000010	[ 59] _s3eLibraryGetSymbol
0x0001973C	0x000000DC	[ 60] _s3eLibraryOpen_platform
0x00019818	0x00000038	[ 60] _s3eLibraryError_platform
0x00019850	0x0000002C	[ 60] _s3eLibraryClose_platform
0x0001987C	0x000000C4	[ 60] _s3eLibraryGetSymbol_platform
0x00019940	0x000000D8	[ 61] __Z21s3eLibraryRegisterExtv
0x00019A18	0x00000008	[ 62] _s3eLocationGetErrorString
0x00019A20	0x00000118	[ 62] __Z22s3eLocationRegisterExtv
0x00019B38	0x0000003C	[ 62] _s3eLocationRegister
0x00019B74	0x00000034	[ 62] _s3eLocationUnRegister
0x00019BA8	0x00000018	[ 62] _s3eLocationGetError
0x00019BC0	0x00000050	[ 62] __ZL21s3eLocationStart_wrapv
0x00019C10	0x00000050	[ 62] __ZL20s3eLocationStop_wrapv
0x00019C60	0x000000C0	[ 63] _s3eOSExecExecute
0x00019D20	0x0000007C	[ 64] __Z20s3eOSExecRegisterExtv
0x00019D9C	0x00000098	[ 65] __Z25s3eOSExecExecute_platformPKch
0x00019E34	0x0000001C	[ 66] _s3eOSReadStringUTF8
0x00019E50	0x00000010	[ 66] _s3eOSReadStringUTF8WithDefault
0x00019E60	0x00000070	[ 67] __Z26s3eOSReadStringRegisterExtv
0x00019ED0	0x00000090	[ 68] __Z23s3eSocketOptRegisterExtv
0x00019F60	0x00000008	[ 69] _s3eSoundRecordGetErrorString
0x00019F68	0x000000B8	[ 69] __Z25s3eSoundRecordRegisterExtv
0x0001A020	0x00000018	[ 69] _s3eSoundRecordGetError
0x0001A038	0x00000060	[ 69] __ZL24s3eSoundRecordStart_wrapPFiPvS_ES_
0x0001A098	0x00000050	[ 69] __ZL23s3eSoundRecordStop_wrapv
0x0001A0E8	0x00000008	[ 70] __Z11s3eTestInitv
0x0001A0F0	0x00000004	[ 70] __Z16s3eTestTerminatev
0x0001A0F4	0x00000008	[ 70] _s3eExtTestSimulateMultipleSuspendResume
0x0001A0FC	0x00000008	[ 70] _s3eExtTestQueryMultipleSuspendResumeFinished
0x0001A104	0x00000004	[ 70] _s3eExtTestPostRotate
0x0001A108	0x00000004	[ 70] _s3eTestLock
0x0001A10C	0x00000004	[ 70] _s3eTestNoLock
0x0001A110	0x000000E8	[ 70] _s3eTestOSThreadCallback
0x0001A1F8	0x000000E0	[ 70] __Z16dispatchCallbackv
0x0001A2D8	0x0000012C	[ 70] __Z7cleanupv
0x0001A404	0x00000064	[ 70] __Z10callbackFnPvS_
0x0001A468	0x0000002C	[ 70] _s3eExtTestRunOnOSThread
0x0001A494	0x0000016C	[ 70] _s3eExtTestStackSwitch
0x0001A600	0x00000068	[ 70] _s3eExtTestDoCallback
0x0001A668	0x00000008	[ 71] _s3eTestGetErrorString
0x0001A670	0x000001F8	[ 71] __Z18s3eTestRegisterExtv
0x0001A868	0x0000003C	[ 71] _s3eTestRegister
0x0001A8A4	0x00000034	[ 71] _s3eTestUnRegister
0x0001A8D8	0x00000018	[ 71] _s3eTestGetError
0x0001A8F0	0x00000050	[ 71] __ZL29s3eExtTestTakeScreenShot_wrapv
0x0001A940	0x00000058	[ 71] __ZL32s3eExtTestReleaseScreenShot_wrapP17s3eTestScreenShot
0x0001A998	0x0000006C	[ 72] _s3eExtTestDoOSWait
0x0001AA04	0x0000002C	[ 72] _s3eExtTestReleaseScreenShot
0x0001AA30	0x0000004C	[ 72] _s3eExtTestSimulateSuspendResume
0x0001AA7C	0x00000124	[ 72] __Z12GetImageDataP7UIImageP17s3eTestScreenShot
0x0001ABA0	0x000000FC	[ 72] _s3eExtTestTakeScreenShot
0x0001AC9C	0x00000008	[ 73] _s3eThreadGetErrorString
0x0001ACA4	0x000001AC	[ 73] __Z20s3eThreadRegisterExtv
0x0001AE50	0x00000018	[ 73] _s3eThreadGetError
0x0001AE68	0x00000008	[ 74] __Z10s3eVFSInitv
0x0001AE70	0x00000004	[ 74] __Z15s3eVFSTerminatev
0x0001AE74	0x00000010	[ 74] _s3eVFSUnmount
0x0001AE84	0x00000010	[ 74] _s3eVFSMount
0x0001AE94	0x00000008	[ 75] _s3eVFSGetErrorString
0x0001AE9C	0x00000098	[ 75] __Z17s3eVFSRegisterExtv
0x0001AF34	0x00000018	[ 75] _s3eVFSGetError
0x0001AF4C	0x00000070	[ 76] _IwDebugClearConfigCache
0x0001AFBC	0x00000020	[ 76] _IwAssertRegisterTextCallback
0x0001AFDC	0x00000014	[ 76] _IwDebugAssertSetUID
0x0001AFF0	0x000000E4	[ 76] _IwDebugErrorShow
0x0001B0D4	0x00000030	[ 76] _IwDebugTraceSetTraceChannel
0x0001B104	0x00000120	[ 76] _IwDebugTraceLineVPrintf
0x0001B224	0x00000034	[ 76] _IwDebugTraceLinePrintf
0x0001B258	0x000001AC	[ 76] _IwDebugTraceIsChannelOn
0x0001B404	0x00000124	[ 76] _IwDebugTraceChannelSwitch
0x0001B528	0x00000190	[ 76] _IwDebugAssertIsChannelOn
0x0001B6B8	0x00000100	[ 76] _IwDebugAssertSetMessage
0x0001B7B8	0x000000AC	[ 76] _IwDebugAssertSetSolution
0x0001B864	0x00000240	[ 76] _IwDebugAssertShow
0x0001BAA4	0x0000037C	[ 77] __Z14do_check_chunkP12malloc_chunkP12malloc_state
0x0001BE20	0x00000010	[ 77] _DL_Malloc_setnoncontiguous
0x0001BE30	0x00000134	[ 77] __Z18DL_Malloc_MORECOREP12malloc_statel
0x0001BF64	0x000007B0	[ 77] __Z19do_check_free_chunkP12malloc_chunkP12malloc_state
0x0001C714	0x00000384	[ 77] __Z20do_check_inuse_chunkP12malloc_chunkP12malloc_state
0x0001CA98	0x00000E30	[ 77] __Z21do_check_malloc_stateP12malloc_state
0x0001D8C8	0x000001A0	[ 77] _DL_Malloc_malloc_consolidate
0x0001DA68	0x0000013C	[ 77] _DL_Malloc_mallinfo
0x0001DBA4	0x00000168	[ 77] _DL_Malloc_free
0x0001DD0C	0x000003DC	[ 77] __Z25do_check_remalloced_chunkP12malloc_chunkjP12malloc_state
0x0001E0E8	0x000000D0	[ 77] __Z23do_check_malloced_chunkP12malloc_chunkjP12malloc_state
0x0001E1B8	0x00000774	[ 77] __Z9sYSMALLOcP12malloc_statej
0x0001E92C	0x0000080C	[ 77] _DL_Malloc_malloc
0x0001F138	0x000005B4	[ 77] _DL_Malloc_realloc
0x0001F6EC	0x00000024	[ 78] _IwPathHasDrive
0x0001F710	0x00000040	[ 78] _IwPathStripDrive
0x0001F750	0x000003EC	[ 78] _IwPathNorm
0x0001FB3C	0x00000108	[ 78] _IwPathJoin
0x0001FC44	0x00000204	[ 78] _IwPathGetDirname
0x0001FE48	0x0000020C	[ 78] _IwPathGetFilename
0x00020054	0x00000178	[ 79] __Z33s3eCompressionDecompInit_platform24s3eCompressionAlgorithmsP23_s3eDecompressionStruct
0x000201CC	0x00000024	[ 79] __Z34s3eCompressionDecompFinal_platformP23_s3eDecompressionStruct
0x000201F0	0x000004EC	[ 79] __Z33s3eCompressionDecompRead_platformP23_s3eDecompressionStructPvPj
0x000206DC	0x0000001C	[ 80] __Z23s3eLicenseInit_platformv
0x000206F8	0x00000004	[ 80] __Z28s3eLicenseTerminate_platformv
0x000206FC	0x0000001C	[ 80] _s3eLicenseBuy
0x00020718	0x00000050	[ 80] __Z25s3eLicenseGetInt_platform18s3eLicenseProperty
0x00020768	0x00000008	[ 81] _s3eSecureStorageInit
0x00020770	0x00000004	[ 81] _s3eSecureStorageTerminate
0x00020774	0x000000D4	[ 81] _s3eSecureStorageGet_platform
0x00020848	0x000000C4	[ 81] _s3eSecureStoragePut_platform
0x0002090C	0x00000150	[ 82] _s3eAccelerometerSetValues
0x00020A5C	0x0000004C	[ 82] _s3eAccelerometerGetZ
0x00020AA8	0x0000004C	[ 82] _s3eAccelerometerGetY
0x00020AF4	0x0000004C	[ 82] _s3eAccelerometerGetX
0x00020B40	0x00000050	[ 82] _s3eAccelerometerStop
0x00020B90	0x00000024	[ 82] _s3eAccelerometerGetInt
0x00020BB4	0x000000EC	[ 82] _s3eAccelerometerStart
0x00020CA0	0x00000028	[ 82] _s3eAccelerometerTerminate
0x00020CC8	0x00000284	[ 82] _s3eAccelerometerInit
0x00020F4C	0x000004C8	[ 83] _s3eAudioDetermineFileFormat
0x00021414	0x000000A4	[ 83] _s3eAudioGetFileFormat
0x000214B8	0x00000050	[ 83] _s3eAudioIsPlaying
0x00021508	0x000000E0	[ 83] _s3eAudioGetInt
0x000215E8	0x000001B8	[ 83] _s3eAudioIsCodecSupported
0x000217A0	0x00000090	[ 83] _s3eAudioStop
0x00021830	0x000001A8	[ 83] _s3eAudioPlayFromBuffer
0x000219D8	0x00000084	[ 83] _s3eAudioResume
0x00021A5C	0x00000084	[ 83] _s3eAudioPause
0x00021AE0	0x000002BC	[ 83] _s3eAudioPlay
0x00021D9C	0x000000EC	[ 83] _s3eAudioSetInt
0x00021E88	0x00000194	[ 83] _s3eAudioDoResume
0x0002201C	0x000001C8	[ 83] _s3eAudioSuspend
0x000221E4	0x000000D4	[ 83] _s3eAudioDidStop
0x000222B8	0x00000024	[ 83] _s3eAudioTerminate
0x000222DC	0x000000C8	[ 83] _s3eAudioInit
0x000223A4	0x000001D4	[ 84] __Z15bint_initializev
0x00022578	0x00000174	[ 84] __ZL5checkP11bigint_data
0x000226EC	0x00000030	[ 84] __Z9bint_copyPv
0x0002271C	0x00000274	[ 84] __Z12bint_comparePvS_
0x00022990	0x000000DC	[ 84] __Z11bint_is_oddPv
0x00022A6C	0x00000104	[ 84] __Z12bint_is_zeroPv
0x00022B70	0x000000E4	[ 84] __Z16bint_is_negativePv
0x00022C54	0x00000178	[ 84] __ZL5alloci
0x00022DCC	0x0000014C	[ 84] __Z11bint_negatePv
0x00022F18	0x000001E8	[ 84] __Z9bint_halfPv
0x00023100	0x00000324	[ 84] __ZL9normalizeP11bigint_data
0x00023424	0x000001B0	[ 84] __Z17bint_int_multiplyPvi
0x000235D4	0x00000254	[ 84] __Z15bint_int_dividePvx
0x00023828	0x00000180	[ 84] __Z12bint_int_addPvi
0x000239A8	0x00000050	[ 84] __Z14huge_int_to_biPhi
0x000239F8	0x00000300	[ 84] __Z13bint_subtractPvS_
0x00023CF8	0x00000300	[ 84] __Z8bint_addPvS_
0x00023FF8	0x00000BBC	[ 84] __Z13bint_multiplyPvS_
0x00024BB4	0x000002C0	[ 84] __ZL13multi_divide2PvP11bigint_data
0x00024E74	0x000006A4	[ 84] __Z11bint_dividePvS_
0x00025518	0x000001BC	[ 84] __Z8bint_modPvS_
0x000256D4	0x00000370	[ 84] __Z14bint_mod_powerPvS_S_
0x00025A44	0x000004FC	[ 84] __Z14bint_terminatev
0x00025F40	0x000000F0	[ 85] _s3eCallbacksIsRegistered
0x00026030	0x0000013C	[ 85] __ZL14removeCallbackjiPvPFiS_S_EP10_s3eThread
0x0002616C	0x000000C4	[ 85] __ZL12dequeueEventP10_s3eThread
0x00026230	0x000000AC	[ 85] _s3eCallbacksInvoke
0x000262DC	0x000000D8	[ 85] _s3eCallbacksUnRegisterThread
0x000263B4	0x00000064	[ 85] _s3eCallbacksUnRegisterAll
0x00026418	0x00000088	[ 85] _s3eCallbacksTerminate
0x000264A0	0x000002B0	[ 85] _s3eCallbacksUnRegisterDevice
0x00026750	0x00000634	[ 85] _s3eCallbacksNotifyEvent
0x00026D84	0x00000060	[ 85] _s3eCallbacksDispatch
0x00026DE4	0x00000044	[ 85] __ZN8s3eEventC1Eji
0x00026E28	0x000005F4	[ 85] _s3eCallbacksEnqueueEvent
0x0002741C	0x00000098	[ 85] _s3eCallbacksEnqueue
0x000274B4	0x000000BC	[ 85] _s3eCallbacksUnRegister
0x00027570	0x00000030	[ 85] _s3eVideoUnRegister
0x000275A0	0x00000030	[ 85] _s3eSocketUnRegister
0x000275D0	0x00000030	[ 85] _s3eKeyboardUnRegister
0x00027600	0x00000030	[ 85] _s3eGLUnRegister
0x00027630	0x00000030	[ 85] _s3eSurfaceUnRegister
0x00027660	0x00000030	[ 85] _s3eDebugUnRegister
0x00027690	0x00000030	[ 85] _s3eAudioUnRegister
0x000276C0	0x00000498	[ 85] __ZL10doRegisterjiiPFiPvS_ES_hS_bP10_s3eThread
0x00027B58	0x00000038	[ 85] _s3eCallbacksRegisterInternal
0x00027B90	0x000000B4	[ 85] _s3eCallbacksRegisterSpecific
0x00027C44	0x000000C4	[ 85] _s3eSocketRegisterSpecific
0x00027D08	0x000000BC	[ 85] _s3eCallbacksRegisterSpecificThread
0x00027DC4	0x000000B0	[ 85] _s3eCallbacksRegisterThread
0x00027E74	0x0000005C	[ 85] _s3eCallbacksRegister
0x00027ED0	0x00000050	[ 85] _s3eVideoRegister
0x00027F20	0x00000050	[ 85] _s3eSocketRegister
0x00027F70	0x00000050	[ 85] _s3eKeyboardRegister
0x00027FC0	0x00000050	[ 85] _s3eGLRegister
0x00028010	0x00000050	[ 85] _s3eSurfaceRegister
0x00028060	0x00000050	[ 85] _s3eDebugRegister
0x000280B0	0x00000050	[ 85] _s3eAudioRegister
0x00028100	0x00000038	[ 85] _s3eCallbacksInit
0x00028138	0x0000006C	[ 86] _s3eCompassGetHeading
0x000281A4	0x0000003C	[ 86] _s3eCompassGet
0x000281E0	0x000000C8	[ 86] __Z19s3eCompassSetValuesiiii
0x000282A8	0x00000024	[ 86] _s3eCompassStop
0x000282CC	0x00000080	[ 86] _s3eCompassStart
0x0002834C	0x00000010	[ 86] __Z19s3eCompassTerminatev
0x0002835C	0x00000018	[ 86] __Z14s3eCompassInitv
0x00028374	0x0000004C	[ 87] __Z26s3eCompressionReadCallbackPvS_
0x000283C0	0x00000130	[ 87] __Z30s3eCompressionGetInputFromUserP23_s3eDecompressionStructPvib
0x000284F0	0x00000270	[ 87] __Z23s3eCompressionDetectAlgP23_s3eDecompressionStruct
0x00028760	0x000000A4	[ 87] _s3eCompressionDecompFinal
0x00028804	0x00000178	[ 87] _s3eCompressionDecompRead
0x0002897C	0x000001F0	[ 87] _s3eCompressionDecompInit
0x00028B6C	0x0000026C	[ 87] _s3eCompressionDecomp
0x00028DD8	0x00000264	[ 87] __Z23s3eCompressionTerminatev
0x0002903C	0x00000024	[ 87] __Z18s3eCompressionInitv
0x00029060	0x00000168	[ 87] __ZN18s3eHandleAllocatorILi4E23_s3eDecompressionStructLi1ELb0EE10DebugTraceEv
0x000291C8	0x000000EC	[ 87] __ZN18s3eHandleAllocatorILi4E23_s3eDecompressionStructLi1ELb0EE5AllocEv
0x000292B4	0x00000130	[ 87] __ZN18s3eHandleAllocatorILi4E23_s3eDecompressionStructLi1ELb0EE3GetEi
0x000293E4	0x00000178	[ 87] __ZN18s3eHandleAllocatorILi4E23_s3eDecompressionStructLi1ELb0EE4FreeEPS0_
0x0002955C	0x0000003C	[ 88] __Z13s3eLzmaMallocPvm
0x00029598	0x000001D4	[ 88] __Z22s3eCompressionLzmaReadP23_s3eDecompressionStructPvPj
0x0002976C	0x00000038	[ 88] __Z11s3eLzmaFreePvS_
0x000297A4	0x000000BC	[ 88] __Z23s3eCompressionLzmaFinalP23_s3eDecompressionStruct
0x00029860	0x00000218	[ 88] __Z22s3eCompressionLzmaInitP23_s3eDecompressionStruct
0x00029A78	0x000000D0	[ 89] __ZL8CfgStatev
0x00029B48	0x0000005C	[ 89] __ZL17s3eConfigAssertCBPc
0x00029BA4	0x000002B4	[ 89] __ZL16s3eConfigCheckOSPKc
0x00029E58	0x00000338	[ 89] __Z15ReadDeviceClassPKc
0x0002A190	0x0000022C	[ 89] __ZL14AddStringValuePKc
0x0002A3BC	0x000000FC	[ 89] __ZL14SetConfigValuePKcjS0_b
0x0002A4B8	0x00000148	[ 89] _s3eConfigSetupScreenSize
0x0002A600	0x00000094	[ 89] _s3eConfigSetString
0x0002A694	0x000000EC	[ 89] __ZL25s3eConfigGetIntFromStringPcPi
0x0002A780	0x00000158	[ 89] _s3eConfigGetString
0x0002A8D8	0x00000078	[ 89] _s3eConfigGetInt
0x0002A950	0x00000200	[ 89] _s3eConfigGetIntMany
0x0002AB50	0x00000034	[ 89] _s3eConfigGetInt2
0x0002AB84	0x00000084	[ 89] _s3eConfigGetIntS3E
0x0002AC08	0x00000060	[ 89] _s3eConfigGet
0x0002AC68	0x00000060	[ 89] _s3eConfigGetBool
0x0002ACC8	0x0000017C	[ 89] _s3eConfigGetStringMany
0x0002AE44	0x00000034	[ 89] _s3eConfigGetString2
0x0002AE78	0x00000020	[ 89] _s3eConfigGetStringS3E
0x0002AE98	0x000000B8	[ 89] _s3eConfigGetStringHash
0x0002AF50	0x00000078	[ 89] _s3eConfigGetIntHash
0x0002AFC8	0x000017D8	[ 89] _s3eConfigReadFile
0x0002C7A0	0x00000048	[ 89] _s3eConfigTerminate
0x0002C7E8	0x00000094	[ 89] _s3eConfigInit
0x0002C87C	0x000000E4	[ 89] __ZNK14CIwArrayConfigI16s3eConfigSettingEixEi
0x0002C960	0x000000E4	[ 89] __ZNK14CIwArrayConfigIcEixEi
0x0002CA44	0x000000D8	[ 89] __ZN14CIwArrayConfigI16s3eConfigSettingE8truncateEj
0x0002CB1C	0x000000D8	[ 89] __ZN14CIwArrayConfigIcE8truncateEj
0x0002CBF4	0x000001CC	[ 89] __ZN14CIwArrayConfigIcE12set_capacityEj
0x0002CDC0	0x000001EC	[ 89] __ZN14CIwArrayConfigIcE9push_backERKc
0x0002CFAC	0x000001CC	[ 89] __ZN14CIwArrayConfigI16s3eConfigSettingE12set_capacityEj
0x0002D178	0x000001F4	[ 89] __ZN14CIwArrayConfigI16s3eConfigSettingE9push_backERKS0_
0x0002D36C	0x00000078	[ 89] __ZN14s3eConfigStateD1Ev
0x0002D3E4	0x000000BC	[ 90] __Z11s3eDoCopyupPK14s3eSurfaceInfoS1_23s3eSurfaceBlitDirection
0x0002D4A0	0x000001FC	[ 90] __Z19s3eCopyupConvertRGB19s3eSurfacePixelTypehhh
0x0002D69C	0x00000204	[ 90] __Z15s3eCopyupGetRGB19s3eSurfacePixelTypejPhS0_S0_
0x0002D8A0	0x00000534	[ 90] __Z18s3eDoCopyupGenericPK14s3eSurfaceInfoS1_23s3eSurfaceBlitDirection
0x0002DDD4	0x00000218	[ 90] __Z18s3eDoCopyupSubRectPK14s3eSurfaceInfoS1_23s3eSurfaceBlitDirectioniiii
0x0002DFEC	0x000000CC	[ 90] __Z24s3eDoCopyupSubRectInvertPK14s3eSurfaceInfoS1_23s3eSurfaceBlitDirectioniiii
0x0002E0B8	0x00000010	[ 91] _s3eCryptoRand
0x0002E0C8	0x00000028	[ 91] _s3eCryptoSha1Update
0x0002E0F0	0x00000010	[ 91] _s3eCryptoSha1Final
0x0002E100	0x00000010	[ 91] _s3eCryptoSha1Init
0x0002E110	0x00000090	[ 91] _s3eCryptoSha1
0x0002E1A0	0x00000100	[ 91] _s3eCryptoVerifyRsa
0x0002E2A0	0x00000408	[ 92] __Z27s3eCryptoVerifyRsa_platformPhiS_iS_iS_i
0x0002E6A8	0x000012B0	[ 93] __Z13SHA1TransformPjPh
0x0002F958	0x000000E8	[ 93] __Z10SHA1UpdateP7s3eSHA1Phj
0x0002FA40	0x00000148	[ 93] __Z9SHA1FinalPhP7s3eSHA1
0x0002FB88	0x00000090	[ 93] __Z28s3eCryptoSha1Update_platformP7s3eSHA1PKhj
0x0002FC18	0x00000070	[ 93] __Z26s3eCryptoSha1Init_platformv
0x0002FC88	0x0000009C	[ 93] __Z27s3eCryptoSha1Final_platformP7s3eSHA1Ph
0x0002FD24	0x000000AC	[ 93] __Z18s3eCryptoTerminatev
0x0002FDD0	0x00000024	[ 93] __Z13s3eCryptoInitv
0x0002FDF4	0x000000EC	[ 93] __ZN18s3eHandleAllocatorILi4E7s3eSHA1Li1ELb0EE5AllocEv
0x0002FEE0	0x00000178	[ 93] __ZN18s3eHandleAllocatorILi4E7s3eSHA1Li1ELb0EE4FreeEPS0_
0x00030058	0x00000020	[ 94] _s3eDebugGetErrorTitle
0x00030078	0x00000008	[ 94] _s3eDebugIsDebuggerPresent
0x00030080	0x000000E4	[ 94] __ZL26s3eDebugTraceLine_internalPKc
0x00030164	0x00000098	[ 94] __ZL29s3eDebugOutputString_internalPKc
0x000301FC	0x00000048	[ 94] _s3eDebugTraceLine
0x00030244	0x00000024	[ 94] _s3eDebugOutputString
0x00030268	0x00000010	[ 94] _s3eDebugTraceClearFile
0x00030278	0x00000010	[ 94] _s3eDebugTraceFlush
0x00030288	0x00000010	[ 94] _s3eDebugTraceChannelSwitch
0x00030298	0x000000DC	[ 94] _s3eDebugGetInt
0x00030374	0x00000058	[ 94] _s3eDebugOutputPrintf
0x000303CC	0x000000F8	[ 94] __ZL20enable_trace_to_fileh
0x000304C4	0x0000013C	[ 94] _s3eDebugSetInt
0x00030600	0x0000007C	[ 94] __Z18s3eDebugTraceLinefPKcz
0x0003067C	0x0000005C	[ 94] _s3eDebugPrintf
0x000306D8	0x000001D4	[ 94] _s3eDebugAssertShow
0x000308AC	0x00000168	[ 94] _s3eDebugErrorShow
0x00030A14	0x00000238	[ 94] __ZL18trace_version_infob
0x00030C4C	0x000001B0	[ 94] _s3eDebugReadConfig
0x00030DFC	0x00000064	[ 94] _s3eDebugTerminate
0x00030E60	0x000000DC	[ 94] _s3eDebugInit
0x00030F3C	0x000000F4	[ 95] __Z10CountLinesPKci
0x00031030	0x00000674	[ 95] _s3eDebugPrint
0x000316A4	0x000001EC	[ 95] __Z17DebugPrintGetLinePKciPci
0x00031890	0x0000001C	[ 96] _s3eDeviceIsInitialised
0x000318AC	0x00000018	[ 96] _s3eDeviceCheckPauseRequest
0x000318C4	0x00000024	[ 96] _s3eDeviceCheckQuitRequest
0x000318E8	0x00000044	[ 96] _s3eDeviceVersionCheck
0x0003192C	0x0000000C	[ 96] _s3eDeviceGetFullVersionString
0x00031938	0x00000028	[ 96] _s3eDeviceGetUserOrientation
0x00031960	0x00000008	[ 96] _s3eDeviceNetworkCheckStart
0x00031968	0x00000008	[ 96] _s3eDeviceNetworkCheckStop
0x00031970	0x00000010	[ 96] _s3eDeviceBacklightOn
0x00031980	0x0000028C	[ 96] _s3eDeviceGetInt
0x00031C0C	0x00000188	[ 96] _s3eDeviceGetString
0x00031D94	0x00000058	[ 96] _s3eDeviceExit
0x00031DEC	0x00000050	[ 96] _s3eDeviceExecPushNext
0x00031E3C	0x00000044	[ 96] _s3eDeviceSetInt
0x00031E80	0x00000280	[ 96] _s3eDeviceNotify_internal
0x00032100	0x00000138	[ 96] _s3eDeviceSignalResume
0x00032238	0x00000138	[ 96] _s3eDeviceSignalSuspend
0x00032370	0x00000198	[ 96] _s3eDeviceSleepAndSuspend
0x00032508	0x00000710	[ 96] __ZL23s3eDeviceYield_internaliy
0x00032C18	0x0000007C	[ 96] _s3eDeviceSleep
0x00032C94	0x0000004C	[ 96] _s3eDeviceNotifyEvent
0x00032CE0	0x0000004C	[ 96] _s3eDeviceUnYield
0x00032D2C	0x000000A8	[ 96] _s3eDeviceRequestQuit
0x00032DD4	0x00000524	[ 96] _s3eDeviceYield
0x000332F8	0x00000134	[ 96] _s3eDeviceYieldUntilEvent
0x0003342C	0x00000148	[ 96] _s3eDeviceUnRegister
0x00033574	0x000000A4	[ 96] _s3eDeviceRegister
0x00033618	0x00000798	[ 96] _s3eDeviceTerminate
0x00033DB0	0x00000144	[ 96] _s3eDeviceReadConfig
0x00033EF4	0x00000134	[ 96] __Z16s3eDeviceTermTLSv
0x00034028	0x00000208	[ 96] __Z16s3eDeviceInitTLSv
0x00034230	0x00001834	[ 96] _s3eDeviceInit
0x00035A64	0x00000128	[ 96] _s3eDeviceLocaleToLang
0x00035B8C	0x0000002C	[ 97] _s3eEdkRegister
0x00035BB8	0x00000004	[ 97] _s3eEdkErrorSetStringV
0x00035BBC	0x0000001C	[ 97] _s3eEdkThreadRunOnOSV
0x00035BD8	0x00000014	[ 97] _s3eEdkCallbacksIsRegistered
0x00035BEC	0x00000020	[ 97] _s3eEdkCallbacksUnRegister
0x00035C0C	0x00000024	[ 97] _s3eEdkCallbacksRegisterInternal
0x00035C30	0x0000009C	[ 97] _s3eEdkCallbacksRegisterSpecific
0x00035CCC	0x0000013C	[ 97] _s3eEdkCallbacksRegister
0x00035E08	0x0000006C	[ 97] _s3eEdkCallbacksEnqueue
0x00035E74	0x00000010	[ 97] _s3eEdkFreeOS
0x00035E84	0x00000010	[ 97] _s3eEdkReallocOS
0x00035E94	0x00000010	[ 97] _s3eEdkMallocOS
0x00035EA4	0x00000010	[ 97] _s3eEdkErrorGet
0x00035EB4	0x00000010	[ 97] _s3eEdkGlobalsGet
0x00035EC4	0x00000010	[ 97] _s3eEdkErrorSet
0x00035ED4	0x00000044	[ 98] _s3eDeviceCallbackStart
0x00035F18	0x00000260	[ 98] __ZL15TraceEnterLeavehP16s3eDeviceGlobalsP19s3eDeviceTLSGlobalsPvbb
0x00036178	0x00000170	[ 98] _s3eDeviceLoaderCallDone
0x000362E8	0x00000044	[ 98] _s3eDeviceCallbackDone
0x0003632C	0x00000210	[ 98] _s3eDeviceLoaderCallStart
0x0003653C	0x00000024	[ 99] _s3eAudioGetError
0x00036560	0x00000004	[ 99] __Z17s3eErrorTerminatev
0x00036564	0x0000000C	[ 99] _s3eAccelerometerGetErrorString
0x00036570	0x0000000C	[ 99] _s3eVideoGetErrorString
0x0003657C	0x0000000C	[ 99] _s3eVibraGetErrorString
0x00036588	0x0000000C	[ 99] _s3eTimerGetErrorString
0x00036594	0x0000000C	[ 99] _s3eSurfaceGetErrorString
0x000365A0	0x0000000C	[ 99] _s3eSoundGetErrorString
0x000365AC	0x0000000C	[ 99] _s3eSocketGetErrorString
0x000365B8	0x0000000C	[ 99] _s3eSecureStorageGetErrorString
0x000365C4	0x0000000C	[ 99] _s3ePointerGetErrorString
0x000365D0	0x0000000C	[ 99] _s3eMemoryGetErrorString
0x000365DC	0x0000000C	[ 99] _s3eLicenseGetErrorString
0x000365E8	0x0000000C	[ 99] _s3eKeyboardGetErrorString
0x000365F4	0x0000000C	[ 99] _s3eGLGetErrorString
0x00036600	0x0000000C	[ 99] _s3eFileGetErrorString
0x0003660C	0x0000000C	[ 99] _s3eExtGetErrorString
0x00036618	0x0000000C	[ 99] _s3eDeviceGetErrorString
0x00036624	0x0000000C	[ 99] _s3eDebugGetErrorString
0x00036630	0x0000000C	[ 99] _s3eCryptoGetErrorString
0x0003663C	0x0000000C	[ 99] _s3eConfigGetErrorString
0x00036648	0x0000000C	[ 99] _s3eCompressionGetErrorString
0x00036654	0x0000000C	[ 99] _s3eAudioGetErrorString
0x00036660	0x0000003C	[ 99] _s3eErrorDisable
0x0003669C	0x00000060	[ 99] __Z20s3eInternalCallBeginv
0x000366FC	0x0000011C	[ 99] __ZL12GetErrorInfoj
0x00036818	0x0000002C	[ 99] _s3eErrorPeek
0x00036844	0x00000020	[ 99] _s3eErrorGet
0x00036864	0x00000024	[ 99] _s3eAccelerometerGetError
0x00036888	0x00000024	[ 99] _s3eVideoGetError
0x000368AC	0x00000024	[ 99] _s3eVibraGetError
0x000368D0	0x00000024	[ 99] _s3eTimerGetError
0x000368F4	0x00000024	[ 99] _s3eSurfaceGetError
0x00036918	0x00000024	[ 99] _s3eSoundGetError
0x0003693C	0x00000024	[ 99] _s3eSocketGetError
0x00036960	0x00000024	[ 99] _s3eSecureStorageGetError
0x00036984	0x00000024	[ 99] _s3ePointerGetError
0x000369A8	0x00000024	[ 99] _s3eMemoryGetError
0x000369CC	0x00000024	[ 99] _s3eLicenseGetError
0x000369F0	0x00000024	[ 99] _s3eKeyboardGetError
0x00036A14	0x00000024	[ 99] _s3eGLGetError
0x00036A38	0x00000024	[ 99] _s3eFileGetError
0x00036A5C	0x00000024	[ 99] _s3eExtGetError
0x00036A80	0x00000024	[ 99] _s3eDeviceGetError
0x00036AA4	0x00000024	[ 99] _s3eDebugGetError
0x00036AC8	0x00000024	[ 99] _s3eCryptoGetError
0x00036AEC	0x00000024	[ 99] _s3eConfigGetError
0x00036B10	0x00000024	[ 99] _s3eCompressionGetError
0x00036B34	0x000001AC	[ 99] _s3eErrorEnable
0x00036CE0	0x0000012C	[ 99] _s3eErrorSet_internal
0x00036E0C	0x00000040	[ 99] __Z18s3eInternalCallEndv
0x00036E4C	0x00000040	[ 99] __Z12s3eErrorInitv
0x00036E8C	0x0000005C	[100] _s3eExtLookup
0x00036EE8	0x0000006C	[100] _s3eExtIsInitialised
0x00036F54	0x00000124	[100] __Z16s3eExtInitStaticv
0x00037078	0x00000010	[100] _s3eExtReadConfig
0x00037088	0x000002E8	[100] _s3eExtGlobalsGet
0x00037370	0x00000088	[100] _s3eExtInit
0x000373F8	0x000001EC	[100] _s3eExtRegister
0x000375E4	0x000000BC	[100] _s3eExtConvertFnPtrs
0x000376A0	0x00000350	[100] __Z22s3eExtGetHash_internalPKcjPvj
0x000379F0	0x000000C4	[100] _s3eExtGet
0x00037AB4	0x00000068	[100] _s3eExtGetHash
0x00037B1C	0x000000F4	[100] _s3eExtTerminate
0x00037C10	0x0000002C	[101] _s3eFibreSwitch_asm
0x00037C3C	0x000002EC	[101] _s3eFibreReset
0x00037F28	0x00000064	[101] __ZL21s3eFibreCallStartFuncv
0x00037F8C	0x00000098	[101] _s3eFibreGetCurrent
0x00038024	0x00000110	[101] _s3eFibreSetCurrent
0x00038134	0x00000100	[101] _s3eFibreGetStackPtr
0x00038234	0x0000005C	[101] _s3eFibreSaveCurrentStackPtr
0x00038290	0x000002C0	[101] _s3eFibreCreate
0x00038550	0x00000208	[101] _s3eFibreSwitch
0x00038758	0x000003F8	[101] _s3eFibreExit
0x00038B50	0x00000128	[101] _s3eFibreJoin
0x00038C78	0x000001C4	[101] _s3eFibreTerminate
0x00038E3C	0x00000070	[101] _s3eFibreInit
0x00038EAC	0x00000354	[101] _s3eFibreTermTLS
0x00039200	0x000002D8	[101] _s3eFibreInitTLS
0x000394D8	0x000000F4	[101] __ZN18s3eHandleAllocatorILi3E8s3eFibreLi1ELb0EE5AllocEv
0x000395CC	0x0000017C	[101] __ZN18s3eHandleAllocatorILi3E8s3eFibreLi1ELb0EE4FreeEPS0_
0x00039748	0x00000008	[102] __ZL6doDiffii
0x00039750	0x00000020	[102] _s3eFileSetInt
0x00039770	0x00000024	[102] __ZL16getStorageNeededPcPv
0x00039794	0x00000114	[102] __ZL16s3eFileCheckPathPcPKc11s3eDeviceID
0x000398A8	0x0000002C	[102] _s3eFileGetFree
0x000398D4	0x0000016C	[102] __ZL9s3eFSDumpv
0x00039A40	0x00000058	[102] __Z14s3eFileSetRootPKc
0x00039A98	0x0000017C	[102] __Z23s3eFileGet_platformMode13s3eFileAccess
0x00039C14	0x000001A8	[102] __Z17s3eFileAddFileSysP5s3eFSi
0x00039DBC	0x0000010C	[102] __Z19s3eFileGetDriveNamei
0x00039EC8	0x000000BC	[102] _s3eFileEOF
0x00039F84	0x00000294	[102] __Z24s3eFilePathInterpretModePKcP13s3eFileAccessP18s3eFileTranslationPh
0x0003A218	0x000000B0	[102] _s3eFileListClose
0x0003A2C8	0x0000012C	[102] _s3eFileListNext
0x0003A3F4	0x00000278	[102] __ZL13addToFileListPcPv
0x0003A66C	0x0000016C	[102] __Z15s3eFileInvokeFnP5s3eFSPvS1_S1_S1_S1_x
0x0003A7D8	0x00000138	[102] __ZL28s3eFileEnumAllInDirectory_fsP5s3eFSPKcPcPFvS3_PvES4_
0x0003A910	0x00000268	[102] __Z25s3eFileEnumAllInDirectoryPKcPFvPcPvES2_
0x0003AB78	0x00000244	[102] _s3eFileListDirectory
0x0003ADBC	0x0000018C	[102] _s3eFileMakeDirectoryRecursive
0x0003AF48	0x00000170	[102] __ZL23s3eFileInvalidateBufferv
0x0003B0B8	0x000002EC	[102] __ZL20s3eFileRead_bufferedPvjP7s3eFile
0x0003B3A4	0x000001B4	[102] _s3eFileGetChar
0x0003B558	0x00000144	[102] _s3eFileReadString
0x0003B69C	0x000000C4	[102] _s3eFileFlushAll
0x0003B760	0x000000EC	[102] _s3eFileFlush
0x0003B84C	0x00000150	[102] __ZL21s3eFileWrite_bufferedPKviP7s3eFile
0x0003B99C	0x000000D0	[102] _s3eFilePutChar
0x0003BA6C	0x000001D0	[102] _s3eFileWrite
0x0003BC3C	0x00000388	[102] _s3eFileRead
0x0003BFC4	0x000000B4	[102] __ZL21s3eFileClose_internalP7s3eFile
0x0003C078	0x00000094	[102] _s3eFileClose
0x0003C10C	0x0000019C	[102] __Z20s3eFileRemoveFileSysi
0x0003C2A8	0x000000DC	[102] __Z19s3eFileUnmountDrivePKc
0x0003C384	0x0000011C	[102] _s3eFileTell
0x0003C4A0	0x000001E8	[102] __ZL23s3eFileGetSize_internalP7s3eFile
0x0003C688	0x000001A4	[102] __ZL20s3eFileSeek_internalP7s3eFilei17s3eFileSeekOrigin
0x0003C82C	0x000000F8	[102] _s3eFileSeek
0x0003C924	0x00000094	[102] _s3eFileGetSize
0x0003C9B8	0x000001B8	[102] _s3eFileOpenFromMemory
0x0003CB70	0x000004C4	[102] __Z12s3eFileGetFSPKcj11s3eDeviceID
0x0003D034	0x000002C0	[102] __Z23s3eFileCopyFromROMtoRAMPKc
0x0003D2F4	0x00000074	[102] _s3eFileGetLastWriteTime
0x0003D368	0x000000C8	[102] _s3eFileTruncate
0x0003D430	0x000000B4	[102] _s3eFileDeleteDirectory
0x0003D4E4	0x000000C4	[102] _s3eFileDelete
0x0003D5A8	0x000005E4	[102] _s3eFileOpen_internal
0x0003DB8C	0x00000014	[102] _s3eFileOpen
0x0003DBA0	0x00000180	[102] _s3eFileGetFileSize
0x0003DD20	0x000000E8	[102] _s3eFileCheckExists
0x0003DE08	0x000000E4	[102] _s3eFileMakeDirectory
0x0003DEEC	0x0000021C	[102] _s3eFileGetFileInt_internal
0x0003E108	0x00000014	[102] _s3eFileGetFileInt
0x0003E11C	0x000001AC	[102] _s3eFileRename
0x0003E2C8	0x00000210	[102] _s3eFileGetFileString
0x0003E4D8	0x00000114	[102] _s3eFileGetInt
0x0003E5EC	0x00000154	[102] __Z17s3eFileMountDrivePKcS0_
0x0003E740	0x00000218	[102] _s3eFileReadConfig
0x0003E958	0x0000025C	[102] _s3eFileTerminate
0x0003EBB4	0x0000003C	[102] _s3eFileInit
0x0003EBF0	0x000000EC	[102] __ZN18s3eHandleAllocatorILi4E11s3eFileListLi2000ELb0EE5AllocEv
0x0003ECDC	0x000000EC	[102] __ZN18s3eHandleAllocatorILi32E7s3eFileLi1000ELb0EE5AllocEv
0x0003EDC8	0x000000B8	[102] __ZN18s3eHandleAllocatorILi32E7s3eFileLi1000ELb0EE10DebugTraceEv
0x0003EE80	0x00000128	[102] __ZN18s3eHandleAllocatorILi32E7s3eFileLi1000ELb0EE3GetEi
0x0003EFA8	0x00000178	[102] __ZN18s3eHandleAllocatorILi4E11s3eFileListLi2000ELb0EE4FreeEPS0_
0x0003F120	0x00000178	[102] __ZN18s3eHandleAllocatorILi32E7s3eFileLi1000ELb0EE4FreeEPS0_
0x0003F298	0x00000014	[103] __Z21s3eFile_SystemFSFlushP5s3eFSP10s3eUsrFile
0x0003F2AC	0x000001D8	[103] __Z20s3eFile_SystemFSInitv
0x0003F484	0x00000164	[103] __ZL20s3eFile_SystemFSOpenP5s3eFSPKcS2_13s3eFileAccess
0x0003F5E8	0x00000124	[103] __ZL20s3eFile_SystemFSReadP5s3eFSPvjP10s3eUsrFile
0x0003F70C	0x00000124	[103] __ZL20s3eFile_SystemFSSeekP5s3eFSP10s3eUsrFilei17s3eFileSeekOrigin
0x0003F830	0x00000128	[103] __ZL21s3eFile_SystemFSCloseP5s3eFSP10s3eUsrFile
0x0003F958	0x00000038	[103] __ZL23s3eFile_SystemFSListDirP5s3eFSPKc
0x0003F990	0x0000001C	[103] __ZL24s3eFile_SystemFSListNextP5s3eFSP14s3eUsrFileListPci
0x0003F9AC	0x00000014	[103] __ZL25s3eFile_SystemFSListCloseP5s3eFSP14s3eUsrFileList
0x0003F9C0	0x00000038	[103] __ZL21s3eFile_SystemFSIsDirP5s3eFSPKc
0x0003F9F8	0x0000003C	[103] __ZL28s3eFile_SystemFSGetWriteTimeP5s3eFSPKc
0x0003FA34	0x00000038	[103] __ZL27s3eFile_SystemFSCheckExistsP5s3eFSPKc
0x0003FA6C	0x00000048	[103] __ZL23s3eFile_SystemFSGetSizeP5s3eFSPKc
0x0003FAB4	0x000000BC	[103] __ZL23s3eFile_SystemFSGetFreeP5s3eFSPKc
0x0003FB70	0x0000003C	[103] __ZL28s3eFile_SystemFSGetDriveSizeP5s3eFSPKc
0x0003FBAC	0x00000124	[103] __ZL21s3eFile_SystemFSWriteP5s3eFSPKvjP10s3eUsrFile
0x0003FCD0	0x00000038	[103] __ZL22s3eFile_SystemFSDeleteP5s3eFSPKc
0x0003FD08	0x00000038	[103] __ZL23s3eFile_SystemFSMakeDirP5s3eFSPKc
0x0003FD40	0x00000038	[103] __ZL25s3eFile_SystemFSDeleteDirP5s3eFSPKc
0x0003FD78	0x00000040	[103] __ZL24s3eFile_SystemFSTruncateP5s3eFSPKcj
0x0003FDB8	0x00000060	[103] __ZL22s3eFile_SystemFSRenameP5s3eFSPKcS2_
0x0003FE18	0x000001E4	[103] __Z21s3eFileGetDrivePrefixi
0x0003FFFC	0x00000240	[103] __Z26s3eFileGetSystemPathManualPcPKcii11s3eDeviceID
0x0004023C	0x00000070	[103] __Z20s3eFileGetSystemPathPcPKc13s3eFileAccessi11s3eDeviceID
0x000402AC	0x00000080	[103] __Z21s3eFileReadDriveIndexPKc
0x0004032C	0x00000110	[103] __Z23s3eFileTranslateSysPathP5s3eFSPKcPc
0x0004043C	0x00000090	[103] __Z19s3eFile_SystemFSAddib
0x000404CC	0x00000148	[103] __Z21s3eFileSetDrivePrefixPKcS0_
0x00040614	0x000000F0	[103] __ZN18s3eHandleAllocatorILi33E10s3eSysFileLi1ELb0EE5AllocEv
0x00040704	0x00000154	[103] __ZN18s3eHandleAllocatorILi33E10s3eSysFileLi1ELb0EE4FreeEPS0_
0x00040858	0x000001A0	[104] _s3eFileAddUserFileSys
0x000409F8	0x0000001C	[104] __ZL18s3eFile_UserFSOpenP5s3eFSPKcS2_13s3eFileAccess
0x00040A14	0x00000018	[104] __ZL19s3eFile_UserFSCloseP5s3eFSP10s3eUsrFile
0x00040A2C	0x0000001C	[104] __ZL18s3eFile_UserFSReadP5s3eFSPvjP10s3eUsrFile
0x00040A48	0x0000001C	[104] __ZL19s3eFile_UserFSWriteP5s3eFSPKvjP10s3eUsrFile
0x00040A64	0x00000048	[104] __ZL18s3eFile_UserFSSeekP5s3eFSP10s3eUsrFilei17s3eFileSeekOrigin
0x00040AAC	0x00000044	[104] __ZL25s3eFile_UserFSCheckExistsP5s3eFSPKc
0x00040AF0	0x00000070	[104] __ZL21s3eFile_UserFSGetSizeP5s3eFSPKc
0x00040B60	0x00000018	[104] __ZL20s3eFile_UserFSDeleteP5s3eFSPKc
0x00040B78	0x00000064	[104] __ZL19s3eFile_UserFSIsDirP5s3eFSPKc
0x00040BDC	0x00000018	[104] __ZL21s3eFile_UserFSListDirP5s3eFSPKc
0x00040BF4	0x00000020	[104] __ZL22s3eFile_UserFSListNextP5s3eFSP14s3eUsrFileListPci
0x00040C14	0x00000018	[104] __ZL23s3eFile_UserFSListCloseP5s3eFSP14s3eUsrFileList
0x00040C2C	0x000000E8	[104] __Z18s3eFile_UserFSInitv
0x00040D14	0x00000078	[104] _s3eFileRemoveAllCallbacks
0x00040D8C	0x000000C0	[104] _s3eFileRemoveUserFileSys
0x00040E4C	0x0000015C	[105] __Z20s3eFile_MemoryFSSeekP5s3eFSP10s3eUsrFilei17s3eFileSeekOrigin
0x00040FA8	0x00000084	[105] __Z20s3eFile_MemoryFSInitv
0x0004102C	0x000000FC	[105] __ZL20s3eFile_MemoryFSOpenP5s3eFSPKcS2_13s3eFileAccess
0x00041128	0x00000148	[105] __Z20s3eFile_MemoryFSReadP5s3eFSPvjP10s3eUsrFile
0x00041270	0x00000150	[105] __Z21s3eFile_MemoryFSWriteP5s3eFSPKvjP10s3eUsrFile
0x000413C0	0x00000120	[105] __ZL21s3eFile_MemoryFSCloseP5s3eFSP10s3eUsrFile
0x000414E0	0x00000194	[106] _s3eFileGetNameIgnoreCase
0x00041674	0x00000008	[106] _s3eFileInit_platform
0x0004167C	0x00000028	[106] __Z20s3eFileFixSeperatorsPc
0x000416A4	0x00000004	[106] _s3eFileReadConfig_platform
0x000416A8	0x00000008	[106] __Z21s3eFileFlush_platformP10s3eSysFile
0x000416B0	0x000000E4	[106] __Z20s3eFileSeek_platformP10s3eSysFilei17s3eFileSeekOrigin
0x00041794	0x000000DC	[106] __Z21s3eFileClose_platformP10s3eSysFile
0x00041870	0x000000E4	[106] __Z20s3eFileRead_platformPvjP10s3eSysFile
0x00041954	0x000000E4	[106] __Z21s3eFileWrite_platformPKvjP10s3eSysFile
0x00041A38	0x000002BC	[106] __Z20s3eFileOpen_platformP10s3eSysFilePKc13s3eFileAccess18s3eFilePermissions
0x00041CF4	0x00000094	[106] __Z23s3eFileGetFree_platformPKc
0x00041D88	0x00000094	[106] __Z28s3eFileGetDriveSize_platformPKc
0x00041E1C	0x0000001C	[106] __Z25s3eFileListClose_platformP17s3eFileListSystem
0x00041E38	0x000000C4	[106] __Z24s3eFileListNext_platformP17s3eFileListSystemPci
0x00041EFC	0x00000090	[106] __Z29s3eFileListDirectory_platformPc
0x00041F8C	0x00000118	[106] __Z29s3eFileMakeDirectory_platformPKc
0x000420A4	0x000000DC	[106] __Z24s3eFileTruncate_platformPcj
0x00042180	0x000000D8	[106] __Z22s3eFileDelete_platformPc
0x00042258	0x000000D8	[106] __Z31s3eFileDeleteDirectory_platformPc
0x00042330	0x000000D8	[106] __Z22s3eFileRename_platformPcS_
0x00042408	0x00000088	[106] __Z21s3eFileIsDir_platformPKc
0x00042490	0x00000040	[106] __Z32s3eFileGetLastWriteTime_platformPc
0x000424D0	0x0000009C	[106] __Z23s3eFileGetSize_platformPKc
0x0004256C	0x00000088	[106] __Z27s3eFileCheckExists_platformPc
0x000425F4	0x00000064	[107] _s3eGLGetInt
0x00042658	0x00000010	[107] _s3eGLGetNativeWindow
0x00042668	0x000000BC	[107] _s3eGLUnavailable
0x00042724	0x0000008C	[107] _s3eGL_available
0x000427B0	0x000000F0	[107] _s3eGLTermTLS
0x000428A0	0x000000F8	[107] _s3eGLInitTLS
0x00042998	0x00000034	[107] _s3eGLTerminate
0x000429CC	0x000000B8	[107] _s3eGLInit
0x00042A84	0x00000040	[108] _s3eGlobalLock_asm_contended
0x00042AC4	0x00000024	[108] _s3eGlobalLock_asm
0x00042AE8	0x00000024	[108] _s3eGlobalUnlock_asm
0x00042B0C	0x00000014	[108] _s3eGlobalLock_asm_wake
0x00042B20	0x000001C4	[108] _s3eGlobalLock
0x00042CE4	0x000000D8	[108] _s3eGlobalLock_wake
0x00042DBC	0x0000010C	[108] _s3eGlobalLock_sleep
0x00042EC8	0x00000034	[108] _s3eGlobalLockDestroy
0x00042EFC	0x00000040	[108] _s3eGlobalLockCreate
0x00042F3C	0x0000017C	[108] _s3eGlobalUnlock
0x000430B8	0x00000014	[109] __Z14s3eFreeGlobalsv
0x000430CC	0x00000030	[109] _s3eFreeGlobals
0x000430FC	0x000000B4	[109] _s3eInitGlobals
0x000431B0	0x00000054	[110] _s3eKeyboardGetAbstractGameKeyMapping
0x00043204	0x00000154	[110] _s3eKeyboardGetIcfNameForAbsKey
0x00043358	0x000003F8	[110] __ZL10s3eKeyName6s3eKey
0x00043750	0x0000014C	[110] _s3eKeyboardGetChar
0x0004389C	0x00000220	[110] _s3eKeyToChar
0x00043ABC	0x00000C90	[110] _s3eKeyboardCodeFromKeyMappingName
0x0004474C	0x00000010	[110] _s3eKeyboardGetDisplayName
0x0004475C	0x000002EC	[110] _s3eKeyboardGetDisplayName_generic
0x00044A48	0x00000184	[110] _s3eKeyboardAddAbstractKeyMapping
0x00044BCC	0x0000011C	[110] _s3eKeyboardReadAbstractMapFromConfig
0x00044CE8	0x000000F4	[110] _s3eKeyboardInitialiseAbstractKeysMapping
0x00044DDC	0x0000006C	[110] _s3eKeyboardSetInt
0x00044E48	0x000000A4	[110] _s3eKeyboardGetState
0x00044EEC	0x000000A0	[110] _s3eKeyboardAnyKey
0x00044F8C	0x000000D8	[110] _s3eKeyboardGetInt
0x00045064	0x0000006C	[110] _s3eKeyboardUpdate
0x000450D0	0x00000100	[110] _s3eKeyboardAddChar
0x000451D0	0x00000310	[110] _s3eKeyboardSetKeyState
0x000454E0	0x00000138	[110] _s3eKeyboardClear
0x00045618	0x00000014	[110] _s3eKeyboardClearState
0x0004562C	0x000000E8	[110] _s3eKeyboardSetKeyStateNative
0x00045714	0x00000024	[110] _s3eKeyboardTerminate
0x00045738	0x000001A0	[110] _s3eKeyboardInit
0x000458D8	0x00000030	[111] _s3eLicenseGetInt
0x00045908	0x00000024	[111] __Z19s3eLicenseTerminatev
0x0004592C	0x00000024	[111] __Z14s3eLicenseInitv
0x00045950	0x00000010	[112] _s3eLocationInit
0x00045960	0x00000040	[112] _s3eLocationGetCourse
0x000459A0	0x00000040	[112] _s3eLocationGetGPSData
0x000459E0	0x00000010	[112] _s3eLocationGetInt
0x000459F0	0x000000AC	[112] _s3eLocationGet
0x00045A9C	0x00000074	[112] _s3eLocationStop
0x00045B10	0x000000A0	[112] _s3eLocationStart
0x00045BB0	0x00000010	[112] _s3eLocationTerminate
0x00045BC0	0x00000010	[113] _s3eFreeOSGuarded
0x00045BD0	0x00000230	[113] _s3eMemoryProtect
0x00045E00	0x00000094	[113] _s3eMemoryHeapAddress
0x00045E94	0x0000006C	[113] _s3eMemorySetInt
0x00045F00	0x00000064	[113] _s3eMemoryGetUserMemMgr
0x00045F64	0x000001CC	[113] _s3eMemoryGetInt
0x00046130	0x0000025C	[113] _s3eMallocBase
0x0004638C	0x000003CC	[113] _s3eReallocBase
0x00046758	0x000001DC	[113] _s3eFreeBase
0x00046934	0x00000148	[113] _s3eMemorySetUserMemMgr
0x00046A7C	0x00000130	[113] _s3eFree
0x00046BAC	0x00000138	[113] _s3eRealloc
0x00046CE4	0x00000174	[113] _s3eMalloc
0x00046E58	0x00000118	[113] _s3eFreeLoader
0x00046F70	0x00000178	[113] _s3eMemoryHeapDestroy
0x000470E8	0x000002B8	[113] _s3eReallocLoader
0x000473A0	0x000001C4	[113] _s3eMallocLoader
0x00047564	0x0000009C	[113] _s3eReallocOS
0x00047600	0x0000009C	[113] _s3eMallocOS
0x0004769C	0x00000014	[113] _s3eMallocOSGuarded
0x000476B0	0x000000F8	[113] _s3eMemoryTermTLS
0x000477A8	0x00000070	[113] _s3eMemoryTerminate
0x00047818	0x00000190	[113] _s3eMemoryInitTLS
0x000479A8	0x0000029C	[113] __ZL28s3eMemoryHeapCreate_internalib
0x00047C44	0x0000005C	[113] _s3eMemoryHeapCreate
0x00047CA0	0x00000484	[113] _s3eMemoryInit
0x00048124	0x00000070	[113] _s3eMemoryFinalise
0x00048194	0x000000BC	[113] _s3eMemoryBootstrap
0x00048250	0x000002C4	[113] __ZN17s3eStackAllocator4FreeEPv
0x00048514	0x000001E4	[113] __ZN17s3eStackAllocator5AllocEj
0x000486F8	0x000001D4	[113] __ZN17s3eStackAllocator7ReallocEPvi
0x000488CC	0x00000010	[114] _s3eMallocOS_platform
0x000488DC	0x00000010	[114] _s3eFreeOS
0x000488EC	0x00000010	[114] _s3eReallocOS_platform
0x000488FC	0x000000F0	[115] _s3ePointerUpdate
0x000489EC	0x00000060	[115] _s3ePointerGetTouchState
0x00048A4C	0x00000044	[115] _s3ePointerGetState
0x00048A90	0x000000B4	[115] __Z22s3ePointerUnmapOSTouchj
0x00048B44	0x000000D0	[115] __ZL17s3ePointerSetVKey6s3eKeyb
0x00048C14	0x00000100	[115] _s3ePointerGetY
0x00048D14	0x00000064	[115] _s3ePointerGetTouchY
0x00048D78	0x00000100	[115] _s3ePointerGetX
0x00048E78	0x00000064	[115] _s3ePointerGetTouchX
0x00048EDC	0x000004F8	[115] _s3ePointerSetTouchState
0x000493D4	0x000002F4	[115] __Z22s3ePointerMapOSTouchIDj
0x000496C8	0x00000210	[115] _s3ePointerSetReleasedAll
0x000498D8	0x00000440	[115] _s3ePointerSetButtonState
0x00049D18	0x000002B0	[115] __ZL16s3ePointerSetPos11_s3ePoint16j
0x00049FC8	0x0000011C	[115] _s3ePointerSetPos
0x0004A0E4	0x00000030	[115] _s3ePointerGetInt
0x0004A114	0x00000010	[115] _s3ePointerSetInt
0x0004A124	0x00000030	[115] _s3ePointerUnRegister
0x0004A154	0x00000044	[115] _s3ePointerRegister
0x0004A198	0x00000030	[115] _s3ePointerTerminate
0x0004A1C8	0x00000070	[115] _s3ePointerInit
0x0004A238	0x000001FC	[116] _s3eSecureStoragePut
0x0004A434	0x000001F8	[116] _s3eSecureStorageGet
0x0004A62C	0x00000008	[117] _s3eInetNtohl
0x0004A634	0x00000008	[117] _s3eInetHtonl
0x0004A63C	0x00000010	[117] _s3eInetNtohs
0x0004A64C	0x00000010	[117] _s3eInetHtons
0x0004A65C	0x0000006C	[117] _s3eSocketIsRegistered
0x0004A6C8	0x000000D0	[117] _s3eSocketNotifyConnect
0x0004A798	0x0000008C	[117] _s3eSocketNotifyReadable
0x0004A824	0x0000008C	[117] _s3eSocketNotifyAccept
0x0004A8B0	0x0000008C	[117] _s3eSocketNotifyWritable
0x0004A93C	0x0000004C	[117] _s3eSocketLookupDone
0x0004A988	0x00000054	[117] _s3eInetAton
0x0004A9DC	0x00000010	[117] _s3eInetNtoa
0x0004A9EC	0x00000010	[117] _s3eInetToString
0x0004A9FC	0x00000134	[117] _s3eInetLookup
0x0004AB30	0x00000094	[117] _s3eInetLookupCancel
0x0004ABC4	0x00000094	[117] _s3eSocketGetInt
0x0004AC58	0x00000044	[117] _s3eSocketGetString
0x0004AC9C	0x000000FC	[117] _s3eSocketGetLocalName
0x0004AD98	0x000000FC	[117] _s3eSocketGetPeerName
0x0004AE94	0x00000174	[117] _s3eSocketCreate
0x0004B008	0x0000025C	[117] _s3eSocketRecvFrom
0x0004B264	0x000001F4	[117] _s3eSocketSend
0x0004B458	0x0000021C	[117] _s3eSocketSendTo
0x0004B674	0x00000228	[117] _s3eSocketRecv
0x0004B89C	0x00000228	[117] _s3eSocketAccept
0x0004BAC4	0x000000EC	[117] _s3eSocketListen
0x0004BBB0	0x000001BC	[117] _s3eSocketBind
0x0004BD6C	0x00000200	[117] _s3eSocketConnect
0x0004BF6C	0x000000E8	[117] __ZL23s3eSocketClose_internalP9s3eSocket
0x0004C054	0x000000BC	[117] _s3eSocketClose
0x0004C110	0x000000E4	[117] _s3eSocketWritable
0x0004C1F4	0x000000E4	[117] _s3eSocketReadable
0x0004C2D8	0x000000CC	[117] _s3eSocketGetOpt
0x0004C3A4	0x000000C0	[117] _s3eSocketSetOpt
0x0004C464	0x00000074	[117] _s3eSocketTerminate
0x0004C4D8	0x00000024	[117] _s3eSocketInit
0x0004C4FC	0x000000B8	[117] __ZN18s3eHandleAllocatorILi32E9s3eSocketLi3000ELb0EE10DebugTraceEv
0x0004C5B4	0x00000130	[117] __ZN18s3eHandleAllocatorILi32E9s3eSocketLi3000ELb0EE3GetEi
0x0004C6E4	0x00000018	[118] _s3eInetLookupCancel_platform
0x0004C6FC	0x00000004	[118] _s3eSocketTerminate_platform
0x0004C700	0x00000008	[118] _s3eSocketReadable_platform
0x0004C708	0x00000008	[118] _s3eSocketWritable_platform
0x0004C710	0x000002A8	[118] __ZL18SetErrorFromErrno2ib
0x0004C9B8	0x00000080	[118] _s3eSocketListen_platform
0x0004CA38	0x000000D4	[118] __ZL13convert_flagsib
0x0004CB0C	0x0000012C	[118] _s3eSocketSetOpt_platform
0x0004CC38	0x00000114	[118] __ZL9NewSocketi
0x0004CD4C	0x00000230	[118] _s3eSocketAccept_platform
0x0004CF7C	0x00000078	[118] _s3eSocketRecv_platform
0x0004CFF4	0x000000EC	[118] _s3eSocketSend_platform
0x0004D0E0	0x0000018C	[118] _s3eSocketSendTo_platform
0x0004D26C	0x000001CC	[118] _s3eSocketRecvFrom_platform
0x0004D438	0x0000007C	[118] _s3eInetNtoa_platform
0x0004D4B4	0x000002D8	[118] _TryConnect
0x0004D78C	0x00000060	[118] _s3eSocketConnect_platform
0x0004D7EC	0x0000014C	[118] _s3eSocketGetLocalName_platform
0x0004D938	0x00000280	[118] _s3eSocketClose_platform
0x0004DBB8	0x000004F4	[118] _s3eSocketBind_platform
0x0004E0AC	0x0000014C	[118] _s3eSocketGetPeerName_platform
0x0004E1F8	0x00000138	[118] _s3eSocketCreate_platform
0x0004E330	0x0000001C	[118] _s3eSocketInit_platform
0x0004E34C	0x0000005C	[118] _s3eInetAton_platform
0x0004E3A8	0x000000CC	[118] _s3eInetToString_platform
0x0004E474	0x0000006C	[118] __Z20s3eInetLookup_threadPv
0x0004E4E0	0x000000FC	[118] __Z18s3eInetLookup_donePKcP14s3eInetAddressPFiPvS3_ES3_b
0x0004E5DC	0x00000540	[118] _s3eSocketTick
0x0004EB1C	0x000001C0	[118] _s3eInetLookup_platform
0x0004ECDC	0x000000A4	[118] _s3eSocketGetString_platform
0x0004ED80	0x000000B0	[118] _s3eSocketGetOpt_platform
0x0004EE30	0x000000F4	[118] __ZN18s3eHandleAllocatorILi32E9s3eSocketLi3000ELb0EE5AllocEv
0x0004EF24	0x00000180	[118] __ZN18s3eHandleAllocatorILi32E9s3eSocketLi3000ELb0EE4FreeEPS0_
0x0004F0A4	0x00000034	[119] _s3eSoundGenerateAudio
0x0004F0D8	0x00000278	[119] _s3eSoundChannelSetInt
0x0004F350	0x00000C34	[119] _s3eSoundChannelGetInt
0x0004FF84	0x00000208	[119] _s3eSoundChannelRegister
0x0005018C	0x0000018C	[119] _s3eSoundChannelUnRegister
0x00050318	0x0000009C	[119] _s3eSoundChannelResume
0x000503B4	0x0000009C	[119] _s3eSoundChannelPause
0x00050450	0x0000009C	[119] _s3eSoundChannelStop
0x000504EC	0x0000003C	[119] _s3eSoundStopAllChannels
0x00050528	0x00000034	[119] _s3eSoundResumeAllChannels
0x0005055C	0x00000034	[119] _s3eSoundPauseAllChannels
0x00050590	0x00000068	[119] _s3eSoundStop
0x000505F8	0x000000D4	[119] _s3eSoundSuckSamples
0x000506CC	0x00000068	[119] _s3eSoundTick
0x00050734	0x0000011C	[119] _s3eSoundStart
0x00050850	0x0000012C	[119] _s3eSoundChannelPlay
0x0005097C	0x00000080	[119] _s3eSoundResume
0x000509FC	0x000000FC	[119] _s3eSoundSuspend
0x00050AF8	0x00000040	[119] _s3eSoundGetFreeChannel
0x00050B38	0x0000011C	[119] _s3eSoundSetInt
0x00050C54	0x00000138	[119] _s3eSoundGetInt
0x00050D8C	0x0000007C	[119] _s3eSoundTerminate
0x00050E08	0x0000009C	[119] _s3eSoundInit
0x00050EA4	0x000001C0	[119] __ZN11CAudioMixer19SetGenAudioCallbackEiPFiPvS0_ES0_b
0x00051064	0x0000000C	[120] __ZN11CChannelPCM7SetRateEii
0x00051070	0x00000040	[120] __ZN11CChannelPCM5StartEPtS0_iS0_
0x000510B0	0x00000014	[120] __ZN11CChannelPCM3NewEv
0x000510C4	0x00000038	[120] __ZN11CChannelPCM14SetFadingValueEi
0x000510FC	0x000000A4	[120] __ZN11CChannelPCM5PauseEv
0x000511A0	0x0000007C	[120] __ZN11CChannelPCM6ResumeEv
0x0005121C	0x00000078	[120] __ZN11CChannelPCM4StopEv
0x00051294	0x00000294	[120] __ZN11CChannelPCM17HandleEndOfSampleEPsii
0x00051528	0x00000154	[120] __ZN11CChannelPCM8DoFadingEPsib
0x0005167C	0x000004AC	[120] __ZN11CChannelPCM21GenerateAudioInternalEPsiib
0x00051B28	0x00000118	[120] __ZN11CChannelPCM13GenerateAudioEPsiib
0x00051C40	0x0000040C	[121] _GenerateAudioFast
0x0005204C	0x00000054	[122] __ZN11CAudioMixer22SetDefaultRecordedRateEi
0x000520A0	0x00000008	[122] __ZN11CAudioMixer22GetDefaultRecordedRateEv
0x000520A8	0x00000008	[122] __ZN11CAudioMixer13GetOutputRateEv
0x000520B0	0x0000003C	[122] __ZN11CAudioMixer14GetFreeChannelEv
0x000520EC	0x000002A0	[122] __ZN11CAudioMixer13GenerateAudioEPsi
0x0005238C	0x000004C0	[122] __ZN11CAudioMixer15ProcessCommandsEv
0x0005284C	0x000003D8	[122] __ZN11CAudioMixer12PushCommand1Eiii
0x00052C24	0x00000054	[122] __ZN11CAudioMixer11PushCommandEii
0x00052C78	0x00000150	[122] __ZN11CAudioMixer15SetMasterVolumeEi
0x00052DC8	0x00000054	[122] __ZN11CAudioMixer17ResumeAllChannelsEv
0x00052E1C	0x00000054	[122] __ZN11CAudioMixer16PauseAllChannelsEv
0x00052E70	0x00000070	[122] __ZN11CAudioMixer7SetRateEii
0x00052EE0	0x00000108	[122] __ZN11CAudioMixer9SetVolumeEii
0x00052FE8	0x0000007C	[122] __ZN11CAudioMixer11PushCommandEiijj
0x00053064	0x00000150	[122] __ZN11CAudioMixer10PlaySampleEPsS0_iii
0x000531B4	0x00000098	[122] __ZN11CAudioMixer8ShutdownEv
0x0005324C	0x0000021C	[122] __ZN11CAudioMixer4InitEv
0x00053468	0x0000007C	[122] __ZN11CAudioMixerC1Ev
0x000534E4	0x00000034	[123] __Z18s3eSoundRecordInitv
0x00053518	0x00000130	[123] __Z21s3eSoundRecordGotDataPKsibib
0x00053648	0x000000B0	[123] _s3eSoundRecordSetInt
0x000536F8	0x00000094	[123] _s3eSoundRecordGetInt
0x0005378C	0x00000088	[123] _s3eSoundRecordStop
0x00053814	0x00000100	[123] _s3eSoundRecordStart
0x00053914	0x00000018	[123] __Z23s3eSoundRecordTerminatev
0x00053930	0x000000B4	[124] _s3eStackSwitchCallCallback
0x000539E4	0x00000040	[124] NoSwap
0x00053A24	0x00000040	[124] callbackDone
0x00053A64	0x00000004	[124] _s3eStackSwitchCallS3EFuncR12
0x00053A68	0x000000E4	[124] _s3eStackSwitchCallS3EFuncR12_internal
[...]
0x08007EE8	0x00000010	[184] CFString
0x08007EF8	0x00000010	[184] CFString
0x08007F08	0x00000010	[184] CFString
0x08007F18	0x00000010	[184] CFString
0x08007F28	0x00000010	[184] CFString
0x08007F38	0x00000010	[184] CFString
0x08007F48	0x00000010	[184] CFString
0x08007F58	0x00000010	[184] CFString
0x08007F68	0x00000010	[184] CFString
0x08007F78	0x00000010	[184] CFString
0x08007F88	0x00000010	[184] CFString
0x08007F98	0x00000010	[184] CFString
0x08007FA8	0x00000010	[184] CFString
0x08007FB8	0x00000010	[185] CFString
0x08007FC8	0x00000010	[136] CFString
0x08007FD8	0x00000010	[136] CFString
0x08007FE8	0x00000010	[136] CFString
0x08007FF8	0x00000010	[136] CFString
0x08008008	0x00000010	[136] CFString
0x08008018	0x00000010	[136] CFString
0x08008028	0x00000010	[136] CFString
0x08008038	0x00000010	[136] CFString
0x08008048	0x00000010	[136] CFString
0x08008058	0x00000010	[136] CFString
0x08008068	0x00000010	[136] CFString
0x08008078	0x00000010	[136] CFString
0x08008088	0x00000010	[136] CFString
0x08008098	0x00000010	[136] CFString
0x080080A8	0x00000010	[136] CFString
0x080080B8	0x00000010	[136] CFString
0x080080C8	0x00000010	[136] CFString
0x080080D8	0x00000010	[136] CFString
0x080080E8	0x00000010	[136] CFString
0x080080F8	0x00000010	[136] CFString
0x08008108	0x00000010	[136] CFString
0x08008118	0x00000010	[136] CFString
0x08008128	0x00000010	[136] CFString
0x08008138	0x00000010	[136] CFString
0x08008148	0x00000010	[136] CFString
0x08008158	0x00000010	[136] CFString
0x08008168	0x00000010	[136] CFString
0x08008178	0x00000010	[136] CFString
0x08008188	0x00000010	[156] CFString
0x08008198	0x00000010	[156] CFString
0x080081A8	0x00000010	[134] CFString
0x080081B8	0x00000010	[162] CFString
0x080081C8	0x00000010	[ 57] CFString
0x080081D8	0x00000004	[ 35] _OBJC_IVAR_$_s3eCameraDelegate.m_Session
0x080081DC	0x00000004	[ 35] _OBJC_IVAR_$_s3eCameraDelegate.m_Terminating
0x080081E0	0x00000004	[ 57] _OBJC_IVAR_$_myPopoverDelegate.m_CanBeDismissed
0x080081E4	0x00000004	[ 57] _OBJC_IVAR_$_s3eUIImagePickerControllerDelegate.m_DeviceID
0x080081E8	0x00000004	[ 57] _OBJC_IVAR_$_s3eUIImagePickerControllerDelegate.m_OutFilePath
0x080081EC	0x00000004	[ 57] _OBJC_IVAR_$_s3eUIImagePickerControllerDelegate.m_FileDataOutputFn
0x080081F0	0x00000004	[ 57] _OBJC_IVAR_$_s3eUIImagePickerControllerDelegate.m_BufferDataOutputFn
0x080081F4	0x00000004	[ 57] _OBJC_IVAR_$_s3eUIImagePickerControllerDelegate.m_InGUI
0x080081F8	0x00000004	[ 57] _OBJC_IVAR_$_s3eUIImagePickerControllerDelegate.m_Result
0x080081FC	0x00000004	[ 57] _OBJC_IVAR_$_s3eUIImagePickerControllerDelegate.m_ImageOutputType
0x08008200	0x00000004	[ 57] _OBJC_IVAR_$_s3eUIImagePickerControllerDelegate.m_OutFilePathLen
0x08008204	0x00000004	[ 57] _OBJC_IVAR_$_s3eUIImagePickerControllerDelegate.m_ToFile
0x08008208	0x00000004	[ 57] _OBJC_IVAR_$_s3eUIGalleryImage.m_Image
0x0800820C	0x00000004	[ 57] _OBJC_IVAR_$_s3eUIImagePickerControllerDelegate.m_Picker
0x08008210	0x00000004	[ 57] _OBJC_IVAR_$_s3eUIImagePickerControllerDelegate.m_Info
0x08008214	0x00000004	[ 57] _OBJC_IVAR_$_s3eUIImagePickerControllerDelegate.m_MediaWasSelected
0x08008218	0x00000004	[132] _OBJC_IVAR_$_CSurface.coreSurfaceBuffer
0x0800821C	0x00000004	[133] _OBJC_IVAR_$_GLView.m_Context
0x08008220	0x00000004	[133] _OBJC_IVAR_$_GLView.m_DepthRenderbuffer
0x08008224	0x00000004	[133] _OBJC_IVAR_$_GLView.m_MSAARenderbuffer
0x08008228	0x00000004	[133] _OBJC_IVAR_$_GLView.m_MSAAFramebuffer
0x0800822C	0x00000004	[133] _OBJC_IVAR_$_GLView.m_ViewRenderbuffer
0x08008230	0x00000004	[133] _OBJC_IVAR_$_GLView.m_ViewFramebuffer
0x08008234	0x00000004	[133] _OBJC_IVAR_$_GLView.m_created
0x08008238	0x00000004	[133] _OBJC_IVAR_$_GLView.m_BackingWidth
0x0800823C	0x00000004	[133] _OBJC_IVAR_$_GLView.m_BackingHeight
0x08008240	0x00000004	[133] _OBJC_IVAR_$_GLView.m_UseMSAA
0x08008244	0x00000004	[133] _OBJC_IVAR_$_GLView.spriteTexture
0x08008248	0x00000004	[134] _OBJC_IVAR_$_MainView.m_Layer
0x0800824C	0x00000004	[134] _OBJC_IVAR_$_MainView.m_csBuffer
0x08008250	0x00000004	[134] _OBJC_IVAR_$_MainView.m_Width
0x08008254	0x00000004	[134] _OBJC_IVAR_$_MainView.m_Height
0x08008258	0x00000004	[136] _OBJC_IVAR_$_CallbackFunc.m_Func
0x0800825C	0x00000004	[136] _OBJC_IVAR_$_s3eAppDelegate.m_IsTextInput
0x08008260	0x00000004	[136] _OBJC_IVAR_$_s3eAppDelegate.m_TempLoadScreen
0x08008264	0x00000004	[136] _OBJC_IVAR_$_s3eAppDelegate.m_App
0x08008268	0x00000004	[136] _OBJC_IVAR_$_s3eAppDelegate.m_MainController
0x0800826C	0x00000004	[136] _OBJC_IVAR_$_s3eAppDelegate.m_Dialog
0x08008270	0x00000004	[136] _OBJC_IVAR_$_s3eAppDelegate.m_TextField
0x08008274	0x00000004	[136] _OBJC_IVAR_$_s3eAppDelegate.m_GLView
0x08008278	0x00000004	[136] _OBJC_IVAR_$_s3eAppDelegate.m_NumAsyncFuncs
0x0800827C	0x00000004	[136] _OBJC_IVAR_$_s3eAppDelegate.m_Func
0x08008280	0x00000004	[136] _OBJC_IVAR_$_s3eAppDelegate.m_SurfaceView
0x08008284	0x00000004	[136] _OBJC_IVAR_$_s3eAppDelegate.m_View
0x08008288	0x00000004	[136] _OBJC_IVAR_$_s3eAppDelegate.m_Window
0x0800828C	0x00000004	[136] _OBJC_IVAR_$_s3eAppDelegate.m_Timer
0x08008290	0x00000004	[136] _OBJC_IVAR_$_s3eAppDelegate.m_Loop
0x08008294	0x00000004	[136] _OBJC_IVAR_$_s3eAppDelegate.m_RetVal
0x08008298	0x00000004	[136] _OBJC_IVAR_$_s3eAppDelegate.m_Args
0x0800829C	0x00000004	[150] _OBJC_IVAR_$_s3eKeyInput.lastTime
0x080082A0	0x00000004	[150] _OBJC_IVAR_$_s3eKeyInput.gotQuickBackspaces
0x080082A4	0x00000004	[152] _OBJC_IVAR_$_MyCLController.m_LocationManager
0x080082A8	0x00000004	[162] _OBJC_IVAR_$_S3EViewController.m_Paused
0x080082AC	0x00000004	[162] _OBJC_IVAR_$_S3EViewController.m_MoviePlayer
0x080082B0	0x00000004	[162] _OBJC_IVAR_$_S3EViewController.m_MovieURL
0x080082B4	0x00000004	[162] _OBJC_IVAR_$_S3EViewController.m_AllowCB
0x080082B8	0x00000004	[162] _OBJC_IVAR_$_S3EViewController.m_WaitingToPlay
0x080082BC	0x00000004	[172] _OBJC_IVAR_$_MATRequestsQueuePart.index_
0x080082C0	0x00000004	[172] _OBJC_IVAR_$_MATRequestsQueuePart.modified_
0x080082C4	0x00000004	[172] _OBJC_IVAR_$_MATRequestsQueuePart.requests_
0x080082C8	0x00000004	[172] _OBJC_IVAR_$_MATRequestsQueuePart.fileName_
0x080082CC	0x00000004	[172] _OBJC_IVAR_$_MATRequestsQueuePart.filePathName_
0x080082D0	0x00000004	[172] _OBJC_IVAR_$_MATRequestsQueuePart.loaded_
0x080082D4	0x00000004	[172] _OBJC_IVAR_$_MATRequestsQueuePart.shouldLoadOnRequest_
0x080082D8	0x00000004	[172] _OBJC_IVAR_$_MATRequestsQueuePart.loadedRequestsCount_
0x080082DC	0x00000004	[173] _OBJC_IVAR_$_MATRequestsQueue.queueParts_
0x080082E0	0x00000004	[174] _OBJC_IVAR_$_MATReachability.reachabilityRef
0x080082E4	0x00000004	[174] _OBJC_IVAR_$_MATReachability.localWiFiRef
0x080082E8	0x00000004	[177] _OBJC_IVAR_$_MATUserAgent.agentString_
0x080082EC	0x00000004	[177] _OBJC_IVAR_$_MATUserAgent.webView_
0x080082F0	0x00000004	[177] _OBJC_IVAR_$_MATUserAgent.stringRetrieved_
0x080082F4	0x00000004	[180] _OBJC_IVAR_$_MATRemoteLogger.urlString_
0x080082F8	0x00000004	[182] _OBJC_IVAR_$_MobileAppTracker._parameters
0x080082FC	0x00000004	[182] _OBJC_IVAR_$_MobileAppTracker._delegate
0x08008300	0x00000004	[182] _OBJC_IVAR_$_MobileAppTracker._doNotEncryptDict
0x08008304	0x00000004	[182] _OBJC_IVAR_$_MobileAppTracker._serverPath
0x08008308	0x00000004	[182] _OBJC_IVAR_$_MobileAppTracker._defaultCurrencyCode
0x0800830C	0x00000004	[182] _OBJC_IVAR_$_MobileAppTracker._shouldUseHTTPS
0x08008310	0x00000004	[182] _OBJC_IVAR_$_MobileAppTracker._shouldGenerateMacAddress
0x08008314	0x00000004	[182] _OBJC_IVAR_$_MobileAppTracker._shouldGenerateOpenUDIDKey
0x08008318	0x00000004	[182] _OBJC_IVAR_$_MobileAppTracker._shouldGenereateODIN1Key
0x0800831C	0x00000004	[182] _OBJC_IVAR_$_MobileAppTracker._shouldUseCookieTracking
0x08008320	0x00000004	[182] _OBJC_IVAR_$_MobileAppTracker._shouldGenerateVendorIdentifier
0x08008324	0x00000004	[182] _OBJC_IVAR_$_MobileAppTracker._shouldGenerateAdvertiserIdentifier
0x08008328	0x00000004	[182] _OBJC_IVAR_$_MobileAppTracker._sdkDataParameters
0x0800832C	0x00000004	[185] _OBJC_IVAR_$_MNSURLConnection.url
0x08008330	0x00000004	[185] _OBJC_IVAR_$_MNSURLConnection.json
0x08008334	0x00000004	[185] _OBJC_IVAR_$_MATConnectionManager.requestsQueue_
0x08008338	0x00000004	[185] _OBJC_IVAR_$_MATConnectionManager._delegateTarget
0x0800833C	0x00000004	[185] _OBJC_IVAR_$_MATConnectionManager._delegateArgument
0x08008340	0x00000004	[185] _OBJC_IVAR_$_MATConnectionManager.reachability_
0x08008344	0x00000004	[185] _OBJC_IVAR_$_MATConnectionManager.status_
0x08008348	0x00000004	[185] _OBJC_IVAR_$_MATConnectionManager.dumpingQueue_
0x0800834C	0x00000004	[185] _OBJC_IVAR_$_MATConnectionManager.dumpTriesFailures_
0x08008350	0x00000004	[185] _OBJC_IVAR_$_MATConnectionManager._shouldDebug
0x08008354	0x00000004	[185] _OBJC_IVAR_$_MATConnectionManager._shouldAllowDuplicates
0x08008358	0x00000004	[185] _OBJC_IVAR_$_MATConnectionManager._isAppToApp
0x0800835C	0x00000004	[185] _OBJC_IVAR_$_MATConnectionManager._delegate
0x08008360	0x00000004	[185] _OBJC_IVAR_$_MATConnectionManager._delegateSuccessSelector
0x08008364	0x00000004	[185] _OBJC_IVAR_$_MATConnectionManager._delegateFailureSelector
0x08008370	0x00000810	[ 26] __ZL14g_SymbolsNames
0x08008B80	0x00000050	[ 55] __ZZ21ImagePicker_AddResultR20s3eImagePickerResultE4C.66
0x08008BD0	0x00000238	[ 96] __ZL8gCode2ID
0x08008E10	0x0000001C	[144] __ZZ24s3eDeviceGetInt_platformE10deviceList
0x08008E2C	0x00000004	[175] _KEY_ACTION
0x08008E30	0x00000004	[175] _KEY_ADVERTISER_ID
0x08008E34	0x00000004	[175] _KEY_APP_NAME
0x08008E38	0x00000004	[175] _KEY_APP_VERSION
0x08008E3C	0x00000004	[175] _KEY_APPLE
0x08008E40	0x00000004	[175] _KEY_CAMPAIGN_ID
0x08008E44	0x00000004	[175] _KEY_PUBLISHER_ID
0x08008E48	0x00000004	[175] _KEY_CFBUNDLEIDENTIFIER
0x08008E4C	0x00000004	[175] _KEY_CFBUNDLENAME
0x08008E50	0x00000004	[175] _KEY_CFBUNDLEVERSION
0x08008E54	0x00000004	[175] _KEY_CONVERSION_USER_AGENT
0x08008E58	0x00000004	[175] _KEY_COUNTRY_CODE
0x08008E5C	0x00000004	[175] _KEY_CURRENCY
0x08008E60	0x00000004	[175] _KEY_CURRENCY_USD
0x08008E64	0x00000004	[175] _KEY_DATA
0x08008E68	0x00000004	[175] _KEY_DEBUG
0x08008E6C	0x00000004	[175] _KEY_DEVICE_BRAND
0x08008E70	0x00000004	[175] _KEY_DEVICE_CARRIER
0x08008E74	0x00000004	[175] _KEY_DEVICE_ID
0x08008E78	0x00000004	[175] _KEY_DEVICE_MODEL
0x08008E7C	0x00000004	[175] _KEY_DOMAIN
0x08008E80	0x00000004	[175] _KEY_EVENT_REFERRAL
0x08008E84	0x00000004	[175] _KEY_FB_COOKIE_ID
0x08008E88	0x00000004	[175] _KEY_GUID_EMPTY
0x08008E8C	0x00000004	[175] _KEY_HTTP
0x08008E90	0x00000004	[175] _KEY_HTTPS
0x08008E94	0x00000004	[175] _KEY_INSDATE
0x08008E98	0x00000004	[175] _KEY_INSTALL_DATE
0x08008E9C	0x00000004	[175] _KEY_IOS
0x08008EA0	0x00000004	[175] _KEY_IOS_AD_TRACKING
0x08008EA4	0x00000004	[175] _KEY_IOS_IFA
0x08008EA8	0x00000004	[175] _KEY_IOS_IFV
0x08008EAC	0x00000004	[175] _KEY_IOS_PURCHASE_STATUS
0x08008EB0	0x00000004	[175] _KEY_JSON
0x08008EB4	0x00000004	[175] _KEY_KEY
0x08008EB8	0x00000004	[175] _KEY_KEY_INDEX
0x08008EBC	0x00000004	[175] _KEY_LANGUAGE
0x08008EC0	0x00000004	[175] _KEY_MAC_ADDRESS
0x08008EC4	0x00000004	[175] _KEY_MAT_APP_VERSION
0x08008EC8	0x00000004	[175] _KEY_MAT_ID
0x08008ECC	0x00000004	[175] _KEY_ODIN
0x08008ED0	0x00000004	[175] _KEY_OPEN_UDID
0x08008ED4	0x00000004	[175] _KEY_OS_JAILBROKE
0x08008ED8	0x00000004	[175] _KEY_OS_VERSION
0x08008EDC	0x00000004	[175] _KEY_PACKAGE_NAME
0x08008EE0	0x00000004	[175] _KEY_PUBLISHER_ADVERTISER_ID
0x08008EE4	0x00000004	[175] _KEY_REDIRECT
0x08008EE8	0x00000004	[175] _KEY_REDIRECT_URL
0x08008EEC	0x00000004	[175] _KEY_REF_ID
0x08008EF0	0x00000004	[175] _KEY_RESPONSE_FORMAT
0x08008EF4	0x00000004	[175] _KEY_REVENUE
0x08008EF8	0x00000004	[175] _KEY_SDK
0x08008EFC	0x00000004	[175] _KEY_SERVER_RESPONSE
0x08008F00	0x00000004	[175] _KEY_SESSION_DATETIME
0x08008F04	0x00000004	[175] _KEY_SITE_EVENT_ID
0x08008F08	0x00000004	[175] _KEY_SITE_EVENT_NAME
0x08008F0C	0x00000004	[175] _KEY_SITE_ID
0x08008F10	0x00000004	[175] _KEY_SKIP_DUP
0x08008F14	0x00000004	[175] _KEY_SOURCE
0x08008F18	0x00000004	[175] _KEY_STAGING
0x08008F1C	0x00000004	[175] _KEY_SUCCESS
0x08008F20	0x00000004	[175] _KEY_SYSTEM_DATE
0x08008F24	0x00000004	[175] _KEY_TARGET_BUNDLE_ID
0x08008F28	0x00000004	[175] _KEY_TRACKING_ID
0x08008F2C	0x00000004	[175] _KEY_TRUSTE_TPID
0x08008F30	0x00000004	[175] _KEY_URL
0x08008F34	0x00000004	[175] _KEY_USER_ID
0x08008F38	0x00000004	[175] _KEY_VER
0x08008F3C	0x00000004	[175] _KEY_XML
0x08008F40	0x00000004	[175] _KEY_CARRIER_COUNTRY_CODE
0x08008F44	0x00000004	[175] _KEY_CARRIER_COUNTRY_CODE_ISO
0x08008F48	0x00000004	[175] _KEY_CARRIER_NETWORK_CODE
0x08008F4C	0x00000004	[175] _DEFAULT_LOCALE_IDENTIFIER
0x08008F50	0x00000004	[175] _DEFAULT_TIMEZONE
0x08008F54	0x00000004	[175] _NORMALLY_ENCRYPTED
0x08008F58	0x00000004	[175] _HIGHLY_ENCRYPTED
0x08008F5C	0x00000004	[175] _EVENT_INSTALL
0x08008F60	0x00000004	[175] _EVENT_UPDATE
0x08008F64	0x00000004	[175] _EVENT_OPEN
0x08008F68	0x00000004	[175] _EVENT_CLICK
0x08008F6C	0x00000004	[175] _EVENT_CLOSE
0x08008F70	0x00000004	[175] _EVENT_CONVERSION
0x08008F74	0x00000004	[175] _HTTP_METHOD_POST
0x08008F78	0x00000004	[175] _HTTP_CONTENT_TYPE
0x08008F7C	0x00000004	[175] _HTTP_CONTENT_TYPE_APPLICATION_JSON
0x08008F80	0x00000004	[175] _KEY_ERROR_DOMAIN_MOBILEAPPTRACKER
0x08008F84	0x00000004	[175] _STRING_EMPTY
0x08008F88	0x00000004	[175] _SERVER_DOMAIN_COOKIE_TRACKING
0x08008F8C	0x00000004	[175] _SERVER_DOMAIN_REGULAR_TRACKING_PROD
0x08008F90	0x00000004	[175] _SERVER_DOMAIN_REGULAR_TRACKING_STAGE
0x08008F94	0x00000004	[175] _SERVER_PATH_TRACKING_ENGINE
0x08008FA0	0x00000010	[182] l105
0x08008FB0	0x00000020	[182] l106
0x08008FD0	0x00000018	[182] l107
0x08008FF0	0x00000001	[ 17] __ZZ20iw__strtold_internalPKcPPciE21_s_IwAssertIgnoreThis.b
0x08008FF1	0x00000001	[ 18] __ZZL12__IwvfprintfP12InternalFilePKcPvE21_s_IwAssertIgnoreThis.b
0x08008FF8	0x00000006	[ 19] __MergedGlobals
0x08008FFE	0x00000001	[ 23] __ZZ25IwS3EReadCheckLicenseDataP19IwS3EAdditionalDataiE21_s_IwAssertIgnoreThis.b
0x08009000	0x00000005	[ 24] __MergedGlobals
0x08009005	0x00000001	[ 25] __ZZ11s3eExecExitE21_s_IwAssertIgnoreThis.b
0x08009010	0x00000200	[ 32] __MergedGlobals
0x08009210	0x00000020	[ 43] __MergedGlobals
0x08009230	0x00000004	[ 48] __ZL7g_email
0x08009238	0x00000008	[ 57] __MergedGlobals
0x08009240	0x00000008	[ 60] __MergedGlobals
0x08009248	0x00000002	[ 70] __MergedGlobals
0x08009250	0x00000037	[ 77] __MergedGlobals
0x08009288	0x00000007	[ 78] __MergedGlobals
0x0800928F	0x00000001	[ 79] __ZZ33s3eCompressionDecompInit_platform24s3eCompressionAlgorithmsP23_s3eDecompressionStructE21_s_IwAssertIgnoreThis.b
0x08009290	0x00000002	[ 82] __MergedGlobals
0x08009298	0x00000003	[ 85] __MergedGlobals
0x080092A0	0x00000011	[ 89] __MergedGlobals
0x080092B4	0x00000004	[ 90] __ZZ11s3eDoCopyupPK14s3eSurfaceInfoS1_23s3eSurfaceBlitDirectionE4once
0x080092B8	0x00000002	[ 92] __MergedGlobals
0x080092C0	0x00000003	[ 95] __MergedGlobals
0x080092C8	0x00000010	[ 96] __MergedGlobals
0x080092D8	0x00000002	[ 97] __MergedGlobals
0x080092E0	0x00000003	[ 98] __MergedGlobals
0x080092E8	0x00000003	[ 99] __MergedGlobals
0x080092F0	0x00000006	[100] __MergedGlobals
0x08009300	0x00000012	[101] __MergedGlobals
0x08009318	0x0000000C	[102] __MergedGlobals
0x08009328	0x00000006	[103] __MergedGlobals
0x08009330	0x00000006	[105] __MergedGlobals
0x08009336	0x00000001	[106] __ZZL15s3e2PosixAccess13s3eFileAccessE21_s_IwAssertIgnoreThis.b
0x08009338	0x00000003	[107] __MergedGlobals
0x08009340	0x00000004	[108] __MergedGlobals
0x08009348	0x00000005	[110] __MergedGlobals
0x08009350	0x0000000A	[113] __MergedGlobals
0x08009360	0x00000003	[115] __MergedGlobals
0x08009368	0x00000004	[117] __MergedGlobals
0x08009370	0x00000004	[118] __MergedGlobals
0x08009374	0x00000001	[119] __ZZ23s3eSoundChannelRegisterE21_s_IwAssertIgnoreThis.b
0x08009378	0x00000002	[120] __MergedGlobals
0x08009380	0x00000003	[122] __MergedGlobals
0x08009388	0x00000007	[124] __MergedGlobals
0x08009390	0x00000008	[126] __MergedGlobals
0x080093A0	0x0000001B	[127] __MergedGlobals
0x080093C0	0x0000000B	[128] __MergedGlobals
0x080093D0	0x0000000A	[129] __MergedGlobals
0x080093E0	0x00000054	[132] __MergedGlobals
0x08009438	0x00000003	[133] __MergedGlobals
0x08009440	0x0000028C	[136] __MergedGlobals
0x080096D0	0x00000008	[144] __MergedGlobals
0x080096E0	0x0000001C	[147] __ZL12gAsyncWorker
0x08009700	0x00000400	[149] __ZZ14s3eGlGetStringE9gTempBuff
0x08009B00	0x00000004	[150] __ZL9responder
0x08009B10	0x00000044	[155] __MergedGlobals
0x08009B60	0x00000010	[156] __ZZ18AudioErrorToStringE3buf
0x08009B70	0x000000CC	[156] __MergedGlobals
0x08009C40	0x00000003	[158] __MergedGlobals
0x08009C44	0x00000004	[160] __ZL9g_OutFile
0x08009C48	0x00000008	[162] __MergedGlobals
0x08009C50	0x00000001	[164] __ZZ22s3eCryptoRand_platformvE21_s_IwAssertIgnoreThis.b
0x08009C58	0x0000000C	[165] __MergedGlobals
0x08009C64	0x00000004	[176] l029
0x08009C68	0x00000004	[178] l011
0x08009C6C	0x00000008	[182] l108
0x08009C74	0x00000004	[185] l064
0x08009C80	0x00000004	[ 11] _NXArgc
0x08009C84	0x00000004	[ 11] _NXArgv
0x08009C88	0x00000004	[ 11] _environ
0x08009C8C	0x00000004	[ 11] ___progname
0x08009C90	0x0000010C	[ 20] _g_IwStdlibGlobals
0x08009DA0	0x00000418	[ 24] _g_s3eExecGlobals
0x0800A1B8	0x00000010	[ 43] _g_UIDList
0x0800A1C8	0x00000004	[ 48] _gEmailStatus
0x0800A1D0	0x00000020	[ 82] _g_s3eAccelerometerGlobals
0x0800A1F0	0x000000DC	[ 83] _g_s3eAudioGlobals
0x0800A2D0	0x0000020C	[ 85] _g_s3eCallbacksGlobals
0x0800A4E0	0x0000024C	[ 87] _g_s3eCompressionGlobals
0x0800A730	0x00000004	[ 89] _g_s3eConfigGlobals
0x0800A740	0x000001A0	[ 93] _g_s3eCryptoGlobals
0x0800A8E0	0x000020E4	[ 94] _g_s3eDebugGlobals
0x0800C9D0	0x000001D0	[ 96] _g_s3eDeviceGlobals
0x0800CBA0	0x00000E10	[100] _g_s3eExtGlobals
0x0800D9B0	0x00000200	[100] _g_StaticInitArray
0x0800DBB0	0x00000014	[101] _g_s3eFibreGlobals
0x0800DBD0	0x00001BF0	[102] _g_s3eFileGlobals
0x0800F7C0	0x00000034	[107] _g_s3eGLGlobals
0x0800F7F4	0x00000004	[109] _g_GlobalsInited
0x0800F800	0x00000258	[110] _g_s3eKeyboardGlobals
0x0800FA58	0x00000004	[111] _g_s3eLicenseGlobals
0x0800FA60	0x000000C0	[113] _g_s3eMemoryGlobals
0x0800FB20	0x00000124	[115] _g_s3ePointerGlobals
0x0800FC50	0x00002328	[117] _g_s3eSocketGlobals
0x08011F80	0x00000080	[118] _g_DNSLookupAddr
0x08012000	0x00000010	[118] _g_DNSCurID
0x08012010	0x00000080	[118] _g_Sockets
0x08012090	0x00000004	[118] _g_ActiveSockets
0x08012094	0x00000004	[118] _g_DNSResult
0x08012098	0x00000004	[118] _g_DNSFinishedID
0x0801209C	0x00000004	[118] _g_DNSThread
0x080120A0	0x00000004	[118] _g_DNSCallback
0x080120A4	0x0000000C	[118] _g_DNSUserData
0x080120B0	0x00000028	[118] _g_DNSThreadAddr
0x080120E0	0x00000030	[119] _g_s3eSoundGlobals
0x08012110	0x0000100C	[124] _g_iPhoneGlue2
0x0801311C	0x00000004	[124] _g_GameStackCacheBottom
0x08013120	0x00000004	[124] _g_GameStackCacheTop
0x08013124	0x00000004	[124] _g_LoaderStack
0x08013128	0x00000004	[124] _g_GlobalLock
0x08013130	0x000000A8	[126] _g_s3eSurfaceGlobals
0x080131E0	0x0000057C	[127] _g_s3eThreadGlobals
0x08013760	0x0000001C	[129] _g_s3eTimerGlobals
0x08013780	0x00000008	[130] _g_s3eVibraGlobals
0x08013790	0x00000044	[131] _g_s3eVideoGlobals
0x080137E0	0x00000018	[136] _g_s3eIPhoneGlobals
0x080137F8	0x00000048	[136] _g_DevicePushNotificationToken
0x08013840	0x00000004	[136] _g_InitialRemoteNotification
0x08013844	0x0000000C	[136] _g_InitialLocalNotification
0x08013850	0x00000400	[136] _g_InitialOpenURL
0x08013C50	0x00000004	[136] _g_delegate
0x08013C58	0x00000004	[136] _g_OSWaitTestSem
0x08013C5C	0x00000004	[136] _g_OSWaitTestDuration
0x08013C60	0x00000004	[136] _g_SplashScreenPending
0x08013C64	0x00000004	[136] _g_LoaderThread
0x08013C68	0x00000004	[136] _g_terminating
0x08013C6C	0x00000004	[136] _g_r9
0x08013C70	0x00000030	[136] _g_SurfaceShowLock
0x08013CA0	0x0000001C	[136] _g_SurfaceShowCond
0x08013CBC	0x00000004	[136] _g_argc
0x08013CC0	0x00000004	[136] _g_argv
0x08013CC8	0x00000004	[138] _g_AudioPlayer
0x08013CCC	0x00000004	[158] _g_Image
0x08013CD0	0x00000004	[170] _g_s3eMATSDKVal
0x08013CD4	0x00000004	[171] _matDelegate
0x08600000	0x00000004	[157] _g_s3e_data
