Archive member included because of file (symbol)

C:\marmalade\6.4\s3e\edk\lib\android\libedk.a(edk_helpers.o)
                              release\s3eMATSDK_platform.os (s3eEdkThreadRunOnOS)

Discarded input sections

 .text          0x00000000        0x0 C:/Users/John/tools/android-ndk-r8c/platforms/android-9/arch-arm/usr/lib/crtbegin_so.o
 .bss           0x00000000        0x0 C:/Users/John/tools/android-ndk-r8c/platforms/android-9/arch-arm/usr/lib/crtbegin_so.o
 .note.GNU-stack
                0x00000000        0x0 C:/Users/John/tools/android-ndk-r8c/platforms/android-9/arch-arm/usr/lib/crtbegin_so.o
 _ZN7_JNIEnv11GetMethodIDEP7_jclassPKcS3_
                0x00000000        0x0 release\s3eMATSDK_platform.os
 _ZN7_JNIEnv14CallVoidMethodEP8_jobjectP10_jmethodIDz
                0x00000000        0x0 release\s3eMATSDK_platform.os
 _ZN7_JNIEnv9NewObjectEP7_jclassP10_jmethodIDz
                0x00000000        0x0 release\s3eMATSDK_platform.os
 _ZN7_JNIEnv17CallBooleanMethodEP8_jobjectP10_jmethodIDz
                0x00000000        0x0 release\s3eMATSDK_platform.os
 .text          0x00000000        0x0 release\s3eMATSDK_platform.os
 .data          0x00000000        0x0 release\s3eMATSDK_platform.os
 .note.GNU-stack
                0x00000000        0x0 release\s3eMATSDK_platform.os
 .text          0x00000000        0x0 release\s3eMATSDK.os
 .data          0x00000000        0x0 release\s3eMATSDK.os
 .bss           0x00000000        0x0 release\s3eMATSDK.os
 .note.GNU-stack
                0x00000000        0x0 release\s3eMATSDK.os
 .text          0x00000000        0x0 release\s3eMATSDK_register.os
 .data          0x00000000        0x0 release\s3eMATSDK_register.os
 .bss           0x00000000        0x0 release\s3eMATSDK_register.os
 .text._Z20s3eMATSDKRegisterExtv
                0x00000000        0x0 release\s3eMATSDK_register.os
 .note.GNU-stack
                0x00000000        0x0 release\s3eMATSDK_register.os
 .text          0x00000000        0x0 C:\marmalade\6.4\s3e\edk\lib\android\libedk.a(edk_helpers.o)
 .data          0x00000000        0x0 C:\marmalade\6.4\s3e\edk\lib\android\libedk.a(edk_helpers.o)
 .bss           0x00000000        0x0 C:\marmalade\6.4\s3e\edk\lib\android\libedk.a(edk_helpers.o)
 .text.s3eEdkThreadRunOnOSAsync
                0x00000000        0x0 C:\marmalade\6.4\s3e\edk\lib\android\libedk.a(edk_helpers.o)
 .text.s3eEdkErrorSetString
                0x00000000        0x0 C:\marmalade\6.4\s3e\edk\lib\android\libedk.a(edk_helpers.o)
 .note.GNU-stack
                0x00000000        0x0 C:\marmalade\6.4\s3e\edk\lib\android\libedk.a(edk_helpers.o)
 .text          0x00000000        0x0 C:/Users/John/tools/android-ndk-r8c/platforms/android-9/arch-arm/usr/lib/crtend_so.o
 .data          0x00000000        0x0 C:/Users/John/tools/android-ndk-r8c/platforms/android-9/arch-arm/usr/lib/crtend_so.o
 .bss           0x00000000        0x0 C:/Users/John/tools/android-ndk-r8c/platforms/android-9/arch-arm/usr/lib/crtend_so.o
 .note.GNU-stack
                0x00000000        0x0 C:/Users/John/tools/android-ndk-r8c/platforms/android-9/arch-arm/usr/lib/crtend_so.o

Memory Configuration

Name             Origin             Length             Attributes
*default*        0x00000000         0xffffffff

Linker script and memory map

LOAD C:/Users/John/tools/android-ndk-r8c/platforms/android-9/arch-arm/usr/lib/crtbegin_so.o
LOAD release\s3eMATSDK_platform.os
LOAD release\s3eMATSDK.os
LOAD release\s3eMATSDK_register.os
LOAD C:\marmalade\6.4\s3e\edk\lib\android\libedk.a
LOAD C:\marmalade\6.4\s3e\edk\lib\android/libplaceholderplaceholderplaceholderplaceholderplaceholder.so
LOAD C:\Users\John\tools\android-ndk-r8c\platforms\android-9\arch-arm\usr\lib/liblog.so
LOAD C:\Users\John\tools\android-ndk-r8c\sources\cxx-stl\gnu-libstdc++\4.4.3\libs\armeabi\libgnustl_static.a
LOAD c:/Users/John/tools/android-ndk-r8c/toolchains/arm-linux-androideabi-4.4.3/prebuilt/windows/bin/../lib/gcc/arm-linux-androideabi/4.4.3\libgcc.a
LOAD C:\Users\John\tools\android-ndk-r8c\platforms\android-9\arch-arm\usr\lib/libstdc++.so
LOAD C:\Users\John\tools\android-ndk-r8c\platforms\android-9\arch-arm\usr\lib/libm.so
LOAD C:\Users\John\tools\android-ndk-r8c\platforms\android-9\arch-arm\usr\lib/libc.so
LOAD c:/Users/John/tools/android-ndk-r8c/toolchains/arm-linux-androideabi-4.4.3/prebuilt/windows/bin/../lib/gcc/arm-linux-androideabi/4.4.3\libgcc.a
LOAD C:\Users\John\tools\android-ndk-r8c\platforms\android-9\arch-arm\usr\lib/libc.so
LOAD C:\Users\John\tools\android-ndk-r8c\platforms\android-9\arch-arm\usr\lib/libdl.so
LOAD c:/Users/John/tools/android-ndk-r8c/toolchains/arm-linux-androideabi-4.4.3/prebuilt/windows/bin/../lib/gcc/arm-linux-androideabi/4.4.3\libgcc.a
LOAD C:/Users/John/tools/android-ndk-r8c/platforms/android-9/arch-arm/usr/lib/crtend_so.o
                0x000000d4                . = (0x0 + SIZEOF_HEADERS)

.note.gnu.build-id
 *(.note.gnu.build-id)

.hash           0x000000d4       0xa4
 *(.hash)
 .hash          0x000000d4       0xa4 C:/Users/John/tools/android-ndk-r8c/platforms/android-9/arch-arm/usr/lib/crtbegin_so.o

.gnu.hash
 *(.gnu.hash)

.dynsym         0x00000178      0x160
 *(.dynsym)
 .dynsym        0x00000178      0x160 C:/Users/John/tools/android-ndk-r8c/platforms/android-9/arch-arm/usr/lib/crtbegin_so.o

.dynstr         0x000002d8      0x135
 *(.dynstr)
 .dynstr        0x000002d8      0x135 C:/Users/John/tools/android-ndk-r8c/platforms/android-9/arch-arm/usr/lib/crtbegin_so.o

.gnu.version    0x0000040e        0x0 load address 0x0000040d
 *(.gnu.version)
 .gnu.version   0x00000000        0x0 C:/Users/John/tools/android-ndk-r8c/platforms/android-9/arch-arm/usr/lib/crtbegin_so.o

.gnu.version_d  0x00000410        0x0 load address 0x0000040d
 *(.gnu.version_d)
 .gnu.version_d
                0x00000000        0x0 C:/Users/John/tools/android-ndk-r8c/platforms/android-9/arch-arm/usr/lib/crtbegin_so.o

.gnu.version_r  0x00000410        0x0 load address 0x0000040d
 *(.gnu.version_r)
 .gnu.version_r
                0x00000000        0x0 C:/Users/John/tools/android-ndk-r8c/platforms/android-9/arch-arm/usr/lib/crtbegin_so.o

.rel.dyn        0x00000410      0x128
 *(.rel.init)
 *(.rel.text .rel.text.* .rel.gnu.linkonce.t.*)
 *(.rel.fini)
 *(.rel.rodata .rel.rodata.* .rel.gnu.linkonce.r.*)
 *(.rel.data.rel.ro* .rel.gnu.linkonce.d.rel.ro.*)
 *(.rel.data .rel.data.* .rel.gnu.linkonce.d.*)
 *(.rel.tdata .rel.tdata.* .rel.gnu.linkonce.td.*)
 *(.rel.tbss .rel.tbss.* .rel.gnu.linkonce.tb.*)
 *(.rel.ctors)
 *(.rel.dtors)
 *(.rel.got)
 .rel.got       0x00000410      0x120 C:/Users/John/tools/android-ndk-r8c/platforms/android-9/arch-arm/usr/lib/crtbegin_so.o
 *(.rel.bss .rel.bss.* .rel.gnu.linkonce.b.*)
 .rel.fini_array
                0x00000530        0x8 C:/Users/John/tools/android-ndk-r8c/platforms/android-9/arch-arm/usr/lib/crtbegin_so.o

.rela.dyn
 *(.rela.init)
 *(.rela.text .rela.text.* .rela.gnu.linkonce.t.*)
 *(.rela.fini)
 *(.rela.rodata .rela.rodata.* .rela.gnu.linkonce.r.*)
 *(.rela.data .rela.data.* .rela.gnu.linkonce.d.*)
 *(.rela.tdata .rela.tdata.* .rela.gnu.linkonce.td.*)
 *(.rela.tbss .rela.tbss.* .rela.gnu.linkonce.tb.*)
 *(.rela.ctors)
 *(.rela.dtors)
 *(.rela.got)
 *(.rela.bss .rela.bss.* .rela.gnu.linkonce.b.*)

.rel.plt        0x00000538       0x28
 *(.rel.plt)
 .rel.plt       0x00000538       0x28 C:/Users/John/tools/android-ndk-r8c/platforms/android-9/arch-arm/usr/lib/crtbegin_so.o

.rela.plt
 *(.rela.plt)

.init
 *(.init)

.plt            0x00000560       0x50
 *(.plt)
 .plt           0x00000560       0x50 C:/Users/John/tools/android-ndk-r8c/platforms/android-9/arch-arm/usr/lib/crtbegin_so.o

.text           0x000005b0     0x1d88
 *(.text .stub .text.* .gnu.linkonce.t.*)
 .text.exit     0x000005b0       0x10 C:/Users/John/tools/android-ndk-r8c/platforms/android-9/arch-arm/usr/lib/crtbegin_so.o
                0x000005b0                __on_dlclose
 .text._ZN7_JNIEnv11GetMethodIDEP7_jclassPKcS3_
                0x000005c0       0x14 release\s3eMATSDK_platform.os
                0x000005c0                _JNIEnv::GetMethodID(_jclass*, char const*, char const*)
 .text._Z24MATSDKTerminate_platformv
                0x000005d4        0x4 release\s3eMATSDK_platform.os
                0x000005d4                MATSDKTerminate_platform()
 .text._Z41MATSetAppleAdvertisingIdentifier_platformPKc
                0x000005d8        0x4 release\s3eMATSDK_platform.os
                0x000005d8                MATSetAppleAdvertisingIdentifier_platform(char const*)
 .text._Z36MATSetAppleVendorIdentifier_platformPKc
                0x000005dc        0x4 release\s3eMATSDK_platform.os
                0x000005dc                MATSetAppleVendorIdentifier_platform(char const*)
 .text._Z28MATSetAppAdTracking_platformb
                0x000005e0        0x4 release\s3eMATSDK_platform.os
                0x000005e0                MATSetAppAdTracking_platform(bool)
 .text._Z23MATSetDelegate_platformb
                0x000005e4        0x4 release\s3eMATSDK_platform.os
                0x000005e4                MATSetDelegate_platform(bool)
 .text._Z25MATSetJailbroken_platformb
                0x000005e8        0x4 release\s3eMATSDK_platform.os
                0x000005e8                MATSetJailbroken_platform(bool)
 .text._Z23MATSetOpenUDID_platformPKc
                0x000005ec        0x4 release\s3eMATSDK_platform.os
                0x000005ec                MATSetOpenUDID_platform(char const*)
 .text._Z26MATSetRedirectUrl_platformPKc
                0x000005f0        0x4 release\s3eMATSDK_platform.os
                0x000005f0                MATSetRedirectUrl_platform(char const*)
 .text._Z41MATSetShouldAutoDetectJailbroken_platformb
                0x000005f4        0x4 release\s3eMATSDK_platform.os
                0x000005f4                MATSetShouldAutoDetectJailbroken_platform(bool)
 .text._Z59MATSetShouldAutoGenerateAppleAdvertisingIdentifier_platformb
                0x000005f8        0x4 release\s3eMATSDK_platform.os
                0x000005f8                MATSetShouldAutoGenerateAppleAdvertisingIdentifier_platform(bool)
 .text._Z54MATSetShouldAutoGenerateAppleVendorIdentifier_platformb
                0x000005fc        0x4 release\s3eMATSDK_platform.os
                0x000005fc                MATSetShouldAutoGenerateAppleVendorIdentifier_platform(bool)
 .text._Z25MATSetMACAddress_platformPKc
                0x00000600        0x4 release\s3eMATSDK_platform.os
                0x00000600                MATSetMACAddress_platform(char const*)
 .text._Z20MATSetODIN1_platformPKc
                0x00000604        0x4 release\s3eMATSDK_platform.os
                0x00000604                MATSetODIN1_platform(char const*)
 .text._Z19MATSetUIID_platformPKc
                0x00000608        0x4 release\s3eMATSDK_platform.os
                0x00000608                MATSetUIID_platform(char const*)
 .text._Z32MATSetUseCookieTracking_platformb
                0x0000060c        0x4 release\s3eMATSDK_platform.os
                0x0000060c                MATSetUseCookieTracking_platform(bool)
 .text._ZN7_JNIEnv14CallVoidMethodEP8_jobjectP10_jmethodIDz
                0x00000610       0x34 release\s3eMATSDK_platform.os
                0x00000610                _JNIEnv::CallVoidMethod(_jobject*, _jmethodID*, ...)
 .text._ZN7_JNIEnv9NewObjectEP7_jclassP10_jmethodIDz
                0x00000644       0x34 release\s3eMATSDK_platform.os
                0x00000644                _JNIEnv::NewObject(_jclass*, _jmethodID*, ...)
 .text._ZN7_JNIEnv17CallBooleanMethodEP8_jobjectP10_jmethodIDz
                0x00000678       0x34 release\s3eMATSDK_platform.os
                0x00000678                _JNIEnv::CallBooleanMethod(_jobject*, _jmethodID*, ...)
 .text._Z23MATTrackUpdate_platformv
                0x000006ac       0x4c release\s3eMATSDK_platform.os
                0x000006ac                MATTrackUpdate_platform()
 .text._Z24MATTrackInstall_platformv
                0x000006f8       0x50 release\s3eMATSDK_platform.os
                0x000006f8                MATTrackInstall_platform()
 .text._Z25MATSDKParameters_platformv
                0x00000748       0x50 release\s3eMATSDK_platform.os
                0x00000748                MATSDKParameters_platform()
 .text._Z24MATSetDebugMode_platformb
                0x00000798       0x58 release\s3eMATSDK_platform.os
                0x00000798                MATSetDebugMode_platform(bool)
 .text._Z22MATSetRevenue_platformd
                0x000007f0       0x5c release\s3eMATSDK_platform.os
                0x000007f0                MATSetRevenue_platform(double)
 .text._Z23MATSetLocation_platformddd
                0x0000084c       0x70 release\s3eMATSDK_platform.os
                0x0000084c                MATSetLocation_platform(double, double, double)
 .text._Z21MATSetGender_platformi
                0x000008bc       0x58 release\s3eMATSDK_platform.os
                0x000008bc                MATSetGender_platform(int)
 .text._Z18MATSetAge_platformi
                0x00000914       0x58 release\s3eMATSDK_platform.os
                0x00000914                MATSetAge_platform(int)
 .text._Z30MATSetAllowDuplicates_platformb
                0x0000096c       0x58 release\s3eMATSDK_platform.os
                0x0000096c                MATSetAllowDuplicates_platform(bool)
 .text._Z23MATSetTRUSTeId_platformPKc
                0x000009c4       0x88 release\s3eMATSDK_platform.os
                0x000009c4                MATSetTRUSTeId_platform(char const*)
 .text._Z21MATSetUserId_platformPKc
                0x00000a4c       0x88 release\s3eMATSDK_platform.os
                0x00000a4c                MATSetUserId_platform(char const*)
 .text._Z26MATSetPackageName_platformPKc
                0x00000ad4       0x88 release\s3eMATSDK_platform.os
                0x00000ad4                MATSetPackageName_platform(char const*)
 .text._Z27MATSetCurrencyCode_platformPKc
                0x00000b5c       0x88 release\s3eMATSDK_platform.os
                0x00000b5c                MATSetCurrencyCode_platform(char const*)
 .text._Z21MATSetSiteId_platformPKc
                0x00000be4       0x88 release\s3eMATSDK_platform.os
                0x00000be4                MATSetSiteId_platform(char const*)
 .text._Z39MATTrackInstallWithReferenceId_platformPKc
                0x00000c6c       0x88 release\s3eMATSDK_platform.os
                0x00000c6c                MATTrackInstallWithReferenceId_platform(char const*)
 .text._Z33MATStartMobileAppTracker_platformPKcS0_
                0x00000cf4       0xbc release\s3eMATSDK_platform.os
                0x00000cf4                MATStartMobileAppTracker_platform(char const*, char const*)
 .text._Z23MATTrackAction_platformPKcbdS0_
                0x00000db0       0xcc release\s3eMATSDK_platform.os
                0x00000db0                MATTrackAction_platform(char const*, bool, double, char const*)
 .text._Z39MATTrackActionForEventIdOrName_platformPKcbS0_
                0x00000e7c       0xc4 release\s3eMATSDK_platform.os
                0x00000e7c                MATTrackActionForEventIdOrName_platform(char const*, bool, char const*)
 .text._ZL27s3eEdkAndroidFindClass_realPKc
                0x00000f40       0xb8 release\s3eMATSDK_platform.os
 .text._Z33MATStartAppToAppTracking_platformPKcS0_S0_S0_b
                0x00000ff8      0x12c release\s3eMATSDK_platform.os
                0x00000ff8                MATStartAppToAppTracking_platform(char const*, char const*, char const*, char const*, bool)
 .text._Z44MATTrackActionForEventIdOrNameItems_platformPKcbPK8MATArrayS0_dS0_hS0_S0_
                0x00001124      0x444 release\s3eMATSDK_platform.os
                0x00001124                MATTrackActionForEventIdOrNameItems_platform(char const*, bool, MATArray const*, char const*, double, char const*, unsigned char, char const*, char const*)
 .text._Z19MATSDKInit_platformv
                0x00001568      0x4f8 release\s3eMATSDK_platform.os
                0x00001568                MATSDKInit_platform()
 .text.MATSetLocation
                0x00001a60        0x4 release\s3eMATSDK.os
                0x00001a60                MATSetLocation
 .text.MATSetGender
                0x00001a64        0x4 release\s3eMATSDK.os
                0x00001a64                MATSetGender
 .text.MATSetAge
                0x00001a68        0x4 release\s3eMATSDK.os
                0x00001a68                MATSetAge
 .text.MATSetAppleVendorIdentifier
                0x00001a6c        0x4 release\s3eMATSDK.os
                0x00001a6c                MATSetAppleVendorIdentifier
 .text.MATSetAppleAdvertisingIdentifier
                0x00001a70        0x4 release\s3eMATSDK.os
                0x00001a70                MATSetAppleAdvertisingIdentifier
 .text.MATSetRedirectUrl
                0x00001a74        0x4 release\s3eMATSDK.os
                0x00001a74                MATSetRedirectUrl
 .text.MATSetUseCookieTracking
                0x00001a78        0x4 release\s3eMATSDK.os
                0x00001a78                MATSetUseCookieTracking
 .text.MATSetShouldAutoGenerateAppleAdvertisingIdentifier
                0x00001a7c        0x4 release\s3eMATSDK.os
                0x00001a7c                MATSetShouldAutoGenerateAppleAdvertisingIdentifier
 .text.MATSetShouldAutoGenerateAppleVendorIdentifier
                0x00001a80        0x4 release\s3eMATSDK.os
                0x00001a80                MATSetShouldAutoGenerateAppleVendorIdentifier
 .text.MATSetUIID
                0x00001a84        0x4 release\s3eMATSDK.os
                0x00001a84                MATSetUIID
 .text.MATSetODIN1
                0x00001a88        0x4 release\s3eMATSDK.os
                0x00001a88                MATSetODIN1
 .text.MATSetMACAddress
                0x00001a8c        0x4 release\s3eMATSDK.os
                0x00001a8c                MATSetMACAddress
 .text.MATSetShouldAutoDetectJailbroken
                0x00001a90        0x4 release\s3eMATSDK.os
                0x00001a90                MATSetShouldAutoDetectJailbroken
 .text.MATSetAllowDuplicates
                0x00001a94        0x4 release\s3eMATSDK.os
                0x00001a94                MATSetAllowDuplicates
 .text.MATSetDebugMode
                0x00001a98        0x4 release\s3eMATSDK.os
                0x00001a98                MATSetDebugMode
 .text.MATSetDelegate
                0x00001a9c        0x4 release\s3eMATSDK.os
                0x00001a9c                MATSetDelegate
 .text.MATSetAppAdTracking
                0x00001aa0        0x4 release\s3eMATSDK.os
                0x00001aa0                MATSetAppAdTracking
 .text.MATSetTRUSTeId
                0x00001aa4        0x4 release\s3eMATSDK.os
                0x00001aa4                MATSetTRUSTeId
 .text.MATSetSiteId
                0x00001aa8        0x4 release\s3eMATSDK.os
                0x00001aa8                MATSetSiteId
 .text.MATSetRevenue
                0x00001aac        0x4 release\s3eMATSDK.os
                0x00001aac                MATSetRevenue
 .text.MATSetUserId
                0x00001ab0        0x4 release\s3eMATSDK.os
                0x00001ab0                MATSetUserId
 .text.MATSetOpenUDID
                0x00001ab4        0x4 release\s3eMATSDK.os
                0x00001ab4                MATSetOpenUDID
 .text.MATSetJailbroken
                0x00001ab8        0x4 release\s3eMATSDK.os
                0x00001ab8                MATSetJailbroken
 .text.MATSetCurrencyCode
                0x00001abc        0x4 release\s3eMATSDK.os
                0x00001abc                MATSetCurrencyCode
 .text.MATSetPackageName
                0x00001ac0        0x4 release\s3eMATSDK.os
                0x00001ac0                MATSetPackageName
 .text.MATStartAppToAppTracking
                0x00001ac4        0xc release\s3eMATSDK.os
                0x00001ac4                MATStartAppToAppTracking
 .text.MATTrackAction
                0x00001ad0        0x4 release\s3eMATSDK.os
                0x00001ad0                MATTrackAction
 .text.MATTrackActionForEventIdOrNameItems
                0x00001ad4       0x18 release\s3eMATSDK.os
                0x00001ad4                MATTrackActionForEventIdOrNameItems
 .text.MATTrackActionForEventIdOrName
                0x00001aec        0x4 release\s3eMATSDK.os
                0x00001aec                MATTrackActionForEventIdOrName
 .text.MATTrackInstallWithReferenceId
                0x00001af0        0x4 release\s3eMATSDK.os
                0x00001af0                MATTrackInstallWithReferenceId
 .text.MATTrackUpdate
                0x00001af4        0x4 release\s3eMATSDK.os
                0x00001af4                MATTrackUpdate
 .text.MATTrackInstall
                0x00001af8        0x4 release\s3eMATSDK.os
                0x00001af8                MATTrackInstall
 .text.MATSDKParameters
                0x00001afc        0x4 release\s3eMATSDK.os
                0x00001afc                MATSDKParameters
 .text.MATStartMobileAppTracker
                0x00001b00        0x4 release\s3eMATSDK.os
                0x00001b00                MATStartMobileAppTracker
 .text._Z18s3eMATSDKTerminatev
                0x00001b04        0x4 release\s3eMATSDK.os
                0x00001b04                s3eMATSDKTerminate()
 .text._Z13s3eMATSDKInitv
                0x00001b08        0x4 release\s3eMATSDK.os
                0x00001b08                s3eMATSDKInit()
 .text._ZL26MATSetAllowDuplicates_wrapb
                0x00001b0c       0x18 release\s3eMATSDK_register.os
 .text._ZL20MATSetDebugMode_wrapb
                0x00001b24       0x18 release\s3eMATSDK_register.os
 .text._ZL21MATSDKParameters_wrapv
                0x00001b3c       0x14 release\s3eMATSDK_register.os
 .text._ZL55MATSetShouldAutoGenerateAppleAdvertisingIdentifier_wrapb
                0x00001b50       0x18 release\s3eMATSDK_register.os
 .text._ZL50MATSetShouldAutoGenerateAppleVendorIdentifier_wrapb
                0x00001b68       0x18 release\s3eMATSDK_register.os
 .text._ZL32MATSetAppleVendorIdentifier_wrapPKc
                0x00001b80       0x18 release\s3eMATSDK_register.os
 .text._ZL37MATSetAppleAdvertisingIdentifier_wrapPKc
                0x00001b98       0x18 release\s3eMATSDK_register.os
 .text._ZL22MATSetRedirectUrl_wrapPKc
                0x00001bb0       0x18 release\s3eMATSDK_register.os
 .text._ZL29MATStartAppToAppTracking_wrapPKcS0_S0_S0_b
                0x00001bc8       0x40 release\s3eMATSDK_register.os
 .text._ZL19MATSetLocation_wrapddd
                0x00001c08       0x40 release\s3eMATSDK_register.os
 .text._ZL17MATSetGender_wrapi
                0x00001c48       0x18 release\s3eMATSDK_register.os
 .text._ZL14MATSetAge_wrapi
                0x00001c60       0x18 release\s3eMATSDK_register.os
 .text._ZL28MATSetUseCookieTracking_wrapb
                0x00001c78       0x18 release\s3eMATSDK_register.os
 .text._ZL16MATSetODIN1_wrapPKc
                0x00001c90       0x18 release\s3eMATSDK_register.os
 .text._ZL21MATSetMACAddress_wrapPKc
                0x00001ca8       0x18 release\s3eMATSDK_register.os
 .text._ZL37MATSetShouldAutoDetectJailbroken_wrapb
                0x00001cc0       0x18 release\s3eMATSDK_register.os
 .text._ZL21MATSetJailbroken_wrapb
                0x00001cd8       0x18 release\s3eMATSDK_register.os
 .text._ZL19MATSetDelegate_wrapb
                0x00001cf0       0x18 release\s3eMATSDK_register.os
 .text._ZL24MATSetAppAdTracking_wrapb
                0x00001d08       0x18 release\s3eMATSDK_register.os
 .text._ZL19MATSetTRUSTeId_wrapPKc
                0x00001d20       0x18 release\s3eMATSDK_register.os
 .text._ZL17MATSetSiteId_wrapPKc
                0x00001d38       0x18 release\s3eMATSDK_register.os
 .text._ZL18MATSetRevenue_wrapd
                0x00001d50       0x1c release\s3eMATSDK_register.os
 .text._ZL17MATSetUserId_wrapPKc
                0x00001d6c       0x18 release\s3eMATSDK_register.os
 .text._ZL15MATSetUIID_wrapPKc
                0x00001d84       0x18 release\s3eMATSDK_register.os
 .text._ZL19MATSetOpenUDID_wrapPKc
                0x00001d9c       0x18 release\s3eMATSDK_register.os
 .text._ZL23MATSetCurrencyCode_wrapPKc
                0x00001db4       0x18 release\s3eMATSDK_register.os
 .text._ZL22MATSetPackageName_wrapPKc
                0x00001dcc       0x18 release\s3eMATSDK_register.os
 .text._ZL19MATTrackAction_wrapPKcbdS0_
                0x00001de4       0x3c release\s3eMATSDK_register.os
 .text._ZL40MATTrackActionForEventIdOrNameItems_wrapPKcbPK8MATArrayS0_dS0_hS0_S0_
                0x00001e20       0x5c release\s3eMATSDK_register.os
 .text._ZL35MATTrackActionForEventIdOrName_wrapPKcbS0_
                0x00001e7c       0x34 release\s3eMATSDK_register.os
 .text._ZL35MATTrackInstallWithReferenceId_wrapPKc
                0x00001eb0       0x18 release\s3eMATSDK_register.os
 .text._ZL19MATTrackUpdate_wrapv
                0x00001ec8       0x14 release\s3eMATSDK_register.os
 .text._ZL20MATTrackInstall_wrapv
                0x00001edc       0x14 release\s3eMATSDK_register.os
 .text._ZL29MATStartMobileAppTracker_wrapPKcS0_
                0x00001ef0       0x1c release\s3eMATSDK_register.os
 .text.RegisterExt
                0x00001f0c      0x3fc release\s3eMATSDK_register.os
                0x00001f0c                RegisterExt
 .text.s3eEdkThreadRunOnOS
                0x00002308       0x30 C:\marmalade\6.4\s3e\edk\lib\android\libedk.a(edk_helpers.o)
                0x00002308                s3eEdkThreadRunOnOS
 *(.gnu.warning)
 *(.glue_7t)
 .glue_7t       0x00000000        0x0 linker stubs
 *(.glue_7)
 .glue_7        0x00000000        0x0 linker stubs
 *(.vfp11_veneer)
 .vfp11_veneer  0x00000000        0x0 linker stubs
 *(.v4_bx)
 .v4_bx         0x00000000        0x0 linker stubs

.fini
 *(.fini)
                0x00002338                PROVIDE (__etext, .)
                0x00002338                PROVIDE (_etext, .)
                0x00002338                PROVIDE (etext, .)

.rodata         0x00002338      0x3f8
 *(.rodata .rodata.* .gnu.linkonce.r.*)
 .rodata.str1.4
                0x00002338      0x3f8 release\s3eMATSDK_platform.os
 .rodata.str1.4
                0x00000000        0xc release\s3eMATSDK_register.os

.rodata1
 *(.rodata1)

.ARM.extab
 *(.ARM.extab* .gnu.linkonce.armextab.*)
                0x00002730                __exidx_start = .

.ARM.exidx
 *(.ARM.exidx* .gnu.linkonce.armexidx.*)
                0x00002730                __exidx_end = .

.eh_frame_hdr
 *(.eh_frame_hdr)

.eh_frame
 *(.eh_frame)

.gcc_except_table
 *(.gcc_except_table .gcc_except_table.*)
                0x00002730                . = (ALIGN (0x1000) - ((0x1000 - .) & 0xfff))
                0x00003e6c                . = (0x1000 DATA_SEGMENT_ALIGN 0x1000)

.eh_frame
 *(.eh_frame)

.gcc_except_table
 *(.gcc_except_table .gcc_except_table.*)

.tdata
 *(.tdata .tdata.* .gnu.linkonce.td.*)

.tbss
 *(.tbss .tbss.* .gnu.linkonce.tb.*)
 *(.tcommon)

.preinit_array
 *(.preinit_array)

.init_array     0x00003e6c        0x4
 *(SORT(.init_array.*))
 *(.init_array)
 .init_array    0x00003e6c        0x4 C:/Users/John/tools/android-ndk-r8c/platforms/android-9/arch-arm/usr/lib/crtend_so.o

.fini_array     0x00003e70        0x8
 *(.fini_array)
 .fini_array    0x00003e70        0x4 C:/Users/John/tools/android-ndk-r8c/platforms/android-9/arch-arm/usr/lib/crtbegin_so.o
 .fini_array    0x00003e74        0x4 C:/Users/John/tools/android-ndk-r8c/platforms/android-9/arch-arm/usr/lib/crtend_so.o
 *(SORT(.fini_array.*))

.ctors
 *crtbegin.o(.ctors)
 *crtbegin?.o(.ctors)
 *(EXCLUDE_FILE(*crtend?.o *crtend.o) .ctors)
 *(SORT(.ctors.*))
 *(.ctors)

.dtors
 *crtbegin.o(.dtors)
 *crtbegin?.o(.dtors)
 *(EXCLUDE_FILE(*crtend?.o *crtend.o) .dtors)
 *(SORT(.dtors.*))
 *(.dtors)

.jcr
 *(.jcr)

.data.rel.ro
 *(.data.rel.ro.local* .gnu.linkonce.d.rel.ro.local.*)
 *(.data.rel.ro* .gnu.linkonce.d.rel.ro.*)

.dynamic        0x00003e78       0xd8
 *(.dynamic)
 .dynamic       0x00003e78       0xd8 C:/Users/John/tools/android-ndk-r8c/platforms/android-9/arch-arm/usr/lib/crtbegin_so.o
                0x00003e78                _DYNAMIC

.got            0x00003f50       0xb0
 *(.got.plt)
 .got.plt       0x00003f50       0x20 C:/Users/John/tools/android-ndk-r8c/platforms/android-9/arch-arm/usr/lib/crtbegin_so.o
                0x00003f50                _GLOBAL_OFFSET_TABLE_
 *(.got)
 .got           0x00003f70       0x90 C:/Users/John/tools/android-ndk-r8c/platforms/android-9/arch-arm/usr/lib/crtbegin_so.o
                0x00004000                . = (. DATA_SEGMENT_RELRO_END 0x0)

.data           0x00004000        0x4
                0x00004000                __data_start = .
 *(.data .data.* .gnu.linkonce.d.*)
 .data          0x00004000        0x4 C:/Users/John/tools/android-ndk-r8c/platforms/android-9/arch-arm/usr/lib/crtbegin_so.o
                0x00004000                __dso_handle

.data1
 *(.data1)
                0x00004004                _edata = .
                0x00004004                PROVIDE (edata, .)
                0x00004004                __bss_start = .
                0x00004004                __bss_start__ = .

.bss            0x00004004       0x54
 *(.dynbss)
 .dynbss        0x00000000        0x0 C:/Users/John/tools/android-ndk-r8c/platforms/android-9/arch-arm/usr/lib/crtbegin_so.o
 *(.bss .bss.* .gnu.linkonce.b.*)
 .bss           0x00004004       0x54 release\s3eMATSDK_platform.os
 *(COMMON)
                0x00004058                . = ALIGN ((. != 0x0)?0x4:0x1)
                0x00004058                _bss_end__ = .
                0x00004058                __bss_end__ = .
                0x00004058                . = ALIGN (0x4)
                0x00004058                . = ALIGN (0x4)
                0x00004058                __end__ = .
                0x00004058                _end = .
                0x00004058                PROVIDE (end, .)
                0x00004058                . = DATA_SEGMENT_END (.)

.stab
 *(.stab)

.stabstr
 *(.stabstr)

.stab.excl
 *(.stab.excl)

.stab.exclstr
 *(.stab.exclstr)

.stab.index
 *(.stab.index)

.stab.indexstr
 *(.stab.indexstr)

.comment        0x00000000       0x6d
 *(.comment)
 .comment       0x00000000       0x25 C:/Users/John/tools/android-ndk-r8c/platforms/android-9/arch-arm/usr/lib/crtbegin_so.o
                                 0x26 (size before relaxing)
 .comment       0x00000025       0x12 release\s3eMATSDK_platform.os
 .comment       0x00000037       0x12 release\s3eMATSDK.os
 .comment       0x00000049       0x12 release\s3eMATSDK_register.os
 .comment       0x0000005b       0x12 C:\marmalade\6.4\s3e\edk\lib\android\libedk.a(edk_helpers.o)

.debug
 *(.debug)

.line
 *(.line)

.debug_srcinfo
 *(.debug_srcinfo)

.debug_sfnames
 *(.debug_sfnames)

.debug_aranges
 *(.debug_aranges)

.debug_pubnames
 *(.debug_pubnames)

.debug_info
 *(.debug_info .gnu.linkonce.wi.*)

.debug_abbrev
 *(.debug_abbrev)

.debug_line
 *(.debug_line)

.debug_frame
 *(.debug_frame)

.debug_str
 *(.debug_str)

.debug_loc
 *(.debug_loc)

.debug_macinfo
 *(.debug_macinfo)

.debug_weaknames
 *(.debug_weaknames)

.debug_funcnames
 *(.debug_funcnames)

.debug_typenames
 *(.debug_typenames)

.debug_varnames
 *(.debug_varnames)

.debug_pubtypes
 *(.debug_pubtypes)

.debug_ranges
 *(.debug_ranges)

.gnu.attributes
 *(.gnu.attributes)

.note.gnu.arm.ident
 *(.note.gnu.arm.ident)

/DISCARD/
 *(.note.GNU-stack)
 *(.gnu_debuglink)
OUTPUT(C:\Users\John\Documents\GitHub\sdk\sdk-marmalade\ios_android\s3eMATSDK\lib\android\libs3eMATSDK.so elf32-littlearm)

.ARM.attributes
                0x00000000       0x31
 .ARM.attributes
                0x00000000       0x2d C:/Users/John/tools/android-ndk-r8c/platforms/android-9/arch-arm/usr/lib/crtbegin_so.o
 .ARM.attributes
                0x0000002d       0x2d release\s3eMATSDK_platform.os
 .ARM.attributes
                0x0000005a       0x2b release\s3eMATSDK.os
 .ARM.attributes
                0x00000085       0x2d release\s3eMATSDK_register.os
 .ARM.attributes
                0x000000b2       0x2b C:\marmalade\6.4\s3e\edk\lib\android\libedk.a(edk_helpers.o)
 .ARM.attributes
                0x000000dd       0x1f C:/Users/John/tools/android-ndk-r8c/platforms/android-9/arch-arm/usr/lib/crtend_so.o
