Archive member included because of file (symbol)

C:\marmalade\6.4\s3e\edk\lib\android\libedk.a(IwDebug.o)
                              debug\s3eMATSDK_platform.os (IwDebugTraceSetTraceChannel)
C:\marmalade\6.4\s3e\edk\lib\android\libedk.a(edk_helpers.o)
                              debug\s3eMATSDK_platform.os (s3eEdkThreadRunOnOS)
c:/Users/John/tools/android-ndk-r8c/toolchains/arm-linux-androideabi-4.4.3/prebuilt/windows/bin/../lib/gcc/arm-linux-androideabi/4.4.3\libgcc.a(_aeabi_ldivmod.o)
                              C:\marmalade\6.4\s3e\edk\lib\android\libedk.a(IwDebug.o) (__aeabi_ldivmod)
c:/Users/John/tools/android-ndk-r8c/toolchains/arm-linux-androideabi-4.4.3/prebuilt/windows/bin/../lib/gcc/arm-linux-androideabi/4.4.3\libgcc.a(bpabi.o)
                              c:/Users/John/tools/android-ndk-r8c/toolchains/arm-linux-androideabi-4.4.3/prebuilt/windows/bin/../lib/gcc/arm-linux-androideabi/4.4.3\libgcc.a(_aeabi_ldivmod.o) (__gnu_ldivmod_helper)
c:/Users/John/tools/android-ndk-r8c/toolchains/arm-linux-androideabi-4.4.3/prebuilt/windows/bin/../lib/gcc/arm-linux-androideabi/4.4.3\libgcc.a(unwind-arm.o)
                              c:/Users/John/tools/android-ndk-r8c/toolchains/arm-linux-androideabi-4.4.3/prebuilt/windows/bin/../lib/gcc/arm-linux-androideabi/4.4.3\libgcc.a(bpabi.o) (__aeabi_unwind_cpp_pr0)
c:/Users/John/tools/android-ndk-r8c/toolchains/arm-linux-androideabi-4.4.3/prebuilt/windows/bin/../lib/gcc/arm-linux-androideabi/4.4.3\libgcc.a(libunwind.o)
                              c:/Users/John/tools/android-ndk-r8c/toolchains/arm-linux-androideabi-4.4.3/prebuilt/windows/bin/../lib/gcc/arm-linux-androideabi/4.4.3\libgcc.a(unwind-arm.o) (restore_core_regs)
c:/Users/John/tools/android-ndk-r8c/toolchains/arm-linux-androideabi-4.4.3/prebuilt/windows/bin/../lib/gcc/arm-linux-androideabi/4.4.3\libgcc.a(pr-support.o)
                              c:/Users/John/tools/android-ndk-r8c/toolchains/arm-linux-androideabi-4.4.3/prebuilt/windows/bin/../lib/gcc/arm-linux-androideabi/4.4.3\libgcc.a(unwind-arm.o) (__gnu_unwind_execute)
c:/Users/John/tools/android-ndk-r8c/toolchains/arm-linux-androideabi-4.4.3/prebuilt/windows/bin/../lib/gcc/arm-linux-androideabi/4.4.3\libgcc.a(_divdi3.o)
                              c:/Users/John/tools/android-ndk-r8c/toolchains/arm-linux-androideabi-4.4.3/prebuilt/windows/bin/../lib/gcc/arm-linux-androideabi/4.4.3\libgcc.a(bpabi.o) (__divdi3)
c:/Users/John/tools/android-ndk-r8c/toolchains/arm-linux-androideabi-4.4.3/prebuilt/windows/bin/../lib/gcc/arm-linux-androideabi/4.4.3\libgcc.a(_udivdi3.o)
                              c:/Users/John/tools/android-ndk-r8c/toolchains/arm-linux-androideabi-4.4.3/prebuilt/windows/bin/../lib/gcc/arm-linux-androideabi/4.4.3\libgcc.a(bpabi.o) (__udivdi3)
c:/Users/John/tools/android-ndk-r8c/toolchains/arm-linux-androideabi-4.4.3/prebuilt/windows/bin/../lib/gcc/arm-linux-androideabi/4.4.3\libgcc.a(_udivsi3.o)
                              c:/Users/John/tools/android-ndk-r8c/toolchains/arm-linux-androideabi-4.4.3/prebuilt/windows/bin/../lib/gcc/arm-linux-androideabi/4.4.3\libgcc.a(_divdi3.o) (__aeabi_uidiv)
c:/Users/John/tools/android-ndk-r8c/toolchains/arm-linux-androideabi-4.4.3/prebuilt/windows/bin/../lib/gcc/arm-linux-androideabi/4.4.3\libgcc.a(_dvmd_lnx.o)
                              c:/Users/John/tools/android-ndk-r8c/toolchains/arm-linux-androideabi-4.4.3/prebuilt/windows/bin/../lib/gcc/arm-linux-androideabi/4.4.3\libgcc.a(_udivsi3.o) (__div0)

Discarded input sections

 .text          0x00000000        0x0 C:/Users/John/tools/android-ndk-r8c/platforms/android-9/arch-arm/usr/lib/crtbegin_so.o
 .bss           0x00000000        0x0 C:/Users/John/tools/android-ndk-r8c/platforms/android-9/arch-arm/usr/lib/crtbegin_so.o
 .note.GNU-stack
                0x00000000        0x0 C:/Users/John/tools/android-ndk-r8c/platforms/android-9/arch-arm/usr/lib/crtbegin_so.o
 _ZN7_JNIEnv9FindClassEPKc
                0x00000000        0x0 debug\s3eMATSDK_platform.os
 _ZN7_JNIEnv17ExceptionOccurredEv
                0x00000000        0x0 debug\s3eMATSDK_platform.os
 _ZN7_JNIEnv17ExceptionDescribeEv
                0x00000000        0x0 debug\s3eMATSDK_platform.os
 _ZN7_JNIEnv14ExceptionClearEv
                0x00000000        0x0 debug\s3eMATSDK_platform.os
 _ZN7_JNIEnv12NewGlobalRefEP8_jobject
                0x00000000        0x0 debug\s3eMATSDK_platform.os
 _ZN7_JNIEnv15DeleteGlobalRefEP8_jobject
                0x00000000        0x0 debug\s3eMATSDK_platform.os
 _ZN7_JNIEnv14DeleteLocalRefEP8_jobject
                0x00000000        0x0 debug\s3eMATSDK_platform.os
 _ZN7_JNIEnv9NewObjectEP7_jclassP10_jmethodIDz
                0x00000000        0x0 debug\s3eMATSDK_platform.os
 _ZN7_JNIEnv11GetMethodIDEP7_jclassPKcS3_
                0x00000000        0x0 debug\s3eMATSDK_platform.os
 _ZN7_JNIEnv17CallBooleanMethodEP8_jobjectP10_jmethodIDz
                0x00000000        0x0 debug\s3eMATSDK_platform.os
 _ZN7_JNIEnv14CallVoidMethodEP8_jobjectP10_jmethodIDz
                0x00000000        0x0 debug\s3eMATSDK_platform.os
 _ZN7_JNIEnv12NewStringUTFEPKc
                0x00000000        0x0 debug\s3eMATSDK_platform.os
 _ZN7_JavaVM6GetEnvEPPvi
                0x00000000        0x0 debug\s3eMATSDK_platform.os
 .text          0x00000000        0x0 debug\s3eMATSDK_platform.os
 .data          0x00000000        0x0 debug\s3eMATSDK_platform.os
 .note.GNU-stack
                0x00000000        0x0 debug\s3eMATSDK_platform.os
 .text          0x00000000        0x0 debug\s3eMATSDK.os
 .data          0x00000000        0x0 debug\s3eMATSDK.os
 .bss           0x00000000        0x0 debug\s3eMATSDK.os
 .note.GNU-stack
                0x00000000        0x0 debug\s3eMATSDK.os
 .text          0x00000000        0x0 debug\s3eMATSDK_register.os
 .data          0x00000000        0x0 debug\s3eMATSDK_register.os
 .bss           0x00000000        0x0 debug\s3eMATSDK_register.os
 .note.GNU-stack
                0x00000000        0x0 debug\s3eMATSDK_register.os
 .text          0x00000000        0x0 C:\marmalade\6.4\s3e\edk\lib\android\libedk.a(IwDebug.o)
 .data          0x00000000        0x0 C:\marmalade\6.4\s3e\edk\lib\android\libedk.a(IwDebug.o)
 .text.IwAssertRegisterTextCallback
                0x00000000        0x0 C:\marmalade\6.4\s3e\edk\lib\android\libedk.a(IwDebug.o)
 .text.IwAssertRegisterCallback
                0x00000000        0x0 C:\marmalade\6.4\s3e\edk\lib\android\libedk.a(IwDebug.o)
 .text.IwDebugErrorRegisterCallback
                0x00000000        0x0 C:\marmalade\6.4\s3e\edk\lib\android\libedk.a(IwDebug.o)
 .text.IwDebugAssertSetUID
                0x00000000        0x0 C:\marmalade\6.4\s3e\edk\lib\android\libedk.a(IwDebug.o)
 .text.IwDebugClearConfigCache
                0x00000000        0x0 C:\marmalade\6.4\s3e\edk\lib\android\libedk.a(IwDebug.o)
 .text.IwDebugErrorShow
                0x00000000        0x0 C:\marmalade\6.4\s3e\edk\lib\android\libedk.a(IwDebug.o)
 .text.IwDebugTraceLineVPrintf
                0x00000000        0x0 C:\marmalade\6.4\s3e\edk\lib\android\libedk.a(IwDebug.o)
 .text.IwDebugAssertIsChannelOn
                0x00000000        0x0 C:\marmalade\6.4\s3e\edk\lib\android\libedk.a(IwDebug.o)
 .text.IwDebugTraceDisable
                0x00000000        0x0 C:\marmalade\6.4\s3e\edk\lib\android\libedk.a(IwDebug.o)
 .text.IwDebugAssertSetMessage
                0x00000000        0x0 C:\marmalade\6.4\s3e\edk\lib\android\libedk.a(IwDebug.o)
 .text.IwDebugAssertSetSolution
                0x00000000        0x0 C:\marmalade\6.4\s3e\edk\lib\android\libedk.a(IwDebug.o)
 .text.IwDebugAssertShow
                0x00000000        0x0 C:\marmalade\6.4\s3e\edk\lib\android\libedk.a(IwDebug.o)
 .text.IwDebugTraceChannelSwitch
                0x00000000        0x0 C:\marmalade\6.4\s3e\edk\lib\android\libedk.a(IwDebug.o)
 .note.GNU-stack
                0x00000000        0x0 C:\marmalade\6.4\s3e\edk\lib\android\libedk.a(IwDebug.o)
 .text          0x00000000        0x0 C:\marmalade\6.4\s3e\edk\lib\android\libedk.a(edk_helpers.o)
 .data          0x00000000        0x0 C:\marmalade\6.4\s3e\edk\lib\android\libedk.a(edk_helpers.o)
 .bss           0x00000000        0x0 C:\marmalade\6.4\s3e\edk\lib\android\libedk.a(edk_helpers.o)
 .text.s3eEdkThreadRunOnOSAsync
                0x00000000        0x0 C:\marmalade\6.4\s3e\edk\lib\android\libedk.a(edk_helpers.o)
 .text.s3eEdkErrorSetString
                0x00000000        0x0 C:\marmalade\6.4\s3e\edk\lib\android\libedk.a(edk_helpers.o)
 .note.GNU-stack
                0x00000000        0x0 C:\marmalade\6.4\s3e\edk\lib\android\libedk.a(edk_helpers.o)
 .data          0x00000000        0x0 c:/Users/John/tools/android-ndk-r8c/toolchains/arm-linux-androideabi-4.4.3/prebuilt/windows/bin/../lib/gcc/arm-linux-androideabi/4.4.3\libgcc.a(_aeabi_ldivmod.o)
 .bss           0x00000000        0x0 c:/Users/John/tools/android-ndk-r8c/toolchains/arm-linux-androideabi-4.4.3/prebuilt/windows/bin/../lib/gcc/arm-linux-androideabi/4.4.3\libgcc.a(_aeabi_ldivmod.o)
 .note.GNU-stack
                0x00000000        0x0 c:/Users/John/tools/android-ndk-r8c/toolchains/arm-linux-androideabi-4.4.3/prebuilt/windows/bin/../lib/gcc/arm-linux-androideabi/4.4.3\libgcc.a(_aeabi_ldivmod.o)
 .data          0x00000000        0x0 c:/Users/John/tools/android-ndk-r8c/toolchains/arm-linux-androideabi-4.4.3/prebuilt/windows/bin/../lib/gcc/arm-linux-androideabi/4.4.3\libgcc.a(bpabi.o)
 .bss           0x00000000        0x0 c:/Users/John/tools/android-ndk-r8c/toolchains/arm-linux-androideabi-4.4.3/prebuilt/windows/bin/../lib/gcc/arm-linux-androideabi/4.4.3\libgcc.a(bpabi.o)
 .ARM.extab     0x00000000        0x0 c:/Users/John/tools/android-ndk-r8c/toolchains/arm-linux-androideabi-4.4.3/prebuilt/windows/bin/../lib/gcc/arm-linux-androideabi/4.4.3\libgcc.a(bpabi.o)
 .note.GNU-stack
                0x00000000        0x0 c:/Users/John/tools/android-ndk-r8c/toolchains/arm-linux-androideabi-4.4.3/prebuilt/windows/bin/../lib/gcc/arm-linux-androideabi/4.4.3\libgcc.a(bpabi.o)
 .data          0x00000000        0x0 c:/Users/John/tools/android-ndk-r8c/toolchains/arm-linux-androideabi-4.4.3/prebuilt/windows/bin/../lib/gcc/arm-linux-androideabi/4.4.3\libgcc.a(unwind-arm.o)
 .bss           0x00000000        0x0 c:/Users/John/tools/android-ndk-r8c/toolchains/arm-linux-androideabi-4.4.3/prebuilt/windows/bin/../lib/gcc/arm-linux-androideabi/4.4.3\libgcc.a(unwind-arm.o)
 .note.GNU-stack
                0x00000000        0x0 c:/Users/John/tools/android-ndk-r8c/toolchains/arm-linux-androideabi-4.4.3/prebuilt/windows/bin/../lib/gcc/arm-linux-androideabi/4.4.3\libgcc.a(unwind-arm.o)
 .data          0x00000000        0x0 c:/Users/John/tools/android-ndk-r8c/toolchains/arm-linux-androideabi-4.4.3/prebuilt/windows/bin/../lib/gcc/arm-linux-androideabi/4.4.3\libgcc.a(libunwind.o)
 .bss           0x00000000        0x0 c:/Users/John/tools/android-ndk-r8c/toolchains/arm-linux-androideabi-4.4.3/prebuilt/windows/bin/../lib/gcc/arm-linux-androideabi/4.4.3\libgcc.a(libunwind.o)
 .note.GNU-stack
                0x00000000        0x0 c:/Users/John/tools/android-ndk-r8c/toolchains/arm-linux-androideabi-4.4.3/prebuilt/windows/bin/../lib/gcc/arm-linux-androideabi/4.4.3\libgcc.a(libunwind.o)
 .data          0x00000000        0x0 c:/Users/John/tools/android-ndk-r8c/toolchains/arm-linux-androideabi-4.4.3/prebuilt/windows/bin/../lib/gcc/arm-linux-androideabi/4.4.3\libgcc.a(pr-support.o)
 .bss           0x00000000        0x0 c:/Users/John/tools/android-ndk-r8c/toolchains/arm-linux-androideabi-4.4.3/prebuilt/windows/bin/../lib/gcc/arm-linux-androideabi/4.4.3\libgcc.a(pr-support.o)
 .ARM.extab     0x00000000        0x0 c:/Users/John/tools/android-ndk-r8c/toolchains/arm-linux-androideabi-4.4.3/prebuilt/windows/bin/../lib/gcc/arm-linux-androideabi/4.4.3\libgcc.a(pr-support.o)
 .note.GNU-stack
                0x00000000        0x0 c:/Users/John/tools/android-ndk-r8c/toolchains/arm-linux-androideabi-4.4.3/prebuilt/windows/bin/../lib/gcc/arm-linux-androideabi/4.4.3\libgcc.a(pr-support.o)
 .data          0x00000000        0x0 c:/Users/John/tools/android-ndk-r8c/toolchains/arm-linux-androideabi-4.4.3/prebuilt/windows/bin/../lib/gcc/arm-linux-androideabi/4.4.3\libgcc.a(_divdi3.o)
 .bss           0x00000000        0x0 c:/Users/John/tools/android-ndk-r8c/toolchains/arm-linux-androideabi-4.4.3/prebuilt/windows/bin/../lib/gcc/arm-linux-androideabi/4.4.3\libgcc.a(_divdi3.o)
 .ARM.extab     0x00000000        0x0 c:/Users/John/tools/android-ndk-r8c/toolchains/arm-linux-androideabi-4.4.3/prebuilt/windows/bin/../lib/gcc/arm-linux-androideabi/4.4.3\libgcc.a(_divdi3.o)
 .note.GNU-stack
                0x00000000        0x0 c:/Users/John/tools/android-ndk-r8c/toolchains/arm-linux-androideabi-4.4.3/prebuilt/windows/bin/../lib/gcc/arm-linux-androideabi/4.4.3\libgcc.a(_divdi3.o)
 .data          0x00000000        0x0 c:/Users/John/tools/android-ndk-r8c/toolchains/arm-linux-androideabi-4.4.3/prebuilt/windows/bin/../lib/gcc/arm-linux-androideabi/4.4.3\libgcc.a(_udivdi3.o)
 .bss           0x00000000        0x0 c:/Users/John/tools/android-ndk-r8c/toolchains/arm-linux-androideabi-4.4.3/prebuilt/windows/bin/../lib/gcc/arm-linux-androideabi/4.4.3\libgcc.a(_udivdi3.o)
 .ARM.extab     0x00000000        0x0 c:/Users/John/tools/android-ndk-r8c/toolchains/arm-linux-androideabi-4.4.3/prebuilt/windows/bin/../lib/gcc/arm-linux-androideabi/4.4.3\libgcc.a(_udivdi3.o)
 .note.GNU-stack
                0x00000000        0x0 c:/Users/John/tools/android-ndk-r8c/toolchains/arm-linux-androideabi-4.4.3/prebuilt/windows/bin/../lib/gcc/arm-linux-androideabi/4.4.3\libgcc.a(_udivdi3.o)
 .data          0x00000000        0x0 c:/Users/John/tools/android-ndk-r8c/toolchains/arm-linux-androideabi-4.4.3/prebuilt/windows/bin/../lib/gcc/arm-linux-androideabi/4.4.3\libgcc.a(_udivsi3.o)
 .bss           0x00000000        0x0 c:/Users/John/tools/android-ndk-r8c/toolchains/arm-linux-androideabi-4.4.3/prebuilt/windows/bin/../lib/gcc/arm-linux-androideabi/4.4.3\libgcc.a(_udivsi3.o)
 .note.GNU-stack
                0x00000000        0x0 c:/Users/John/tools/android-ndk-r8c/toolchains/arm-linux-androideabi-4.4.3/prebuilt/windows/bin/../lib/gcc/arm-linux-androideabi/4.4.3\libgcc.a(_udivsi3.o)
 .data          0x00000000        0x0 c:/Users/John/tools/android-ndk-r8c/toolchains/arm-linux-androideabi-4.4.3/prebuilt/windows/bin/../lib/gcc/arm-linux-androideabi/4.4.3\libgcc.a(_dvmd_lnx.o)
 .bss           0x00000000        0x0 c:/Users/John/tools/android-ndk-r8c/toolchains/arm-linux-androideabi-4.4.3/prebuilt/windows/bin/../lib/gcc/arm-linux-androideabi/4.4.3\libgcc.a(_dvmd_lnx.o)
 .note.GNU-stack
                0x00000000        0x0 c:/Users/John/tools/android-ndk-r8c/toolchains/arm-linux-androideabi-4.4.3/prebuilt/windows/bin/../lib/gcc/arm-linux-androideabi/4.4.3\libgcc.a(_dvmd_lnx.o)
 .text          0x00000000        0x0 C:/Users/John/tools/android-ndk-r8c/platforms/android-9/arch-arm/usr/lib/crtend_so.o
 .data          0x00000000        0x0 C:/Users/John/tools/android-ndk-r8c/platforms/android-9/arch-arm/usr/lib/crtend_so.o
 .bss           0x00000000        0x0 C:/Users/John/tools/android-ndk-r8c/platforms/android-9/arch-arm/usr/lib/crtend_so.o
 .note.GNU-stack
                0x00000000        0x0 C:/Users/John/tools/android-ndk-r8c/platforms/android-9/arch-arm/usr/lib/crtend_so.o

Memory Configuration

Name             Origin             Length             Attributes
*default*        0x00000000         0xffffffff

Linker script and memory map

LOAD C:/Users/John/tools/android-ndk-r8c/platforms/android-9/arch-arm/usr/lib/crtbegin_so.o
LOAD debug\s3eMATSDK_platform.os
LOAD debug\s3eMATSDK.os
LOAD debug\s3eMATSDK_register.os
LOAD C:\marmalade\6.4\s3e\edk\lib\android\libedk.a
LOAD C:\marmalade\6.4\s3e\edk\lib\android/libplaceholderplaceholderplaceholderplaceholderplaceholder.so
LOAD C:\Users\John\tools\android-ndk-r8c\platforms\android-9\arch-arm\usr\lib/liblog.so
LOAD C:\Users\John\tools\android-ndk-r8c\sources\cxx-stl\gnu-libstdc++\4.4.3\libs\armeabi\libgnustl_static.a
LOAD c:/Users/John/tools/android-ndk-r8c/toolchains/arm-linux-androideabi-4.4.3/prebuilt/windows/bin/../lib/gcc/arm-linux-androideabi/4.4.3\libgcc.a
LOAD C:\Users\John\tools\android-ndk-r8c\platforms\android-9\arch-arm\usr\lib/libstdc++.so
LOAD C:\Users\John\tools\android-ndk-r8c\platforms\android-9\arch-arm\usr\lib/libm.so
LOAD C:\Users\John\tools\android-ndk-r8c\platforms\android-9\arch-arm\usr\lib/libc.so
LOAD c:/Users/John/tools/android-ndk-r8c/toolchains/arm-linux-androideabi-4.4.3/prebuilt/windows/bin/../lib/gcc/arm-linux-androideabi/4.4.3\libgcc.a
LOAD C:\Users\John\tools\android-ndk-r8c\platforms\android-9\arch-arm\usr\lib/libc.so
LOAD C:\Users\John\tools\android-ndk-r8c\platforms\android-9\arch-arm\usr\lib/libdl.so
LOAD c:/Users/John/tools/android-ndk-r8c/toolchains/arm-linux-androideabi-4.4.3/prebuilt/windows/bin/../lib/gcc/arm-linux-androideabi/4.4.3\libgcc.a
LOAD C:/Users/John/tools/android-ndk-r8c/platforms/android-9/arch-arm/usr/lib/crtend_so.o
                0x000000f4                . = (0x0 + SIZEOF_HEADERS)

.note.gnu.build-id
 *(.note.gnu.build-id)

.hash           0x000000f4      0x294
 *(.hash)
 .hash          0x000000f4      0x294 C:/Users/John/tools/android-ndk-r8c/platforms/android-9/arch-arm/usr/lib/crtbegin_so.o

.gnu.hash
 *(.gnu.hash)

.dynsym         0x00000388      0x600
 *(.dynsym)
 .dynsym        0x00000388      0x600 C:/Users/John/tools/android-ndk-r8c/platforms/android-9/arch-arm/usr/lib/crtbegin_so.o

.dynstr         0x00000988      0x620
 *(.dynstr)
 .dynstr        0x00000988      0x620 C:/Users/John/tools/android-ndk-r8c/platforms/android-9/arch-arm/usr/lib/crtbegin_so.o

.gnu.version    0x00000fa8        0x0
 *(.gnu.version)
 .gnu.version   0x00000000        0x0 C:/Users/John/tools/android-ndk-r8c/platforms/android-9/arch-arm/usr/lib/crtbegin_so.o

.gnu.version_d  0x00000fa8        0x0
 *(.gnu.version_d)
 .gnu.version_d
                0x00000000        0x0 C:/Users/John/tools/android-ndk-r8c/platforms/android-9/arch-arm/usr/lib/crtbegin_so.o

.gnu.version_r  0x00000fa8        0x0
 *(.gnu.version_r)
 .gnu.version_r
                0x00000000        0x0 C:/Users/John/tools/android-ndk-r8c/platforms/android-9/arch-arm/usr/lib/crtbegin_so.o

.rel.dyn        0x00000fa8      0x168
 *(.rel.init)
 *(.rel.text .rel.text.* .rel.gnu.linkonce.t.*)
 *(.rel.fini)
 *(.rel.rodata .rel.rodata.* .rel.gnu.linkonce.r.*)
 *(.rel.data.rel.ro* .rel.gnu.linkonce.d.rel.ro.*)
 *(.rel.data .rel.data.* .rel.gnu.linkonce.d.*)
 *(.rel.tdata .rel.tdata.* .rel.gnu.linkonce.td.*)
 *(.rel.tbss .rel.tbss.* .rel.gnu.linkonce.tb.*)
 *(.rel.ctors)
 *(.rel.dtors)
 *(.rel.got)
 .rel.got       0x00000fa8      0x158 C:/Users/John/tools/android-ndk-r8c/platforms/android-9/arch-arm/usr/lib/crtbegin_so.o
 *(.rel.bss .rel.bss.* .rel.gnu.linkonce.b.*)
 .rel.fini_array
                0x00001100        0x8 C:/Users/John/tools/android-ndk-r8c/platforms/android-9/arch-arm/usr/lib/crtbegin_so.o
 .rel.init_array
                0x00001108        0x8 C:/Users/John/tools/android-ndk-r8c/platforms/android-9/arch-arm/usr/lib/crtbegin_so.o

.rela.dyn
 *(.rela.init)
 *(.rela.text .rela.text.* .rela.gnu.linkonce.t.*)
 *(.rela.fini)
 *(.rela.rodata .rela.rodata.* .rela.gnu.linkonce.r.*)
 *(.rela.data .rela.data.* .rela.gnu.linkonce.d.*)
 *(.rela.tdata .rela.tdata.* .rela.gnu.linkonce.td.*)
 *(.rela.tbss .rela.tbss.* .rela.gnu.linkonce.tb.*)
 *(.rela.ctors)
 *(.rela.dtors)
 *(.rela.got)
 *(.rela.bss .rela.bss.* .rela.gnu.linkonce.b.*)

.rel.plt        0x00001110       0xa0
 *(.rel.plt)
 .rel.plt       0x00001110       0xa0 C:/Users/John/tools/android-ndk-r8c/platforms/android-9/arch-arm/usr/lib/crtbegin_so.o

.rela.plt
 *(.rela.plt)

.init
 *(.init)

.plt            0x000011b0      0x104
 *(.plt)
 .plt           0x000011b0      0x104 C:/Users/John/tools/android-ndk-r8c/platforms/android-9/arch-arm/usr/lib/crtbegin_so.o

.text           0x000012b4     0x5d2c
 *(.text .stub .text.* .gnu.linkonce.t.*)
 .text.exit     0x000012b4       0x10 C:/Users/John/tools/android-ndk-r8c/platforms/android-9/arch-arm/usr/lib/crtbegin_so.o
                0x000012b4                __on_dlclose
 .text._ZN7_JNIEnv9FindClassEPKc
                0x000012c4       0x38 debug\s3eMATSDK_platform.os
                0x000012c4                _JNIEnv::FindClass(char const*)
 .text._ZN7_JNIEnv17ExceptionOccurredEv
                0x000012fc       0x30 debug\s3eMATSDK_platform.os
                0x000012fc                _JNIEnv::ExceptionOccurred()
 .text._ZN7_JNIEnv17ExceptionDescribeEv
                0x0000132c       0x28 debug\s3eMATSDK_platform.os
                0x0000132c                _JNIEnv::ExceptionDescribe()
 .text._ZN7_JNIEnv14ExceptionClearEv
                0x00001354       0x28 debug\s3eMATSDK_platform.os
                0x00001354                _JNIEnv::ExceptionClear()
 .text._ZN7_JNIEnv12NewGlobalRefEP8_jobject
                0x0000137c       0x38 debug\s3eMATSDK_platform.os
                0x0000137c                _JNIEnv::NewGlobalRef(_jobject*)
 .text._ZN7_JNIEnv15DeleteGlobalRefEP8_jobject
                0x000013b4       0x30 debug\s3eMATSDK_platform.os
                0x000013b4                _JNIEnv::DeleteGlobalRef(_jobject*)
 .text._ZN7_JNIEnv14DeleteLocalRefEP8_jobject
                0x000013e4       0x30 debug\s3eMATSDK_platform.os
                0x000013e4                _JNIEnv::DeleteLocalRef(_jobject*)
 .text._ZN7_JNIEnv9NewObjectEP7_jclassP10_jmethodIDz
                0x00001414       0x5c debug\s3eMATSDK_platform.os
                0x00001414                _JNIEnv::NewObject(_jclass*, _jmethodID*, ...)
 .text._ZN7_JNIEnv11GetMethodIDEP7_jclassPKcS3_
                0x00001470       0x48 debug\s3eMATSDK_platform.os
                0x00001470                _JNIEnv::GetMethodID(_jclass*, char const*, char const*)
 .text._ZN7_JNIEnv17CallBooleanMethodEP8_jobjectP10_jmethodIDz
                0x000014b8       0x5c debug\s3eMATSDK_platform.os
                0x000014b8                _JNIEnv::CallBooleanMethod(_jobject*, _jmethodID*, ...)
 .text._ZN7_JNIEnv14CallVoidMethodEP8_jobjectP10_jmethodIDz
                0x00001514       0x4c debug\s3eMATSDK_platform.os
                0x00001514                _JNIEnv::CallVoidMethod(_jobject*, _jmethodID*, ...)
 .text._ZN7_JNIEnv12NewStringUTFEPKc
                0x00001560       0x38 debug\s3eMATSDK_platform.os
                0x00001560                _JNIEnv::NewStringUTF(char const*)
 .text._ZN7_JavaVM6GetEnvEPPvi
                0x00001598       0x40 debug\s3eMATSDK_platform.os
                0x00001598                _JavaVM::GetEnv(void**, int)
 .text._ZL15s3eEdkJNIGetEnvv
                0x000015d8       0x44 debug\s3eMATSDK_platform.os
 .text._ZL27s3eEdkAndroidFindClass_realPKc
                0x0000161c       0xa4 debug\s3eMATSDK_platform.os
 .text._ZL22s3eEdkAndroidFindClassPKc
                0x000016c0       0x38 debug\s3eMATSDK_platform.os
 .text._Z19MATSDKInit_platformv
                0x000016f8      0x928 debug\s3eMATSDK_platform.os
                0x000016f8                MATSDKInit_platform()
 .text._Z24MATSDKTerminate_platformv
                0x00002020        0x4 debug\s3eMATSDK_platform.os
                0x00002020                MATSDKTerminate_platform()
 .text._Z33MATStartMobileAppTracker_platformPKcS0_
                0x00002024       0xa8 debug\s3eMATSDK_platform.os
                0x00002024                MATStartMobileAppTracker_platform(char const*, char const*)
 .text._Z25MATSDKParameters_platformv
                0x000020cc       0x4c debug\s3eMATSDK_platform.os
                0x000020cc                MATSDKParameters_platform()
 .text._Z24MATTrackInstall_platformv
                0x00002118       0x4c debug\s3eMATSDK_platform.os
                0x00002118                MATTrackInstall_platform()
 .text._Z23MATTrackUpdate_platformv
                0x00002164       0x4c debug\s3eMATSDK_platform.os
                0x00002164                MATTrackUpdate_platform()
 .text._Z39MATTrackInstallWithReferenceId_platformPKc
                0x000021b0       0x78 debug\s3eMATSDK_platform.os
                0x000021b0                MATTrackInstallWithReferenceId_platform(char const*)
 .text._Z39MATTrackActionForEventIdOrName_platformPKcbS0_
                0x00002228       0xb8 debug\s3eMATSDK_platform.os
                0x00002228                MATTrackActionForEventIdOrName_platform(char const*, bool, char const*)
 .text._Z23MATTrackAction_platformPKcbdS0_
                0x000022e0       0xc0 debug\s3eMATSDK_platform.os
                0x000022e0                MATTrackAction_platform(char const*, bool, double, char const*)
 .text._Z44MATTrackActionForEventIdOrNameItems_platformPKcbPK8MATArrayS0_dS0_hS0_S0_
                0x000023a0      0x594 debug\s3eMATSDK_platform.os
                0x000023a0                MATTrackActionForEventIdOrNameItems_platform(char const*, bool, MATArray const*, char const*, double, char const*, unsigned char, char const*, char const*)
 .text._Z33MATStartAppToAppTracking_platformPKcS0_S0_S0_b
                0x00002934      0x110 debug\s3eMATSDK_platform.os
                0x00002934                MATStartAppToAppTracking_platform(char const*, char const*, char const*, char const*, bool)
 .text._Z26MATSetPackageName_platformPKc
                0x00002a44       0x78 debug\s3eMATSDK_platform.os
                0x00002a44                MATSetPackageName_platform(char const*)
 .text._Z27MATSetCurrencyCode_platformPKc
                0x00002abc       0x78 debug\s3eMATSDK_platform.os
                0x00002abc                MATSetCurrencyCode_platform(char const*)
 .text._Z21MATSetUserId_platformPKc
                0x00002b34       0x78 debug\s3eMATSDK_platform.os
                0x00002b34                MATSetUserId_platform(char const*)
 .text._Z22MATSetRevenue_platformd
                0x00002bac       0x58 debug\s3eMATSDK_platform.os
                0x00002bac                MATSetRevenue_platform(double)
 .text._Z21MATSetSiteId_platformPKc
                0x00002c04       0x78 debug\s3eMATSDK_platform.os
                0x00002c04                MATSetSiteId_platform(char const*)
 .text._Z23MATSetTRUSTeId_platformPKc
                0x00002c7c       0x78 debug\s3eMATSDK_platform.os
                0x00002c7c                MATSetTRUSTeId_platform(char const*)
 .text._Z24MATSetDebugMode_platformb
                0x00002cf4       0x50 debug\s3eMATSDK_platform.os
                0x00002cf4                MATSetDebugMode_platform(bool)
 .text._Z30MATSetAllowDuplicates_platformb
                0x00002d44       0x50 debug\s3eMATSDK_platform.os
                0x00002d44                MATSetAllowDuplicates_platform(bool)
 .text._Z18MATSetAge_platformi
                0x00002d94       0x54 debug\s3eMATSDK_platform.os
                0x00002d94                MATSetAge_platform(int)
 .text._Z21MATSetGender_platformi
                0x00002de8       0x54 debug\s3eMATSDK_platform.os
                0x00002de8                MATSetGender_platform(int)
 .text._Z23MATSetLocation_platformddd
                0x00002e3c       0x6c debug\s3eMATSDK_platform.os
                0x00002e3c                MATSetLocation_platform(double, double, double)
 .text._Z41MATSetAppleAdvertisingIdentifier_platformPKc
                0x00002ea8       0x10 debug\s3eMATSDK_platform.os
                0x00002ea8                MATSetAppleAdvertisingIdentifier_platform(char const*)
 .text._Z36MATSetAppleVendorIdentifier_platformPKc
                0x00002eb8       0x10 debug\s3eMATSDK_platform.os
                0x00002eb8                MATSetAppleVendorIdentifier_platform(char const*)
 .text._Z28MATSetAppAdTracking_platformb
                0x00002ec8       0x14 debug\s3eMATSDK_platform.os
                0x00002ec8                MATSetAppAdTracking_platform(bool)
 .text._Z23MATSetDelegate_platformb
                0x00002edc       0x14 debug\s3eMATSDK_platform.os
                0x00002edc                MATSetDelegate_platform(bool)
 .text._Z25MATSetJailbroken_platformb
                0x00002ef0       0x14 debug\s3eMATSDK_platform.os
                0x00002ef0                MATSetJailbroken_platform(bool)
 .text._Z23MATSetOpenUDID_platformPKc
                0x00002f04       0x10 debug\s3eMATSDK_platform.os
                0x00002f04                MATSetOpenUDID_platform(char const*)
 .text._Z26MATSetRedirectUrl_platformPKc
                0x00002f14       0x10 debug\s3eMATSDK_platform.os
                0x00002f14                MATSetRedirectUrl_platform(char const*)
 .text._Z41MATSetShouldAutoDetectJailbroken_platformb
                0x00002f24       0x14 debug\s3eMATSDK_platform.os
                0x00002f24                MATSetShouldAutoDetectJailbroken_platform(bool)
 .text._Z59MATSetShouldAutoGenerateAppleAdvertisingIdentifier_platformb
                0x00002f38       0x14 debug\s3eMATSDK_platform.os
                0x00002f38                MATSetShouldAutoGenerateAppleAdvertisingIdentifier_platform(bool)
 .text._Z54MATSetShouldAutoGenerateAppleVendorIdentifier_platformb
                0x00002f4c       0x14 debug\s3eMATSDK_platform.os
                0x00002f4c                MATSetShouldAutoGenerateAppleVendorIdentifier_platform(bool)
 .text._Z25MATSetMACAddress_platformPKc
                0x00002f60       0x10 debug\s3eMATSDK_platform.os
                0x00002f60                MATSetMACAddress_platform(char const*)
 .text._Z20MATSetODIN1_platformPKc
                0x00002f70       0x10 debug\s3eMATSDK_platform.os
                0x00002f70                MATSetODIN1_platform(char const*)
 .text._Z19MATSetUIID_platformPKc
                0x00002f80       0x10 debug\s3eMATSDK_platform.os
                0x00002f80                MATSetUIID_platform(char const*)
 .text._Z32MATSetUseCookieTracking_platformb
                0x00002f90       0x14 debug\s3eMATSDK_platform.os
                0x00002f90                MATSetUseCookieTracking_platform(bool)
 .text._Z13s3eMATSDKInitv
                0x00002fa4       0x14 debug\s3eMATSDK.os
                0x00002fa4                s3eMATSDKInit()
 .text._Z18s3eMATSDKTerminatev
                0x00002fb8        0xc debug\s3eMATSDK.os
                0x00002fb8                s3eMATSDKTerminate()
 .text.MATStartMobileAppTracker
                0x00002fc4       0x24 debug\s3eMATSDK.os
                0x00002fc4                MATStartMobileAppTracker
 .text.MATSDKParameters
                0x00002fe8        0xc debug\s3eMATSDK.os
                0x00002fe8                MATSDKParameters
 .text.MATTrackInstall
                0x00002ff4        0xc debug\s3eMATSDK.os
                0x00002ff4                MATTrackInstall
 .text.MATTrackUpdate
                0x00003000        0xc debug\s3eMATSDK.os
                0x00003000                MATTrackUpdate
 .text.MATTrackInstallWithReferenceId
                0x0000300c       0x1c debug\s3eMATSDK.os
                0x0000300c                MATTrackInstallWithReferenceId
 .text.MATTrackActionForEventIdOrName
                0x00003028       0x34 debug\s3eMATSDK.os
                0x00003028                MATTrackActionForEventIdOrName
 .text.MATTrackActionForEventIdOrNameItems
                0x0000305c       0x64 debug\s3eMATSDK.os
                0x0000305c                MATTrackActionForEventIdOrNameItems
 .text.MATTrackAction
                0x000030c0       0x3c debug\s3eMATSDK.os
                0x000030c0                MATTrackAction
 .text.MATStartAppToAppTracking
                0x000030fc       0x3c debug\s3eMATSDK.os
                0x000030fc                MATStartAppToAppTracking
 .text.MATSetPackageName
                0x00003138       0x1c debug\s3eMATSDK.os
                0x00003138                MATSetPackageName
 .text.MATSetCurrencyCode
                0x00003154       0x1c debug\s3eMATSDK.os
                0x00003154                MATSetCurrencyCode
 .text.MATSetJailbroken
                0x00003170       0x24 debug\s3eMATSDK.os
                0x00003170                MATSetJailbroken
 .text.MATSetOpenUDID
                0x00003194       0x1c debug\s3eMATSDK.os
                0x00003194                MATSetOpenUDID
 .text.MATSetUserId
                0x000031b0       0x1c debug\s3eMATSDK.os
                0x000031b0                MATSetUserId
 .text.MATSetRevenue
                0x000031cc       0x1c debug\s3eMATSDK.os
                0x000031cc                MATSetRevenue
 .text.MATSetSiteId
                0x000031e8       0x1c debug\s3eMATSDK.os
                0x000031e8                MATSetSiteId
 .text.MATSetTRUSTeId
                0x00003204       0x1c debug\s3eMATSDK.os
                0x00003204                MATSetTRUSTeId
 .text.MATSetAppAdTracking
                0x00003220       0x24 debug\s3eMATSDK.os
                0x00003220                MATSetAppAdTracking
 .text.MATSetDelegate
                0x00003244       0x24 debug\s3eMATSDK.os
                0x00003244                MATSetDelegate
 .text.MATSetDebugMode
                0x00003268       0x24 debug\s3eMATSDK.os
                0x00003268                MATSetDebugMode
 .text.MATSetAllowDuplicates
                0x0000328c       0x24 debug\s3eMATSDK.os
                0x0000328c                MATSetAllowDuplicates
 .text.MATSetShouldAutoDetectJailbroken
                0x000032b0       0x24 debug\s3eMATSDK.os
                0x000032b0                MATSetShouldAutoDetectJailbroken
 .text.MATSetMACAddress
                0x000032d4       0x1c debug\s3eMATSDK.os
                0x000032d4                MATSetMACAddress
 .text.MATSetODIN1
                0x000032f0       0x1c debug\s3eMATSDK.os
                0x000032f0                MATSetODIN1
 .text.MATSetUIID
                0x0000330c       0x1c debug\s3eMATSDK.os
                0x0000330c                MATSetUIID
 .text.MATSetShouldAutoGenerateAppleVendorIdentifier
                0x00003328       0x24 debug\s3eMATSDK.os
                0x00003328                MATSetShouldAutoGenerateAppleVendorIdentifier
 .text.MATSetShouldAutoGenerateAppleAdvertisingIdentifier
                0x0000334c       0x24 debug\s3eMATSDK.os
                0x0000334c                MATSetShouldAutoGenerateAppleAdvertisingIdentifier
 .text.MATSetUseCookieTracking
                0x00003370       0x24 debug\s3eMATSDK.os
                0x00003370                MATSetUseCookieTracking
 .text.MATSetRedirectUrl
                0x00003394       0x1c debug\s3eMATSDK.os
                0x00003394                MATSetRedirectUrl
 .text.MATSetAppleAdvertisingIdentifier
                0x000033b0       0x1c debug\s3eMATSDK.os
                0x000033b0                MATSetAppleAdvertisingIdentifier
 .text.MATSetAppleVendorIdentifier
                0x000033cc       0x1c debug\s3eMATSDK.os
                0x000033cc                MATSetAppleVendorIdentifier
 .text.MATSetAge
                0x000033e8       0x1c debug\s3eMATSDK.os
                0x000033e8                MATSetAge
 .text.MATSetGender
                0x00003404       0x1c debug\s3eMATSDK.os
                0x00003404                MATSetGender
 .text.MATSetLocation
                0x00003420       0x2c debug\s3eMATSDK.os
                0x00003420                MATSetLocation
 .text._ZL29MATStartMobileAppTracker_wrapPKcS0_
                0x0000344c       0xa0 debug\s3eMATSDK_register.os
 .text._ZL20MATTrackInstall_wrapv
                0x000034ec       0x88 debug\s3eMATSDK_register.os
 .text._ZL19MATTrackUpdate_wrapv
                0x00003574       0x88 debug\s3eMATSDK_register.os
 .text._ZL35MATTrackInstallWithReferenceId_wrapPKc
                0x000035fc       0x98 debug\s3eMATSDK_register.os
 .text._ZL35MATTrackActionForEventIdOrName_wrapPKcbS0_
                0x00003694       0xb4 debug\s3eMATSDK_register.os
 .text._ZL40MATTrackActionForEventIdOrNameItems_wrapPKcbPK8MATArrayS0_dS0_hS0_S0_
                0x00003748       0xe8 debug\s3eMATSDK_register.os
 .text._ZL19MATTrackAction_wrapPKcbdS0_
                0x00003830       0xbc debug\s3eMATSDK_register.os
 .text._ZL22MATSetPackageName_wrapPKc
                0x000038ec       0x98 debug\s3eMATSDK_register.os
 .text._ZL23MATSetCurrencyCode_wrapPKc
                0x00003984       0x98 debug\s3eMATSDK_register.os
 .text._ZL19MATSetOpenUDID_wrapPKc
                0x00003a1c       0x98 debug\s3eMATSDK_register.os
 .text._ZL15MATSetUIID_wrapPKc
                0x00003ab4       0x98 debug\s3eMATSDK_register.os
 .text._ZL17MATSetUserId_wrapPKc
                0x00003b4c       0x98 debug\s3eMATSDK_register.os
 .text._ZL18MATSetRevenue_wrapd
                0x00003be4       0x98 debug\s3eMATSDK_register.os
 .text._ZL17MATSetSiteId_wrapPKc
                0x00003c7c       0x98 debug\s3eMATSDK_register.os
 .text._ZL19MATSetTRUSTeId_wrapPKc
                0x00003d14       0x98 debug\s3eMATSDK_register.os
 .text._ZL24MATSetAppAdTracking_wrapb
                0x00003dac       0xa4 debug\s3eMATSDK_register.os
 .text._ZL19MATSetDelegate_wrapb
                0x00003e50       0xa4 debug\s3eMATSDK_register.os
 .text._ZL21MATSetJailbroken_wrapb
                0x00003ef4       0xa4 debug\s3eMATSDK_register.os
 .text._ZL37MATSetShouldAutoDetectJailbroken_wrapb
                0x00003f98       0xa4 debug\s3eMATSDK_register.os
 .text._ZL21MATSetMACAddress_wrapPKc
                0x0000403c       0x98 debug\s3eMATSDK_register.os
 .text._ZL16MATSetODIN1_wrapPKc
                0x000040d4       0x98 debug\s3eMATSDK_register.os
 .text._ZL28MATSetUseCookieTracking_wrapb
                0x0000416c       0xa4 debug\s3eMATSDK_register.os
 .text._ZL14MATSetAge_wrapi
                0x00004210       0x98 debug\s3eMATSDK_register.os
 .text._ZL17MATSetGender_wrapi
                0x000042a8       0x98 debug\s3eMATSDK_register.os
 .text._ZL19MATSetLocation_wrapddd
                0x00004340       0xac debug\s3eMATSDK_register.os
 .text._ZL29MATStartAppToAppTracking_wrapPKcS0_S0_S0_b
                0x000043ec       0xc0 debug\s3eMATSDK_register.os
 .text._ZL22MATSetRedirectUrl_wrapPKc
                0x000044ac       0x98 debug\s3eMATSDK_register.os
 .text._ZL37MATSetAppleAdvertisingIdentifier_wrapPKc
                0x00004544       0x98 debug\s3eMATSDK_register.os
 .text._ZL32MATSetAppleVendorIdentifier_wrapPKc
                0x000045dc       0x98 debug\s3eMATSDK_register.os
 .text._ZL50MATSetShouldAutoGenerateAppleVendorIdentifier_wrapb
                0x00004674       0xa4 debug\s3eMATSDK_register.os
 .text._ZL55MATSetShouldAutoGenerateAppleAdvertisingIdentifier_wrapb
                0x00004718       0xa4 debug\s3eMATSDK_register.os
 .text._ZL21MATSDKParameters_wrapv
                0x000047bc       0x88 debug\s3eMATSDK_register.os
 .text._ZL20MATSetDebugMode_wrapb
                0x00004844       0xa4 debug\s3eMATSDK_register.os
 .text._ZL26MATSetAllowDuplicates_wrapb
                0x000048e8       0xa4 debug\s3eMATSDK_register.os
 .text._Z20s3eMATSDKRegisterExtv
                0x0000498c      0x2a4 debug\s3eMATSDK_register.os
                0x0000498c                s3eMATSDKRegisterExt()
 .text.RegisterExt
                0x00004c30        0xc debug\s3eMATSDK_register.os
                0x00004c30                RegisterExt
 .text.IwDebugTraceSetTraceChannel
                0x00004c3c       0x1c C:\marmalade\6.4\s3e\edk\lib\android\libedk.a(IwDebug.o)
                0x00004c3c                IwDebugTraceSetTraceChannel
 .text._GLOBAL__I_Z__sdk_modules_iwcore_source_IwDebug.cpp
                0x00004c58       0xa4 C:\marmalade\6.4\s3e\edk\lib\android\libedk.a(IwDebug.o)
 .text.IwDebugTraceIsChannelOn
                0x00004cfc      0x2b8 C:\marmalade\6.4\s3e\edk\lib\android\libedk.a(IwDebug.o)
                0x00004cfc                IwDebugTraceIsChannelOn
 .text.IwDebugTraceLinePrintf
                0x00004fb4      0x10c C:\marmalade\6.4\s3e\edk\lib\android\libedk.a(IwDebug.o)
                0x00004fb4                IwDebugTraceLinePrintf
 .text.s3eEdkThreadRunOnOS
                0x000050c0       0x30 C:\marmalade\6.4\s3e\edk\lib\android\libedk.a(edk_helpers.o)
                0x000050c0                s3eEdkThreadRunOnOS
 .text          0x000050f0       0x1c c:/Users/John/tools/android-ndk-r8c/toolchains/arm-linux-androideabi-4.4.3/prebuilt/windows/bin/../lib/gcc/arm-linux-androideabi/4.4.3\libgcc.a(_aeabi_ldivmod.o)
                0x000050f0                __aeabi_ldivmod
 .text          0x0000510c       0x88 c:/Users/John/tools/android-ndk-r8c/toolchains/arm-linux-androideabi-4.4.3/prebuilt/windows/bin/../lib/gcc/arm-linux-androideabi/4.4.3\libgcc.a(bpabi.o)
                0x0000510c                __gnu_uldivmod_helper
                0x00005150                __gnu_ldivmod_helper
 .text          0x00005194      0xec4 c:/Users/John/tools/android-ndk-r8c/toolchains/arm-linux-androideabi-4.4.3/prebuilt/windows/bin/../lib/gcc/arm-linux-androideabi/4.4.3\libgcc.a(unwind-arm.o)
                0x00005bbc                __gnu_Unwind_RaiseException
                0x00005714                __aeabi_unwind_cpp_pr0
                0x00005244                _Unwind_GetCFA
                0x000051e0                _Unwind_VRS_Set
                0x00005958                __gnu_Unwind_Backtrace
                0x00005cec                _Unwind_VRS_Pop
                0x00005704                __aeabi_unwind_cpp_pr2
                0x00005250                _Unwind_DeleteException
                0x0000524c                _Unwind_Complete
                0x00005c80                __gnu_Unwind_Resume
                0x00005b48                __gnu_Unwind_ForcedUnwind
                0x00005c60                __gnu_Unwind_Resume_or_Rethrow
                0x00005194                _Unwind_VRS_Get
                0x0000570c                __aeabi_unwind_cpp_pr1
 .text          0x00006058      0x1a8 c:/Users/John/tools/android-ndk-r8c/toolchains/arm-linux-androideabi-4.4.3/prebuilt/windows/bin/../lib/gcc/arm-linux-androideabi/4.4.3\libgcc.a(libunwind.o)
                0x000061b8                ___Unwind_ForcedUnwind
                0x00006074                __gnu_Unwind_Save_VFP
                0x00006194                _Unwind_Resume_or_Rethrow
                0x00006194                ___Unwind_Resume_or_Rethrow
                0x000061dc                _Unwind_Backtrace
                0x00006058                __restore_core_regs
                0x00006094                __gnu_Unwind_Save_VFP_D_16_to_31
                0x00006084                __gnu_Unwind_Save_VFP_D
                0x000061dc                ___Unwind_Backtrace
                0x0000614c                ___Unwind_RaiseException
                0x00006170                ___Unwind_Resume
                0x0000609c                __gnu_Unwind_Restore_WMMXD
                0x0000606c                __gnu_Unwind_Restore_VFP
                0x00006170                _Unwind_Resume
                0x0000607c                __gnu_Unwind_Restore_VFP_D
                0x0000608c                __gnu_Unwind_Restore_VFP_D_16_to_31
                0x0000614c                _Unwind_RaiseException
                0x00006058                restore_core_regs
                0x00006138                __gnu_Unwind_Save_WMMXC
                0x00006124                __gnu_Unwind_Restore_WMMXC
                0x000061b8                _Unwind_ForcedUnwind
                0x000060e0                __gnu_Unwind_Save_WMMXD
 .text          0x00006200      0x484 c:/Users/John/tools/android-ndk-r8c/toolchains/arm-linux-androideabi-4.4.3/prebuilt/windows/bin/../lib/gcc/arm-linux-androideabi/4.4.3\libgcc.a(pr-support.o)
                0x000062a0                _Unwind_GetRegionStart
                0x000062cc                __gnu_unwind_execute
                0x00006258                _Unwind_GetTextRelBase
                0x00006268                _Unwind_GetLanguageSpecificData
                0x00006644                __gnu_unwind_frame
                0x00006260                _Unwind_GetDataRelBase
 .text          0x00006684      0x47c c:/Users/John/tools/android-ndk-r8c/toolchains/arm-linux-androideabi-4.4.3/prebuilt/windows/bin/../lib/gcc/arm-linux-androideabi/4.4.3\libgcc.a(_divdi3.o)
                0x00006684                __divdi3
 .text          0x00006b00      0x40c c:/Users/John/tools/android-ndk-r8c/toolchains/arm-linux-androideabi-4.4.3/prebuilt/windows/bin/../lib/gcc/arm-linux-androideabi/4.4.3\libgcc.a(_udivdi3.o)
                0x00006b00                __udivdi3
 .text          0x00006f0c       0xc4 c:/Users/John/tools/android-ndk-r8c/toolchains/arm-linux-androideabi-4.4.3/prebuilt/windows/bin/../lib/gcc/arm-linux-androideabi/4.4.3\libgcc.a(_udivsi3.o)
                0x00006f0c                __udivsi3
                0x00006f0c                __aeabi_uidiv
                0x00006fb8                __aeabi_uidivmod
 .text          0x00006fd0       0x10 c:/Users/John/tools/android-ndk-r8c/toolchains/arm-linux-androideabi-4.4.3/prebuilt/windows/bin/../lib/gcc/arm-linux-androideabi/4.4.3\libgcc.a(_dvmd_lnx.o)
                0x00006fd0                __div0
 *(.gnu.warning)
 *(.glue_7t)
 .glue_7t       0x00000000        0x0 linker stubs
 *(.glue_7)
 .glue_7        0x00000000        0x0 linker stubs
 *(.vfp11_veneer)
 .vfp11_veneer  0x00000000        0x0 linker stubs
 *(.v4_bx)
 .v4_bx         0x00000000        0x0 linker stubs

.fini
 *(.fini)
                0x00006fe0                PROVIDE (__etext, .)
                0x00006fe0                PROVIDE (_etext, .)
                0x00006fe0                PROVIDE (etext, .)

.rodata         0x00006fe0      0xda4
 *(.rodata .rodata.* .gnu.linkonce.r.*)
 .rodata        0x00006fe0      0x440 debug\s3eMATSDK_platform.os
 .rodata        0x00007420      0x848 debug\s3eMATSDK_register.os
 .rodata.str1.4
                0x00007c68      0x11c C:\marmalade\6.4\s3e\edk\lib\android\libedk.a(IwDebug.o)
                                0x120 (size before relaxing)

.rodata1
 *(.rodata1)

.ARM.extab      0x00007d84       0x24
 *(.ARM.extab* .gnu.linkonce.armextab.*)
 .ARM.extab     0x00007d84       0x24 c:/Users/John/tools/android-ndk-r8c/toolchains/arm-linux-androideabi-4.4.3/prebuilt/windows/bin/../lib/gcc/arm-linux-androideabi/4.4.3\libgcc.a(unwind-arm.o)
                0x00007da8                __exidx_start = .

.ARM.exidx      0x00007da8       0xf8
 *(.ARM.exidx* .gnu.linkonce.armexidx.*)
 .ARM.exidx     0x00007da8       0x10 c:/Users/John/tools/android-ndk-r8c/toolchains/arm-linux-androideabi-4.4.3/prebuilt/windows/bin/../lib/gcc/arm-linux-androideabi/4.4.3\libgcc.a(bpabi.o)
 .ARM.exidx     0x00007db8       0xa0 c:/Users/John/tools/android-ndk-r8c/toolchains/arm-linux-androideabi-4.4.3/prebuilt/windows/bin/../lib/gcc/arm-linux-androideabi/4.4.3\libgcc.a(unwind-arm.o)
 .ARM.exidx     0x00007e58       0x38 c:/Users/John/tools/android-ndk-r8c/toolchains/arm-linux-androideabi-4.4.3/prebuilt/windows/bin/../lib/gcc/arm-linux-androideabi/4.4.3\libgcc.a(pr-support.o)
 .ARM.exidx     0x00007e90        0x8 c:/Users/John/tools/android-ndk-r8c/toolchains/arm-linux-androideabi-4.4.3/prebuilt/windows/bin/../lib/gcc/arm-linux-androideabi/4.4.3\libgcc.a(_divdi3.o)
 .ARM.exidx     0x00007e98        0x8 c:/Users/John/tools/android-ndk-r8c/toolchains/arm-linux-androideabi-4.4.3/prebuilt/windows/bin/../lib/gcc/arm-linux-androideabi/4.4.3\libgcc.a(_udivdi3.o)
                0x00007ea0                __exidx_end = .

.eh_frame_hdr
 *(.eh_frame_hdr)

.eh_frame
 *(.eh_frame)

.gcc_except_table
 *(.gcc_except_table .gcc_except_table.*)
                0x00007ea0                . = (ALIGN (0x1000) - ((0x1000 - .) & 0xfff))
                0x00008e10                . = (0x1000 DATA_SEGMENT_ALIGN 0x1000)

.eh_frame
 *(.eh_frame)

.gcc_except_table
 *(.gcc_except_table .gcc_except_table.*)

.tdata
 *(.tdata .tdata.* .gnu.linkonce.td.*)

.tbss
 *(.tbss .tbss.* .gnu.linkonce.tb.*)
 *(.tcommon)

.preinit_array
 *(.preinit_array)

.init_array     0x00008e10        0x8
 *(SORT(.init_array.*))
 *(.init_array)
 .init_array    0x00008e10        0x4 C:\marmalade\6.4\s3e\edk\lib\android\libedk.a(IwDebug.o)
 .init_array    0x00008e14        0x4 C:/Users/John/tools/android-ndk-r8c/platforms/android-9/arch-arm/usr/lib/crtend_so.o

.fini_array     0x00008e18        0x8
 *(.fini_array)
 .fini_array    0x00008e18        0x4 C:/Users/John/tools/android-ndk-r8c/platforms/android-9/arch-arm/usr/lib/crtbegin_so.o
 .fini_array    0x00008e1c        0x4 C:/Users/John/tools/android-ndk-r8c/platforms/android-9/arch-arm/usr/lib/crtend_so.o
 *(SORT(.fini_array.*))

.ctors
 *crtbegin.o(.ctors)
 *crtbegin?.o(.ctors)
 *(EXCLUDE_FILE(*crtend?.o *crtend.o) .ctors)
 *(SORT(.ctors.*))
 *(.ctors)

.dtors
 *crtbegin.o(.dtors)
 *crtbegin?.o(.dtors)
 *(EXCLUDE_FILE(*crtend?.o *crtend.o) .dtors)
 *(SORT(.dtors.*))
 *(.dtors)

.jcr
 *(.jcr)

.data.rel.ro
 *(.data.rel.ro.local* .gnu.linkonce.d.rel.ro.local.*)
 *(.data.rel.ro* .gnu.linkonce.d.rel.ro.*)

.dynamic        0x00008e20       0xd8
 *(.dynamic)
 .dynamic       0x00008e20       0xd8 C:/Users/John/tools/android-ndk-r8c/platforms/android-9/arch-arm/usr/lib/crtbegin_so.o
                0x00008e20                _DYNAMIC

.got            0x00008ef8      0x108
 *(.got.plt)
 .got.plt       0x00008ef8       0x5c C:/Users/John/tools/android-ndk-r8c/platforms/android-9/arch-arm/usr/lib/crtbegin_so.o
                0x00008ef8                _GLOBAL_OFFSET_TABLE_
 *(.got)
 .got           0x00008f54       0xac C:/Users/John/tools/android-ndk-r8c/platforms/android-9/arch-arm/usr/lib/crtbegin_so.o
                0x00009000                . = (. DATA_SEGMENT_RELRO_END 0x0)

.data           0x00009000        0x4
                0x00009000                __data_start = .
 *(.data .data.* .gnu.linkonce.d.*)
 .data          0x00009000        0x4 C:/Users/John/tools/android-ndk-r8c/platforms/android-9/arch-arm/usr/lib/crtbegin_so.o
                0x00009000                __dso_handle

.data1
 *(.data1)
                0x00009004                _edata = .
                0x00009004                PROVIDE (edata, .)
                0x00009004                __bss_start = .
                0x00009004                __bss_start__ = .

.bss            0x00009004     0x1a7c
 *(.dynbss)
 .dynbss        0x00000000        0x0 C:/Users/John/tools/android-ndk-r8c/platforms/android-9/arch-arm/usr/lib/crtbegin_so.o
 *(.bss .bss.* .gnu.linkonce.b.*)
 .bss           0x00009004       0x54 debug\s3eMATSDK_platform.os
 .bss           0x00009058     0x1a28 C:\marmalade\6.4\s3e\edk\lib\android\libedk.a(IwDebug.o)
                0x00009058                g_DebugGlobals
 *(COMMON)
                0x0000aa80                . = ALIGN ((. != 0x0)?0x4:0x1)
                0x0000aa80                _bss_end__ = .
                0x0000aa80                __bss_end__ = .
                0x0000aa80                . = ALIGN (0x4)
                0x0000aa80                . = ALIGN (0x4)
                0x0000aa80                __end__ = .
                0x0000aa80                _end = .
                0x0000aa80                PROVIDE (end, .)
                0x0000aa80                . = DATA_SEGMENT_END (.)

.stab
 *(.stab)

.stabstr
 *(.stabstr)

.stab.excl
 *(.stab.excl)

.stab.exclstr
 *(.stab.exclstr)

.stab.index
 *(.stab.index)

.stab.indexstr
 *(.stab.indexstr)

.comment        0x00000000       0xd9
 *(.comment)
 .comment       0x00000000       0x25 C:/Users/John/tools/android-ndk-r8c/platforms/android-9/arch-arm/usr/lib/crtbegin_so.o
                                 0x26 (size before relaxing)
 .comment       0x00000025       0x12 debug\s3eMATSDK_platform.os
 .comment       0x00000037       0x12 debug\s3eMATSDK.os
 .comment       0x00000049       0x12 debug\s3eMATSDK_register.os
 .comment       0x0000005b       0x12 C:\marmalade\6.4\s3e\edk\lib\android\libedk.a(IwDebug.o)
 .comment       0x0000006d       0x12 C:\marmalade\6.4\s3e\edk\lib\android\libedk.a(edk_helpers.o)
 .comment       0x0000007f       0x12 c:/Users/John/tools/android-ndk-r8c/toolchains/arm-linux-androideabi-4.4.3/prebuilt/windows/bin/../lib/gcc/arm-linux-androideabi/4.4.3\libgcc.a(bpabi.o)
 .comment       0x00000091       0x12 c:/Users/John/tools/android-ndk-r8c/toolchains/arm-linux-androideabi-4.4.3/prebuilt/windows/bin/../lib/gcc/arm-linux-androideabi/4.4.3\libgcc.a(unwind-arm.o)
 .comment       0x000000a3       0x12 c:/Users/John/tools/android-ndk-r8c/toolchains/arm-linux-androideabi-4.4.3/prebuilt/windows/bin/../lib/gcc/arm-linux-androideabi/4.4.3\libgcc.a(pr-support.o)
 .comment       0x000000b5       0x12 c:/Users/John/tools/android-ndk-r8c/toolchains/arm-linux-androideabi-4.4.3/prebuilt/windows/bin/../lib/gcc/arm-linux-androideabi/4.4.3\libgcc.a(_divdi3.o)
 .comment       0x000000c7       0x12 c:/Users/John/tools/android-ndk-r8c/toolchains/arm-linux-androideabi-4.4.3/prebuilt/windows/bin/../lib/gcc/arm-linux-androideabi/4.4.3\libgcc.a(_udivdi3.o)

.debug
 *(.debug)

.line
 *(.line)

.debug_srcinfo
 *(.debug_srcinfo)

.debug_sfnames
 *(.debug_sfnames)

.debug_aranges  0x00000000      0x548
 *(.debug_aranges)
 .debug_aranges
                0x00000000      0x1b8 debug\s3eMATSDK_platform.os
 .debug_aranges
                0x000001b8      0x138 debug\s3eMATSDK.os
 .debug_aranges
                0x000002f0      0x138 debug\s3eMATSDK_register.os
 .debug_aranges
                0x00000428       0x20 c:/Users/John/tools/android-ndk-r8c/toolchains/arm-linux-androideabi-4.4.3/prebuilt/windows/bin/../lib/gcc/arm-linux-androideabi/4.4.3\libgcc.a(_aeabi_ldivmod.o)
 .debug_aranges
                0x00000448       0x20 c:/Users/John/tools/android-ndk-r8c/toolchains/arm-linux-androideabi-4.4.3/prebuilt/windows/bin/../lib/gcc/arm-linux-androideabi/4.4.3\libgcc.a(bpabi.o)
 .debug_aranges
                0x00000468       0x20 c:/Users/John/tools/android-ndk-r8c/toolchains/arm-linux-androideabi-4.4.3/prebuilt/windows/bin/../lib/gcc/arm-linux-androideabi/4.4.3\libgcc.a(unwind-arm.o)
 .debug_aranges
                0x00000488       0x20 c:/Users/John/tools/android-ndk-r8c/toolchains/arm-linux-androideabi-4.4.3/prebuilt/windows/bin/../lib/gcc/arm-linux-androideabi/4.4.3\libgcc.a(libunwind.o)
 .debug_aranges
                0x000004a8       0x20 c:/Users/John/tools/android-ndk-r8c/toolchains/arm-linux-androideabi-4.4.3/prebuilt/windows/bin/../lib/gcc/arm-linux-androideabi/4.4.3\libgcc.a(pr-support.o)
 .debug_aranges
                0x000004c8       0x20 c:/Users/John/tools/android-ndk-r8c/toolchains/arm-linux-androideabi-4.4.3/prebuilt/windows/bin/../lib/gcc/arm-linux-androideabi/4.4.3\libgcc.a(_divdi3.o)
 .debug_aranges
                0x000004e8       0x20 c:/Users/John/tools/android-ndk-r8c/toolchains/arm-linux-androideabi-4.4.3/prebuilt/windows/bin/../lib/gcc/arm-linux-androideabi/4.4.3\libgcc.a(_udivdi3.o)
 .debug_aranges
                0x00000508       0x20 c:/Users/John/tools/android-ndk-r8c/toolchains/arm-linux-androideabi-4.4.3/prebuilt/windows/bin/../lib/gcc/arm-linux-androideabi/4.4.3\libgcc.a(_udivsi3.o)
 .debug_aranges
                0x00000528       0x20 c:/Users/John/tools/android-ndk-r8c/toolchains/arm-linux-androideabi-4.4.3/prebuilt/windows/bin/../lib/gcc/arm-linux-androideabi/4.4.3\libgcc.a(_dvmd_lnx.o)

.debug_pubnames
                0x00000000      0xcac
 *(.debug_pubnames)
 .debug_pubnames
                0x00000000      0x62d debug\s3eMATSDK_platform.os
 .debug_pubnames
                0x0000062d      0x392 debug\s3eMATSDK.os
 .debug_pubnames
                0x000009bf       0x3b debug\s3eMATSDK_register.os
 .debug_pubnames
                0x000009fa       0x45 c:/Users/John/tools/android-ndk-r8c/toolchains/arm-linux-androideabi-4.4.3/prebuilt/windows/bin/../lib/gcc/arm-linux-androideabi/4.4.3\libgcc.a(bpabi.o)
 .debug_pubnames
                0x00000a3f      0x177 c:/Users/John/tools/android-ndk-r8c/toolchains/arm-linux-androideabi-4.4.3/prebuilt/windows/bin/../lib/gcc/arm-linux-androideabi/4.4.3\libgcc.a(unwind-arm.o)
 .debug_pubnames
                0x00000bb6       0xb7 c:/Users/John/tools/android-ndk-r8c/toolchains/arm-linux-androideabi-4.4.3/prebuilt/windows/bin/../lib/gcc/arm-linux-androideabi/4.4.3\libgcc.a(pr-support.o)
 .debug_pubnames
                0x00000c6d       0x1f c:/Users/John/tools/android-ndk-r8c/toolchains/arm-linux-androideabi-4.4.3/prebuilt/windows/bin/../lib/gcc/arm-linux-androideabi/4.4.3\libgcc.a(_divdi3.o)
 .debug_pubnames
                0x00000c8c       0x20 c:/Users/John/tools/android-ndk-r8c/toolchains/arm-linux-androideabi-4.4.3/prebuilt/windows/bin/../lib/gcc/arm-linux-androideabi/4.4.3\libgcc.a(_udivdi3.o)

.debug_info     0x00000000     0xa0da
 *(.debug_info .gnu.linkonce.wi.*)
 .debug_info    0x00000000     0x675a debug\s3eMATSDK_platform.os
 .debug_info    0x0000675a      0x740 debug\s3eMATSDK.os
 .debug_info    0x00006e9a      0x753 debug\s3eMATSDK_register.os
 .debug_info    0x000075ed       0xf5 c:/Users/John/tools/android-ndk-r8c/toolchains/arm-linux-androideabi-4.4.3/prebuilt/windows/bin/../lib/gcc/arm-linux-androideabi/4.4.3\libgcc.a(_aeabi_ldivmod.o)
 .debug_info    0x000076e2       0xde c:/Users/John/tools/android-ndk-r8c/toolchains/arm-linux-androideabi-4.4.3/prebuilt/windows/bin/../lib/gcc/arm-linux-androideabi/4.4.3\libgcc.a(bpabi.o)
 .debug_info    0x000077c0     0x1424 c:/Users/John/tools/android-ndk-r8c/toolchains/arm-linux-androideabi-4.4.3/prebuilt/windows/bin/../lib/gcc/arm-linux-androideabi/4.4.3\libgcc.a(unwind-arm.o)
 .debug_info    0x00008be4       0xf9 c:/Users/John/tools/android-ndk-r8c/toolchains/arm-linux-androideabi-4.4.3/prebuilt/windows/bin/../lib/gcc/arm-linux-androideabi/4.4.3\libgcc.a(libunwind.o)
 .debug_info    0x00008cdd      0x636 c:/Users/John/tools/android-ndk-r8c/toolchains/arm-linux-androideabi-4.4.3/prebuilt/windows/bin/../lib/gcc/arm-linux-androideabi/4.4.3\libgcc.a(pr-support.o)
 .debug_info    0x00009313      0x606 c:/Users/John/tools/android-ndk-r8c/toolchains/arm-linux-androideabi-4.4.3/prebuilt/windows/bin/../lib/gcc/arm-linux-androideabi/4.4.3\libgcc.a(_divdi3.o)
 .debug_info    0x00009919      0x5cb c:/Users/John/tools/android-ndk-r8c/toolchains/arm-linux-androideabi-4.4.3/prebuilt/windows/bin/../lib/gcc/arm-linux-androideabi/4.4.3\libgcc.a(_udivdi3.o)
 .debug_info    0x00009ee4       0xfb c:/Users/John/tools/android-ndk-r8c/toolchains/arm-linux-androideabi-4.4.3/prebuilt/windows/bin/../lib/gcc/arm-linux-androideabi/4.4.3\libgcc.a(_udivsi3.o)
 .debug_info    0x00009fdf       0xfb c:/Users/John/tools/android-ndk-r8c/toolchains/arm-linux-androideabi-4.4.3/prebuilt/windows/bin/../lib/gcc/arm-linux-androideabi/4.4.3\libgcc.a(_dvmd_lnx.o)

.debug_abbrev   0x00000000      0xe64
 *(.debug_abbrev)
 .debug_abbrev  0x00000000      0x2ac debug\s3eMATSDK_platform.os
 .debug_abbrev  0x000002ac      0x116 debug\s3eMATSDK.os
 .debug_abbrev  0x000003c2      0x115 debug\s3eMATSDK_register.os
 .debug_abbrev  0x000004d7       0x14 c:/Users/John/tools/android-ndk-r8c/toolchains/arm-linux-androideabi-4.4.3/prebuilt/windows/bin/../lib/gcc/arm-linux-androideabi/4.4.3\libgcc.a(_aeabi_ldivmod.o)
 .debug_abbrev  0x000004eb       0x6a c:/Users/John/tools/android-ndk-r8c/toolchains/arm-linux-androideabi-4.4.3/prebuilt/windows/bin/../lib/gcc/arm-linux-androideabi/4.4.3\libgcc.a(bpabi.o)
 .debug_abbrev  0x00000555      0x3bb c:/Users/John/tools/android-ndk-r8c/toolchains/arm-linux-androideabi-4.4.3/prebuilt/windows/bin/../lib/gcc/arm-linux-androideabi/4.4.3\libgcc.a(unwind-arm.o)
 .debug_abbrev  0x00000910       0x14 c:/Users/John/tools/android-ndk-r8c/toolchains/arm-linux-androideabi-4.4.3/prebuilt/windows/bin/../lib/gcc/arm-linux-androideabi/4.4.3\libgcc.a(libunwind.o)
 .debug_abbrev  0x00000924      0x220 c:/Users/John/tools/android-ndk-r8c/toolchains/arm-linux-androideabi-4.4.3/prebuilt/windows/bin/../lib/gcc/arm-linux-androideabi/4.4.3\libgcc.a(pr-support.o)
 .debug_abbrev  0x00000b44      0x18b c:/Users/John/tools/android-ndk-r8c/toolchains/arm-linux-androideabi-4.4.3/prebuilt/windows/bin/../lib/gcc/arm-linux-androideabi/4.4.3\libgcc.a(_divdi3.o)
 .debug_abbrev  0x00000ccf      0x16d c:/Users/John/tools/android-ndk-r8c/toolchains/arm-linux-androideabi-4.4.3/prebuilt/windows/bin/../lib/gcc/arm-linux-androideabi/4.4.3\libgcc.a(_udivdi3.o)
 .debug_abbrev  0x00000e3c       0x14 c:/Users/John/tools/android-ndk-r8c/toolchains/arm-linux-androideabi-4.4.3/prebuilt/windows/bin/../lib/gcc/arm-linux-androideabi/4.4.3\libgcc.a(_udivsi3.o)
 .debug_abbrev  0x00000e50       0x14 c:/Users/John/tools/android-ndk-r8c/toolchains/arm-linux-androideabi-4.4.3/prebuilt/windows/bin/../lib/gcc/arm-linux-androideabi/4.4.3\libgcc.a(_dvmd_lnx.o)

.debug_line     0x00000000     0x1aed
 *(.debug_line)
 .debug_line    0x00000000      0x683 debug\s3eMATSDK_platform.os
 .debug_line    0x00000683      0x33c debug\s3eMATSDK.os
 .debug_line    0x000009bf      0x41e debug\s3eMATSDK_register.os
 .debug_line    0x00000ddd       0xa5 c:/Users/John/tools/android-ndk-r8c/toolchains/arm-linux-androideabi-4.4.3/prebuilt/windows/bin/../lib/gcc/arm-linux-androideabi/4.4.3\libgcc.a(_aeabi_ldivmod.o)
 .debug_line    0x00000e82       0xab c:/Users/John/tools/android-ndk-r8c/toolchains/arm-linux-androideabi-4.4.3/prebuilt/windows/bin/../lib/gcc/arm-linux-androideabi/4.4.3\libgcc.a(bpabi.o)
 .debug_line    0x00000f2d      0x4d2 c:/Users/John/tools/android-ndk-r8c/toolchains/arm-linux-androideabi-4.4.3/prebuilt/windows/bin/../lib/gcc/arm-linux-androideabi/4.4.3\libgcc.a(unwind-arm.o)
 .debug_line    0x000013ff       0xf1 c:/Users/John/tools/android-ndk-r8c/toolchains/arm-linux-androideabi-4.4.3/prebuilt/windows/bin/../lib/gcc/arm-linux-androideabi/4.4.3\libgcc.a(libunwind.o)
 .debug_line    0x000014f0      0x1d2 c:/Users/John/tools/android-ndk-r8c/toolchains/arm-linux-androideabi-4.4.3/prebuilt/windows/bin/../lib/gcc/arm-linux-androideabi/4.4.3\libgcc.a(pr-support.o)
 .debug_line    0x000016c2      0x162 c:/Users/John/tools/android-ndk-r8c/toolchains/arm-linux-androideabi-4.4.3/prebuilt/windows/bin/../lib/gcc/arm-linux-androideabi/4.4.3\libgcc.a(_divdi3.o)
 .debug_line    0x00001824      0x152 c:/Users/John/tools/android-ndk-r8c/toolchains/arm-linux-androideabi-4.4.3/prebuilt/windows/bin/../lib/gcc/arm-linux-androideabi/4.4.3\libgcc.a(_udivdi3.o)
 .debug_line    0x00001976       0xcc c:/Users/John/tools/android-ndk-r8c/toolchains/arm-linux-androideabi-4.4.3/prebuilt/windows/bin/../lib/gcc/arm-linux-androideabi/4.4.3\libgcc.a(_udivsi3.o)
 .debug_line    0x00001a42       0xab c:/Users/John/tools/android-ndk-r8c/toolchains/arm-linux-androideabi-4.4.3/prebuilt/windows/bin/../lib/gcc/arm-linux-androideabi/4.4.3\libgcc.a(_dvmd_lnx.o)

.debug_frame    0x00000000     0x11c4
 *(.debug_frame)
 .debug_frame   0x00000000      0x55c debug\s3eMATSDK_platform.os
 .debug_frame   0x0000055c      0x400 debug\s3eMATSDK.os
 .debug_frame   0x0000095c      0x404 debug\s3eMATSDK_register.os
 .debug_frame   0x00000d60       0x60 c:/Users/John/tools/android-ndk-r8c/toolchains/arm-linux-androideabi-4.4.3/prebuilt/windows/bin/../lib/gcc/arm-linux-androideabi/4.4.3\libgcc.a(bpabi.o)
 .debug_frame   0x00000dc0      0x248 c:/Users/John/tools/android-ndk-r8c/toolchains/arm-linux-androideabi-4.4.3/prebuilt/windows/bin/../lib/gcc/arm-linux-androideabi/4.4.3\libgcc.a(unwind-arm.o)
 .debug_frame   0x00001008      0x108 c:/Users/John/tools/android-ndk-r8c/toolchains/arm-linux-androideabi-4.4.3/prebuilt/windows/bin/../lib/gcc/arm-linux-androideabi/4.4.3\libgcc.a(pr-support.o)
 .debug_frame   0x00001110       0x44 c:/Users/John/tools/android-ndk-r8c/toolchains/arm-linux-androideabi-4.4.3/prebuilt/windows/bin/../lib/gcc/arm-linux-androideabi/4.4.3\libgcc.a(_divdi3.o)
 .debug_frame   0x00001154       0x48 c:/Users/John/tools/android-ndk-r8c/toolchains/arm-linux-androideabi-4.4.3/prebuilt/windows/bin/../lib/gcc/arm-linux-androideabi/4.4.3\libgcc.a(_udivdi3.o)
 .debug_frame   0x0000119c       0x28 c:/Users/John/tools/android-ndk-r8c/toolchains/arm-linux-androideabi-4.4.3/prebuilt/windows/bin/../lib/gcc/arm-linux-androideabi/4.4.3\libgcc.a(_udivsi3.o)

.debug_str      0x00000000     0x679c
 *(.debug_str)
 .debug_str     0x00000000     0x55e5 debug\s3eMATSDK_platform.os
                               0x576a (size before relaxing)
 .debug_str     0x000055e5      0x220 debug\s3eMATSDK.os
                                0x686 (size before relaxing)
 .debug_str     0x00005805      0x41e debug\s3eMATSDK_register.os
                                0x6ff (size before relaxing)
 .debug_str     0x00005c23       0xb9 c:/Users/John/tools/android-ndk-r8c/toolchains/arm-linux-androideabi-4.4.3/prebuilt/windows/bin/../lib/gcc/arm-linux-androideabi/4.4.3\libgcc.a(bpabi.o)
                                 0xde (size before relaxing)
 .debug_str     0x00005cdc      0x814 c:/Users/John/tools/android-ndk-r8c/toolchains/arm-linux-androideabi-4.4.3/prebuilt/windows/bin/../lib/gcc/arm-linux-androideabi/4.4.3\libgcc.a(unwind-arm.o)
                                0x8f4 (size before relaxing)
 .debug_str     0x000064f0      0x13d c:/Users/John/tools/android-ndk-r8c/toolchains/arm-linux-androideabi-4.4.3/prebuilt/windows/bin/../lib/gcc/arm-linux-androideabi/4.4.3\libgcc.a(pr-support.o)
                                0x45a (size before relaxing)
 .debug_str     0x0000662d      0x165 c:/Users/John/tools/android-ndk-r8c/toolchains/arm-linux-androideabi-4.4.3/prebuilt/windows/bin/../lib/gcc/arm-linux-androideabi/4.4.3\libgcc.a(_divdi3.o)
                                0x215 (size before relaxing)
 .debug_str     0x00006792        0xa c:/Users/John/tools/android-ndk-r8c/toolchains/arm-linux-androideabi-4.4.3/prebuilt/windows/bin/../lib/gcc/arm-linux-androideabi/4.4.3\libgcc.a(_udivdi3.o)
                                0x216 (size before relaxing)

.debug_loc      0x00000000     0x3545
 *(.debug_loc)
 .debug_loc     0x00000000      0x843 debug\s3eMATSDK_platform.os
 .debug_loc     0x00000843      0x5f4 debug\s3eMATSDK.os
 .debug_loc     0x00000e37      0x601 debug\s3eMATSDK_register.os
 .debug_loc     0x00001438      0x120 c:/Users/John/tools/android-ndk-r8c/toolchains/arm-linux-androideabi-4.4.3/prebuilt/windows/bin/../lib/gcc/arm-linux-androideabi/4.4.3\libgcc.a(bpabi.o)
 .debug_loc     0x00001558      0xfef c:/Users/John/tools/android-ndk-r8c/toolchains/arm-linux-androideabi-4.4.3/prebuilt/windows/bin/../lib/gcc/arm-linux-androideabi/4.4.3\libgcc.a(unwind-arm.o)
 .debug_loc     0x00002547      0x2f9 c:/Users/John/tools/android-ndk-r8c/toolchains/arm-linux-androideabi-4.4.3/prebuilt/windows/bin/../lib/gcc/arm-linux-androideabi/4.4.3\libgcc.a(pr-support.o)
 .debug_loc     0x00002840      0x6cf c:/Users/John/tools/android-ndk-r8c/toolchains/arm-linux-androideabi-4.4.3/prebuilt/windows/bin/../lib/gcc/arm-linux-androideabi/4.4.3\libgcc.a(_divdi3.o)
 .debug_loc     0x00002f0f      0x636 c:/Users/John/tools/android-ndk-r8c/toolchains/arm-linux-androideabi-4.4.3/prebuilt/windows/bin/../lib/gcc/arm-linux-androideabi/4.4.3\libgcc.a(_udivdi3.o)

.debug_macinfo
 *(.debug_macinfo)

.debug_weaknames
 *(.debug_weaknames)

.debug_funcnames
 *(.debug_funcnames)

.debug_typenames
 *(.debug_typenames)

.debug_varnames
 *(.debug_varnames)

.debug_pubtypes
 *(.debug_pubtypes)

.debug_ranges   0x00000000      0x748
 *(.debug_ranges)
 .debug_ranges  0x00000000      0x1a8 debug\s3eMATSDK_platform.os
 .debug_ranges  0x000001a8      0x128 debug\s3eMATSDK.os
 .debug_ranges  0x000002d0      0x128 debug\s3eMATSDK_register.os
 .debug_ranges  0x000003f8      0x1f8 c:/Users/John/tools/android-ndk-r8c/toolchains/arm-linux-androideabi-4.4.3/prebuilt/windows/bin/../lib/gcc/arm-linux-androideabi/4.4.3\libgcc.a(unwind-arm.o)
 .debug_ranges  0x000005f0       0x30 c:/Users/John/tools/android-ndk-r8c/toolchains/arm-linux-androideabi-4.4.3/prebuilt/windows/bin/../lib/gcc/arm-linux-androideabi/4.4.3\libgcc.a(pr-support.o)
 .debug_ranges  0x00000620       0xa0 c:/Users/John/tools/android-ndk-r8c/toolchains/arm-linux-androideabi-4.4.3/prebuilt/windows/bin/../lib/gcc/arm-linux-androideabi/4.4.3\libgcc.a(_divdi3.o)
 .debug_ranges  0x000006c0       0x88 c:/Users/John/tools/android-ndk-r8c/toolchains/arm-linux-androideabi-4.4.3/prebuilt/windows/bin/../lib/gcc/arm-linux-androideabi/4.4.3\libgcc.a(_udivdi3.o)

.gnu.attributes
 *(.gnu.attributes)

.note.gnu.arm.ident
 *(.note.gnu.arm.ident)

/DISCARD/
 *(.note.GNU-stack)
 *(.gnu_debuglink)
OUTPUT(C:\Users\John\Documents\GitHub\sdk\sdk-marmalade\ios_android\s3eMATSDK\lib\android\libs3eMATSDK_d.so elf32-littlearm)

.ARM.attributes
                0x00000000       0x31
 .ARM.attributes
                0x00000000       0x2d C:/Users/John/tools/android-ndk-r8c/platforms/android-9/arch-arm/usr/lib/crtbegin_so.o
 .ARM.attributes
                0x0000002d       0x2d debug\s3eMATSDK_platform.os
 .ARM.attributes
                0x0000005a       0x2d debug\s3eMATSDK.os
 .ARM.attributes
                0x00000087       0x2d debug\s3eMATSDK_register.os
 .ARM.attributes
                0x000000b4       0x2b C:\marmalade\6.4\s3e\edk\lib\android\libedk.a(IwDebug.o)
 .ARM.attributes
                0x000000df       0x2b C:\marmalade\6.4\s3e\edk\lib\android\libedk.a(edk_helpers.o)
 .ARM.attributes
                0x0000010a       0x19 c:/Users/John/tools/android-ndk-r8c/toolchains/arm-linux-androideabi-4.4.3/prebuilt/windows/bin/../lib/gcc/arm-linux-androideabi/4.4.3\libgcc.a(_aeabi_ldivmod.o)
 .ARM.attributes
                0x00000123       0x29 c:/Users/John/tools/android-ndk-r8c/toolchains/arm-linux-androideabi-4.4.3/prebuilt/windows/bin/../lib/gcc/arm-linux-androideabi/4.4.3\libgcc.a(bpabi.o)
 .ARM.attributes
                0x0000014c       0x29 c:/Users/John/tools/android-ndk-r8c/toolchains/arm-linux-androideabi-4.4.3/prebuilt/windows/bin/../lib/gcc/arm-linux-androideabi/4.4.3\libgcc.a(unwind-arm.o)
 .ARM.attributes
                0x00000175       0x19 c:/Users/John/tools/android-ndk-r8c/toolchains/arm-linux-androideabi-4.4.3/prebuilt/windows/bin/../lib/gcc/arm-linux-androideabi/4.4.3\libgcc.a(libunwind.o)
 .ARM.attributes
                0x0000018e       0x29 c:/Users/John/tools/android-ndk-r8c/toolchains/arm-linux-androideabi-4.4.3/prebuilt/windows/bin/../lib/gcc/arm-linux-androideabi/4.4.3\libgcc.a(pr-support.o)
 .ARM.attributes
                0x000001b7       0x29 c:/Users/John/tools/android-ndk-r8c/toolchains/arm-linux-androideabi-4.4.3/prebuilt/windows/bin/../lib/gcc/arm-linux-androideabi/4.4.3\libgcc.a(_divdi3.o)
 .ARM.attributes
                0x000001e0       0x29 c:/Users/John/tools/android-ndk-r8c/toolchains/arm-linux-androideabi-4.4.3/prebuilt/windows/bin/../lib/gcc/arm-linux-androideabi/4.4.3\libgcc.a(_udivdi3.o)
 .ARM.attributes
                0x00000209       0x19 c:/Users/John/tools/android-ndk-r8c/toolchains/arm-linux-androideabi-4.4.3/prebuilt/windows/bin/../lib/gcc/arm-linux-androideabi/4.4.3\libgcc.a(_udivsi3.o)
 .ARM.attributes
                0x00000222       0x19 c:/Users/John/tools/android-ndk-r8c/toolchains/arm-linux-androideabi-4.4.3/prebuilt/windows/bin/../lib/gcc/arm-linux-androideabi/4.4.3\libgcc.a(_dvmd_lnx.o)
 .ARM.attributes
                0x0000023b       0x1f C:/Users/John/tools/android-ndk-r8c/platforms/android-9/arch-arm/usr/lib/crtend_so.o
