Archive member included because of file (symbol)

C:\marmalade\6.3\s3e\edk\lib\android\libedk.a(IwDebug.o)
                              debug\s3eMATSDK_platform.os (IwDebugTraceSetTraceChannel)
C:\marmalade\6.3\s3e\edk\lib\android\libedk.a(edk_helpers.o)
                              debug\s3eMATSDK_platform.os (s3eEdkThreadRunOnOS)
c:/Users/John/tools/android-ndk-r8c/toolchains/arm-linux-androideabi-4.4.3/prebuilt/windows/bin/../lib/gcc/arm-linux-androideabi/4.4.3\libgcc.a(_aeabi_ldivmod.o)
                              C:\marmalade\6.3\s3e\edk\lib\android\libedk.a(IwDebug.o) (__aeabi_ldivmod)
c:/Users/John/tools/android-ndk-r8c/toolchains/arm-linux-androideabi-4.4.3/prebuilt/windows/bin/../lib/gcc/arm-linux-androideabi/4.4.3\libgcc.a(bpabi.o)
                              c:/Users/John/tools/android-ndk-r8c/toolchains/arm-linux-androideabi-4.4.3/prebuilt/windows/bin/../lib/gcc/arm-linux-androideabi/4.4.3\libgcc.a(_aeabi_ldivmod.o) (__gnu_ldivmod_helper)
c:/Users/John/tools/android-ndk-r8c/toolchains/arm-linux-androideabi-4.4.3/prebuilt/windows/bin/../lib/gcc/arm-linux-androideabi/4.4.3\libgcc.a(unwind-arm.o)
                              c:/Users/John/tools/android-ndk-r8c/toolchains/arm-linux-androideabi-4.4.3/prebuilt/windows/bin/../lib/gcc/arm-linux-androideabi/4.4.3\libgcc.a(bpabi.o) (__aeabi_unwind_cpp_pr0)
c:/Users/John/tools/android-ndk-r8c/toolchains/arm-linux-androideabi-4.4.3/prebuilt/windows/bin/../lib/gcc/arm-linux-androideabi/4.4.3\libgcc.a(libunwind.o)
                              c:/Users/John/tools/android-ndk-r8c/toolchains/arm-linux-androideabi-4.4.3/prebuilt/windows/bin/../lib/gcc/arm-linux-androideabi/4.4.3\libgcc.a(unwind-arm.o) (restore_core_regs)
c:/Users/John/tools/android-ndk-r8c/toolchains/arm-linux-androideabi-4.4.3/prebuilt/windows/bin/../lib/gcc/arm-linux-androideabi/4.4.3\libgcc.a(pr-support.o)
                              c:/Users/John/tools/android-ndk-r8c/toolchains/arm-linux-androideabi-4.4.3/prebuilt/windows/bin/../lib/gcc/arm-linux-androideabi/4.4.3\libgcc.a(unwind-arm.o) (__gnu_unwind_execute)
c:/Users/John/tools/android-ndk-r8c/toolchains/arm-linux-androideabi-4.4.3/prebuilt/windows/bin/../lib/gcc/arm-linux-androideabi/4.4.3\libgcc.a(_divdi3.o)
                              c:/Users/John/tools/android-ndk-r8c/toolchains/arm-linux-androideabi-4.4.3/prebuilt/windows/bin/../lib/gcc/arm-linux-androideabi/4.4.3\libgcc.a(bpabi.o) (__divdi3)
c:/Users/John/tools/android-ndk-r8c/toolchains/arm-linux-androideabi-4.4.3/prebuilt/windows/bin/../lib/gcc/arm-linux-androideabi/4.4.3\libgcc.a(_udivdi3.o)
                              c:/Users/John/tools/android-ndk-r8c/toolchains/arm-linux-androideabi-4.4.3/prebuilt/windows/bin/../lib/gcc/arm-linux-androideabi/4.4.3\libgcc.a(bpabi.o) (__udivdi3)
c:/Users/John/tools/android-ndk-r8c/toolchains/arm-linux-androideabi-4.4.3/prebuilt/windows/bin/../lib/gcc/arm-linux-androideabi/4.4.3\libgcc.a(_udivsi3.o)
                              c:/Users/John/tools/android-ndk-r8c/toolchains/arm-linux-androideabi-4.4.3/prebuilt/windows/bin/../lib/gcc/arm-linux-androideabi/4.4.3\libgcc.a(_divdi3.o) (__aeabi_uidiv)
c:/Users/John/tools/android-ndk-r8c/toolchains/arm-linux-androideabi-4.4.3/prebuilt/windows/bin/../lib/gcc/arm-linux-androideabi/4.4.3\libgcc.a(_dvmd_lnx.o)
                              c:/Users/John/tools/android-ndk-r8c/toolchains/arm-linux-androideabi-4.4.3/prebuilt/windows/bin/../lib/gcc/arm-linux-androideabi/4.4.3\libgcc.a(_udivsi3.o) (__div0)

Discarded input sections

 .text          0x00000000        0x0 C:/Users/John/tools/android-ndk-r8c/platforms/android-9/arch-arm/usr/lib/crtbegin_so.o
 .bss           0x00000000        0x0 C:/Users/John/tools/android-ndk-r8c/platforms/android-9/arch-arm/usr/lib/crtbegin_so.o
 .note.GNU-stack
                0x00000000        0x0 C:/Users/John/tools/android-ndk-r8c/platforms/android-9/arch-arm/usr/lib/crtbegin_so.o
 _ZN7_JNIEnv9FindClassEPKc
                0x00000000        0x0 debug\s3eMATSDK_platform.os
 _ZN7_JNIEnv17ExceptionOccurredEv
                0x00000000        0x0 debug\s3eMATSDK_platform.os
 _ZN7_JNIEnv17ExceptionDescribeEv
                0x00000000        0x0 debug\s3eMATSDK_platform.os
 _ZN7_JNIEnv14ExceptionClearEv
                0x00000000        0x0 debug\s3eMATSDK_platform.os
 _ZN7_JNIEnv12NewGlobalRefEP8_jobject
                0x00000000        0x0 debug\s3eMATSDK_platform.os
 _ZN7_JNIEnv15DeleteGlobalRefEP8_jobject
                0x00000000        0x0 debug\s3eMATSDK_platform.os
 _ZN7_JNIEnv14DeleteLocalRefEP8_jobject
                0x00000000        0x0 debug\s3eMATSDK_platform.os
 _ZN7_JNIEnv9NewObjectEP7_jclassP10_jmethodIDz
                0x00000000        0x0 debug\s3eMATSDK_platform.os
 _ZN7_JNIEnv11GetMethodIDEP7_jclassPKcS3_
                0x00000000        0x0 debug\s3eMATSDK_platform.os
 _ZN7_JNIEnv17CallBooleanMethodEP8_jobjectP10_jmethodIDz
                0x00000000        0x0 debug\s3eMATSDK_platform.os
 _ZN7_JNIEnv14CallVoidMethodEP8_jobjectP10_jmethodIDz
                0x00000000        0x0 debug\s3eMATSDK_platform.os
 _ZN7_JNIEnv12NewStringUTFEPKc
                0x00000000        0x0 debug\s3eMATSDK_platform.os
 _ZN7_JavaVM6GetEnvEPPvi
                0x00000000        0x0 debug\s3eMATSDK_platform.os
 .text          0x00000000        0x0 debug\s3eMATSDK_platform.os
 .data          0x00000000        0x0 debug\s3eMATSDK_platform.os
 .note.GNU-stack
                0x00000000        0x0 debug\s3eMATSDK_platform.os
 .text          0x00000000        0x0 debug\s3eMATSDK.os
 .data          0x00000000        0x0 debug\s3eMATSDK.os
 .bss           0x00000000        0x0 debug\s3eMATSDK.os
 .note.GNU-stack
                0x00000000        0x0 debug\s3eMATSDK.os
 .text          0x00000000        0x0 debug\s3eMATSDK_register.os
 .data          0x00000000        0x0 debug\s3eMATSDK_register.os
 .bss           0x00000000        0x0 debug\s3eMATSDK_register.os
 .note.GNU-stack
                0x00000000        0x0 debug\s3eMATSDK_register.os
 .text          0x00000000        0x0 C:\marmalade\6.3\s3e\edk\lib\android\libedk.a(IwDebug.o)
 .data          0x00000000        0x0 C:\marmalade\6.3\s3e\edk\lib\android\libedk.a(IwDebug.o)
 .text.IwAssertRegisterTextCallback
                0x00000000        0x0 C:\marmalade\6.3\s3e\edk\lib\android\libedk.a(IwDebug.o)
 .text.IwAssertRegisterCallback
                0x00000000        0x0 C:\marmalade\6.3\s3e\edk\lib\android\libedk.a(IwDebug.o)
 .text.IwDebugErrorRegisterCallback
                0x00000000        0x0 C:\marmalade\6.3\s3e\edk\lib\android\libedk.a(IwDebug.o)
 .text.IwDebugAssertSetUID
                0x00000000        0x0 C:\marmalade\6.3\s3e\edk\lib\android\libedk.a(IwDebug.o)
 .text.IwDebugClearConfigCache
                0x00000000        0x0 C:\marmalade\6.3\s3e\edk\lib\android\libedk.a(IwDebug.o)
 .text.IwDebugErrorShow
                0x00000000        0x0 C:\marmalade\6.3\s3e\edk\lib\android\libedk.a(IwDebug.o)
 .text.IwDebugTraceLineVPrintf
                0x00000000        0x0 C:\marmalade\6.3\s3e\edk\lib\android\libedk.a(IwDebug.o)
 .text.IwDebugAssertIsChannelOn
                0x00000000        0x0 C:\marmalade\6.3\s3e\edk\lib\android\libedk.a(IwDebug.o)
 .text.IwDebugTraceDisable
                0x00000000        0x0 C:\marmalade\6.3\s3e\edk\lib\android\libedk.a(IwDebug.o)
 .text.IwDebugAssertSetMessage
                0x00000000        0x0 C:\marmalade\6.3\s3e\edk\lib\android\libedk.a(IwDebug.o)
 .text.IwDebugAssertSetSolution
                0x00000000        0x0 C:\marmalade\6.3\s3e\edk\lib\android\libedk.a(IwDebug.o)
 .text.IwDebugAssertShow
                0x00000000        0x0 C:\marmalade\6.3\s3e\edk\lib\android\libedk.a(IwDebug.o)
 .text.IwDebugTraceChannelSwitch
                0x00000000        0x0 C:\marmalade\6.3\s3e\edk\lib\android\libedk.a(IwDebug.o)
 .note.GNU-stack
                0x00000000        0x0 C:\marmalade\6.3\s3e\edk\lib\android\libedk.a(IwDebug.o)
 .text          0x00000000        0x0 C:\marmalade\6.3\s3e\edk\lib\android\libedk.a(edk_helpers.o)
 .data          0x00000000        0x0 C:\marmalade\6.3\s3e\edk\lib\android\libedk.a(edk_helpers.o)
 .bss           0x00000000        0x0 C:\marmalade\6.3\s3e\edk\lib\android\libedk.a(edk_helpers.o)
 .text.s3eEdkThreadRunOnOSAsync
                0x00000000        0x0 C:\marmalade\6.3\s3e\edk\lib\android\libedk.a(edk_helpers.o)
 .text.s3eEdkErrorSetString
                0x00000000        0x0 C:\marmalade\6.3\s3e\edk\lib\android\libedk.a(edk_helpers.o)
 .note.GNU-stack
                0x00000000        0x0 C:\marmalade\6.3\s3e\edk\lib\android\libedk.a(edk_helpers.o)
 .data          0x00000000        0x0 c:/Users/John/tools/android-ndk-r8c/toolchains/arm-linux-androideabi-4.4.3/prebuilt/windows/bin/../lib/gcc/arm-linux-androideabi/4.4.3\libgcc.a(_aeabi_ldivmod.o)
 .bss           0x00000000        0x0 c:/Users/John/tools/android-ndk-r8c/toolchains/arm-linux-androideabi-4.4.3/prebuilt/windows/bin/../lib/gcc/arm-linux-androideabi/4.4.3\libgcc.a(_aeabi_ldivmod.o)
 .note.GNU-stack
                0x00000000        0x0 c:/Users/John/tools/android-ndk-r8c/toolchains/arm-linux-androideabi-4.4.3/prebuilt/windows/bin/../lib/gcc/arm-linux-androideabi/4.4.3\libgcc.a(_aeabi_ldivmod.o)
 .data          0x00000000        0x0 c:/Users/John/tools/android-ndk-r8c/toolchains/arm-linux-androideabi-4.4.3/prebuilt/windows/bin/../lib/gcc/arm-linux-androideabi/4.4.3\libgcc.a(bpabi.o)
 .bss           0x00000000        0x0 c:/Users/John/tools/android-ndk-r8c/toolchains/arm-linux-androideabi-4.4.3/prebuilt/windows/bin/../lib/gcc/arm-linux-androideabi/4.4.3\libgcc.a(bpabi.o)
 .ARM.extab     0x00000000        0x0 c:/Users/John/tools/android-ndk-r8c/toolchains/arm-linux-androideabi-4.4.3/prebuilt/windows/bin/../lib/gcc/arm-linux-androideabi/4.4.3\libgcc.a(bpabi.o)
 .note.GNU-stack
                0x00000000        0x0 c:/Users/John/tools/android-ndk-r8c/toolchains/arm-linux-androideabi-4.4.3/prebuilt/windows/bin/../lib/gcc/arm-linux-androideabi/4.4.3\libgcc.a(bpabi.o)
 .data          0x00000000        0x0 c:/Users/John/tools/android-ndk-r8c/toolchains/arm-linux-androideabi-4.4.3/prebuilt/windows/bin/../lib/gcc/arm-linux-androideabi/4.4.3\libgcc.a(unwind-arm.o)
 .bss           0x00000000        0x0 c:/Users/John/tools/android-ndk-r8c/toolchains/arm-linux-androideabi-4.4.3/prebuilt/windows/bin/../lib/gcc/arm-linux-androideabi/4.4.3\libgcc.a(unwind-arm.o)
 .note.GNU-stack
                0x00000000        0x0 c:/Users/John/tools/android-ndk-r8c/toolchains/arm-linux-androideabi-4.4.3/prebuilt/windows/bin/../lib/gcc/arm-linux-androideabi/4.4.3\libgcc.a(unwind-arm.o)
 .data          0x00000000        0x0 c:/Users/John/tools/android-ndk-r8c/toolchains/arm-linux-androideabi-4.4.3/prebuilt/windows/bin/../lib/gcc/arm-linux-androideabi/4.4.3\libgcc.a(libunwind.o)
 .bss           0x00000000        0x0 c:/Users/John/tools/android-ndk-r8c/toolchains/arm-linux-androideabi-4.4.3/prebuilt/windows/bin/../lib/gcc/arm-linux-androideabi/4.4.3\libgcc.a(libunwind.o)
 .note.GNU-stack
                0x00000000        0x0 c:/Users/John/tools/android-ndk-r8c/toolchains/arm-linux-androideabi-4.4.3/prebuilt/windows/bin/../lib/gcc/arm-linux-androideabi/4.4.3\libgcc.a(libunwind.o)
 .data          0x00000000        0x0 c:/Users/John/tools/android-ndk-r8c/toolchains/arm-linux-androideabi-4.4.3/prebuilt/windows/bin/../lib/gcc/arm-linux-androideabi/4.4.3\libgcc.a(pr-support.o)
 .bss           0x00000000        0x0 c:/Users/John/tools/android-ndk-r8c/toolchains/arm-linux-androideabi-4.4.3/prebuilt/windows/bin/../lib/gcc/arm-linux-androideabi/4.4.3\libgcc.a(pr-support.o)
 .ARM.extab     0x00000000        0x0 c:/Users/John/tools/android-ndk-r8c/toolchains/arm-linux-androideabi-4.4.3/prebuilt/windows/bin/../lib/gcc/arm-linux-androideabi/4.4.3\libgcc.a(pr-support.o)
 .note.GNU-stack
                0x00000000        0x0 c:/Users/John/tools/android-ndk-r8c/toolchains/arm-linux-androideabi-4.4.3/prebuilt/windows/bin/../lib/gcc/arm-linux-androideabi/4.4.3\libgcc.a(pr-support.o)
 .data          0x00000000        0x0 c:/Users/John/tools/android-ndk-r8c/toolchains/arm-linux-androideabi-4.4.3/prebuilt/windows/bin/../lib/gcc/arm-linux-androideabi/4.4.3\libgcc.a(_divdi3.o)
 .bss           0x00000000        0x0 c:/Users/John/tools/android-ndk-r8c/toolchains/arm-linux-androideabi-4.4.3/prebuilt/windows/bin/../lib/gcc/arm-linux-androideabi/4.4.3\libgcc.a(_divdi3.o)
 .ARM.extab     0x00000000        0x0 c:/Users/John/tools/android-ndk-r8c/toolchains/arm-linux-androideabi-4.4.3/prebuilt/windows/bin/../lib/gcc/arm-linux-androideabi/4.4.3\libgcc.a(_divdi3.o)
 .note.GNU-stack
                0x00000000        0x0 c:/Users/John/tools/android-ndk-r8c/toolchains/arm-linux-androideabi-4.4.3/prebuilt/windows/bin/../lib/gcc/arm-linux-androideabi/4.4.3\libgcc.a(_divdi3.o)
 .data          0x00000000        0x0 c:/Users/John/tools/android-ndk-r8c/toolchains/arm-linux-androideabi-4.4.3/prebuilt/windows/bin/../lib/gcc/arm-linux-androideabi/4.4.3\libgcc.a(_udivdi3.o)
 .bss           0x00000000        0x0 c:/Users/John/tools/android-ndk-r8c/toolchains/arm-linux-androideabi-4.4.3/prebuilt/windows/bin/../lib/gcc/arm-linux-androideabi/4.4.3\libgcc.a(_udivdi3.o)
 .ARM.extab     0x00000000        0x0 c:/Users/John/tools/android-ndk-r8c/toolchains/arm-linux-androideabi-4.4.3/prebuilt/windows/bin/../lib/gcc/arm-linux-androideabi/4.4.3\libgcc.a(_udivdi3.o)
 .note.GNU-stack
                0x00000000        0x0 c:/Users/John/tools/android-ndk-r8c/toolchains/arm-linux-androideabi-4.4.3/prebuilt/windows/bin/../lib/gcc/arm-linux-androideabi/4.4.3\libgcc.a(_udivdi3.o)
 .data          0x00000000        0x0 c:/Users/John/tools/android-ndk-r8c/toolchains/arm-linux-androideabi-4.4.3/prebuilt/windows/bin/../lib/gcc/arm-linux-androideabi/4.4.3\libgcc.a(_udivsi3.o)
 .bss           0x00000000        0x0 c:/Users/John/tools/android-ndk-r8c/toolchains/arm-linux-androideabi-4.4.3/prebuilt/windows/bin/../lib/gcc/arm-linux-androideabi/4.4.3\libgcc.a(_udivsi3.o)
 .note.GNU-stack
                0x00000000        0x0 c:/Users/John/tools/android-ndk-r8c/toolchains/arm-linux-androideabi-4.4.3/prebuilt/windows/bin/../lib/gcc/arm-linux-androideabi/4.4.3\libgcc.a(_udivsi3.o)
 .data          0x00000000        0x0 c:/Users/John/tools/android-ndk-r8c/toolchains/arm-linux-androideabi-4.4.3/prebuilt/windows/bin/../lib/gcc/arm-linux-androideabi/4.4.3\libgcc.a(_dvmd_lnx.o)
 .bss           0x00000000        0x0 c:/Users/John/tools/android-ndk-r8c/toolchains/arm-linux-androideabi-4.4.3/prebuilt/windows/bin/../lib/gcc/arm-linux-androideabi/4.4.3\libgcc.a(_dvmd_lnx.o)
 .note.GNU-stack
                0x00000000        0x0 c:/Users/John/tools/android-ndk-r8c/toolchains/arm-linux-androideabi-4.4.3/prebuilt/windows/bin/../lib/gcc/arm-linux-androideabi/4.4.3\libgcc.a(_dvmd_lnx.o)
 .text          0x00000000        0x0 C:/Users/John/tools/android-ndk-r8c/platforms/android-9/arch-arm/usr/lib/crtend_so.o
 .data          0x00000000        0x0 C:/Users/John/tools/android-ndk-r8c/platforms/android-9/arch-arm/usr/lib/crtend_so.o
 .bss           0x00000000        0x0 C:/Users/John/tools/android-ndk-r8c/platforms/android-9/arch-arm/usr/lib/crtend_so.o
 .note.GNU-stack
                0x00000000        0x0 C:/Users/John/tools/android-ndk-r8c/platforms/android-9/arch-arm/usr/lib/crtend_so.o

Memory Configuration

Name             Origin             Length             Attributes
*default*        0x00000000         0xffffffff

Linker script and memory map

LOAD C:/Users/John/tools/android-ndk-r8c/platforms/android-9/arch-arm/usr/lib/crtbegin_so.o
LOAD debug\s3eMATSDK_platform.os
LOAD debug\s3eMATSDK.os
LOAD debug\s3eMATSDK_register.os
LOAD C:\marmalade\6.3\s3e\edk\lib\android\libedk.a
LOAD C:\marmalade\6.3\s3e\edk\lib\android/libplaceholderplaceholderplaceholderplaceholderplaceholder.so
LOAD C:\Users\John\tools\android-ndk-r8c\platforms\android-9\arch-arm\usr\lib/liblog.so
LOAD C:\Users\John\tools\android-ndk-r8c\sources\cxx-stl\gnu-libstdc++\4.4.3\libs\armeabi\libgnustl_static.a
LOAD c:/Users/John/tools/android-ndk-r8c/toolchains/arm-linux-androideabi-4.4.3/prebuilt/windows/bin/../lib/gcc/arm-linux-androideabi/4.4.3\libgcc.a
LOAD C:\Users\John\tools\android-ndk-r8c\platforms\android-9\arch-arm\usr\lib/libstdc++.so
LOAD C:\Users\John\tools\android-ndk-r8c\platforms\android-9\arch-arm\usr\lib/libm.so
LOAD C:\Users\John\tools\android-ndk-r8c\platforms\android-9\arch-arm\usr\lib/libc.so
LOAD c:/Users/John/tools/android-ndk-r8c/toolchains/arm-linux-androideabi-4.4.3/prebuilt/windows/bin/../lib/gcc/arm-linux-androideabi/4.4.3\libgcc.a
LOAD C:\Users\John\tools\android-ndk-r8c\platforms\android-9\arch-arm\usr\lib/libc.so
LOAD C:\Users\John\tools\android-ndk-r8c\platforms\android-9\arch-arm\usr\lib/libdl.so
LOAD c:/Users/John/tools/android-ndk-r8c/toolchains/arm-linux-androideabi-4.4.3/prebuilt/windows/bin/../lib/gcc/arm-linux-androideabi/4.4.3\libgcc.a
LOAD C:/Users/John/tools/android-ndk-r8c/platforms/android-9/arch-arm/usr/lib/crtend_so.o
                0x000000f4                . = (0x0 + SIZEOF_HEADERS)

.note.gnu.build-id
 *(.note.gnu.build-id)

.hash           0x000000f4      0x294
 *(.hash)
 .hash          0x000000f4      0x294 C:/Users/John/tools/android-ndk-r8c/platforms/android-9/arch-arm/usr/lib/crtbegin_so.o

.gnu.hash
 *(.gnu.hash)

.dynsym         0x00000388      0x600
 *(.dynsym)
 .dynsym        0x00000388      0x600 C:/Users/John/tools/android-ndk-r8c/platforms/android-9/arch-arm/usr/lib/crtbegin_so.o

.dynstr         0x00000988      0x620
 *(.dynstr)
 .dynstr        0x00000988      0x620 C:/Users/John/tools/android-ndk-r8c/platforms/android-9/arch-arm/usr/lib/crtbegin_so.o

.gnu.version    0x00000fa8        0x0
 *(.gnu.version)
 .gnu.version   0x00000000        0x0 C:/Users/John/tools/android-ndk-r8c/platforms/android-9/arch-arm/usr/lib/crtbegin_so.o

.gnu.version_d  0x00000fa8        0x0
 *(.gnu.version_d)
 .gnu.version_d
                0x00000000        0x0 C:/Users/John/tools/android-ndk-r8c/platforms/android-9/arch-arm/usr/lib/crtbegin_so.o

.gnu.version_r  0x00000fa8        0x0
 *(.gnu.version_r)
 .gnu.version_r
                0x00000000        0x0 C:/Users/John/tools/android-ndk-r8c/platforms/android-9/arch-arm/usr/lib/crtbegin_so.o

.rel.dyn        0x00000fa8      0x170
 *(.rel.init)
 *(.rel.text .rel.text.* .rel.gnu.linkonce.t.*)
 *(.rel.fini)
 *(.rel.rodata .rel.rodata.* .rel.gnu.linkonce.r.*)
 *(.rel.data.rel.ro* .rel.gnu.linkonce.d.rel.ro.*)
 *(.rel.data .rel.data.* .rel.gnu.linkonce.d.*)
 *(.rel.tdata .rel.tdata.* .rel.gnu.linkonce.td.*)
 *(.rel.tbss .rel.tbss.* .rel.gnu.linkonce.tb.*)
 *(.rel.ctors)
 *(.rel.dtors)
 *(.rel.got)
 .rel.got       0x00000fa8      0x160 C:/Users/John/tools/android-ndk-r8c/platforms/android-9/arch-arm/usr/lib/crtbegin_so.o
 *(.rel.bss .rel.bss.* .rel.gnu.linkonce.b.*)
 .rel.fini_array
                0x00001108        0x8 C:/Users/John/tools/android-ndk-r8c/platforms/android-9/arch-arm/usr/lib/crtbegin_so.o
 .rel.init_array
                0x00001110        0x8 C:/Users/John/tools/android-ndk-r8c/platforms/android-9/arch-arm/usr/lib/crtbegin_so.o

.rela.dyn
 *(.rela.init)
 *(.rela.text .rela.text.* .rela.gnu.linkonce.t.*)
 *(.rela.fini)
 *(.rela.rodata .rela.rodata.* .rela.gnu.linkonce.r.*)
 *(.rela.data .rela.data.* .rela.gnu.linkonce.d.*)
 *(.rela.tdata .rela.tdata.* .rela.gnu.linkonce.td.*)
 *(.rela.tbss .rela.tbss.* .rela.gnu.linkonce.tb.*)
 *(.rela.ctors)
 *(.rela.dtors)
 *(.rela.got)
 *(.rela.bss .rela.bss.* .rela.gnu.linkonce.b.*)

.rel.plt        0x00001118       0xa0
 *(.rel.plt)
 .rel.plt       0x00001118       0xa0 C:/Users/John/tools/android-ndk-r8c/platforms/android-9/arch-arm/usr/lib/crtbegin_so.o

.rela.plt
 *(.rela.plt)

.init
 *(.init)

.plt            0x000011b8      0x104
 *(.plt)
 .plt           0x000011b8      0x104 C:/Users/John/tools/android-ndk-r8c/platforms/android-9/arch-arm/usr/lib/crtbegin_so.o

.text           0x000012bc     0x5e74
 *(.text .stub .text.* .gnu.linkonce.t.*)
 .text.exit     0x000012bc       0x10 C:/Users/John/tools/android-ndk-r8c/platforms/android-9/arch-arm/usr/lib/crtbegin_so.o
                0x000012bc                __on_dlclose
 .text._ZN7_JNIEnv9FindClassEPKc
                0x000012cc       0x38 debug\s3eMATSDK_platform.os
                0x000012cc                _JNIEnv::FindClass(char const*)
 .text._ZN7_JNIEnv17ExceptionOccurredEv
                0x00001304       0x30 debug\s3eMATSDK_platform.os
                0x00001304                _JNIEnv::ExceptionOccurred()
 .text._ZN7_JNIEnv17ExceptionDescribeEv
                0x00001334       0x28 debug\s3eMATSDK_platform.os
                0x00001334                _JNIEnv::ExceptionDescribe()
 .text._ZN7_JNIEnv14ExceptionClearEv
                0x0000135c       0x28 debug\s3eMATSDK_platform.os
                0x0000135c                _JNIEnv::ExceptionClear()
 .text._ZN7_JNIEnv12NewGlobalRefEP8_jobject
                0x00001384       0x38 debug\s3eMATSDK_platform.os
                0x00001384                _JNIEnv::NewGlobalRef(_jobject*)
 .text._ZN7_JNIEnv15DeleteGlobalRefEP8_jobject
                0x000013bc       0x30 debug\s3eMATSDK_platform.os
                0x000013bc                _JNIEnv::DeleteGlobalRef(_jobject*)
 .text._ZN7_JNIEnv14DeleteLocalRefEP8_jobject
                0x000013ec       0x30 debug\s3eMATSDK_platform.os
                0x000013ec                _JNIEnv::DeleteLocalRef(_jobject*)
 .text._ZN7_JNIEnv9NewObjectEP7_jclassP10_jmethodIDz
                0x0000141c       0x5c debug\s3eMATSDK_platform.os
                0x0000141c                _JNIEnv::NewObject(_jclass*, _jmethodID*, ...)
 .text._ZN7_JNIEnv11GetMethodIDEP7_jclassPKcS3_
                0x00001478       0x48 debug\s3eMATSDK_platform.os
                0x00001478                _JNIEnv::GetMethodID(_jclass*, char const*, char const*)
 .text._ZN7_JNIEnv17CallBooleanMethodEP8_jobjectP10_jmethodIDz
                0x000014c0       0x5c debug\s3eMATSDK_platform.os
                0x000014c0                _JNIEnv::CallBooleanMethod(_jobject*, _jmethodID*, ...)
 .text._ZN7_JNIEnv14CallVoidMethodEP8_jobjectP10_jmethodIDz
                0x0000151c       0x4c debug\s3eMATSDK_platform.os
                0x0000151c                _JNIEnv::CallVoidMethod(_jobject*, _jmethodID*, ...)
 .text._ZN7_JNIEnv12NewStringUTFEPKc
                0x00001568       0x38 debug\s3eMATSDK_platform.os
                0x00001568                _JNIEnv::NewStringUTF(char const*)
 .text._ZN7_JavaVM6GetEnvEPPvi
                0x000015a0       0x40 debug\s3eMATSDK_platform.os
                0x000015a0                _JavaVM::GetEnv(void**, int)
 .text._ZL15s3eEdkJNIGetEnvv
                0x000015e0       0x44 debug\s3eMATSDK_platform.os
 .text._ZL27s3eEdkAndroidFindClass_realPKc
                0x00001624       0xa4 debug\s3eMATSDK_platform.os
 .text._ZL22s3eEdkAndroidFindClassPKc
                0x000016c8       0x38 debug\s3eMATSDK_platform.os
 .text._Z19MATSDKInit_platformv
                0x00001700      0x928 debug\s3eMATSDK_platform.os
                0x00001700                MATSDKInit_platform()
 .text._Z24MATSDKTerminate_platformv
                0x00002028        0x4 debug\s3eMATSDK_platform.os
                0x00002028                MATSDKTerminate_platform()
 .text._Z33MATStartMobileAppTracker_platformPKcS0_
                0x0000202c       0xa8 debug\s3eMATSDK_platform.os
                0x0000202c                MATStartMobileAppTracker_platform(char const*, char const*)
 .text._Z25MATSDKParameters_platformv
                0x000020d4       0x4c debug\s3eMATSDK_platform.os
                0x000020d4                MATSDKParameters_platform()
 .text._Z24MATTrackInstall_platformv
                0x00002120       0x4c debug\s3eMATSDK_platform.os
                0x00002120                MATTrackInstall_platform()
 .text._Z23MATTrackUpdate_platformv
                0x0000216c       0x4c debug\s3eMATSDK_platform.os
                0x0000216c                MATTrackUpdate_platform()
 .text._Z39MATTrackInstallWithReferenceId_platformPKc
                0x000021b8       0x78 debug\s3eMATSDK_platform.os
                0x000021b8                MATTrackInstallWithReferenceId_platform(char const*)
 .text._Z39MATTrackActionForEventIdOrName_platformPKcbS0_
                0x00002230       0xb8 debug\s3eMATSDK_platform.os
                0x00002230                MATTrackActionForEventIdOrName_platform(char const*, bool, char const*)
 .text._Z23MATTrackAction_platformPKcbdS0_
                0x000022e8       0xc0 debug\s3eMATSDK_platform.os
                0x000022e8                MATTrackAction_platform(char const*, bool, double, char const*)
 .text._Z44MATTrackActionForEventIdOrNameItems_platformPKcbPK8MATArrayS0_dS0_hS0_S0_
                0x000023a8      0x5f0 debug\s3eMATSDK_platform.os
                0x000023a8                MATTrackActionForEventIdOrNameItems_platform(char const*, bool, MATArray const*, char const*, double, char const*, unsigned char, char const*, char const*)
 .text._Z33MATStartAppToAppTracking_platformPKcS0_S0_S0_b
                0x00002998      0x110 debug\s3eMATSDK_platform.os
                0x00002998                MATStartAppToAppTracking_platform(char const*, char const*, char const*, char const*, bool)
 .text._Z26MATSetPackageName_platformPKc
                0x00002aa8       0x78 debug\s3eMATSDK_platform.os
                0x00002aa8                MATSetPackageName_platform(char const*)
 .text._Z27MATSetCurrencyCode_platformPKc
                0x00002b20       0x78 debug\s3eMATSDK_platform.os
                0x00002b20                MATSetCurrencyCode_platform(char const*)
 .text._Z21MATSetUserId_platformPKc
                0x00002b98       0x78 debug\s3eMATSDK_platform.os
                0x00002b98                MATSetUserId_platform(char const*)
 .text._Z22MATSetRevenue_platformd
                0x00002c10       0x58 debug\s3eMATSDK_platform.os
                0x00002c10                MATSetRevenue_platform(double)
 .text._Z21MATSetSiteId_platformPKc
                0x00002c68       0x78 debug\s3eMATSDK_platform.os
                0x00002c68                MATSetSiteId_platform(char const*)
 .text._Z23MATSetTRUSTeId_platformPKc
                0x00002ce0       0x78 debug\s3eMATSDK_platform.os
                0x00002ce0                MATSetTRUSTeId_platform(char const*)
 .text._Z24MATSetDebugMode_platformb
                0x00002d58       0x50 debug\s3eMATSDK_platform.os
                0x00002d58                MATSetDebugMode_platform(bool)
 .text._Z30MATSetAllowDuplicates_platformb
                0x00002da8       0x50 debug\s3eMATSDK_platform.os
                0x00002da8                MATSetAllowDuplicates_platform(bool)
 .text._Z18MATSetAge_platformi
                0x00002df8       0x54 debug\s3eMATSDK_platform.os
                0x00002df8                MATSetAge_platform(int)
 .text._Z21MATSetGender_platformi
                0x00002e4c       0x54 debug\s3eMATSDK_platform.os
                0x00002e4c                MATSetGender_platform(int)
 .text._Z23MATSetLocation_platformddd
                0x00002ea0       0x6c debug\s3eMATSDK_platform.os
                0x00002ea0                MATSetLocation_platform(double, double, double)
 .text._Z41MATSetAppleAdvertisingIdentifier_platformPKc
                0x00002f0c       0x10 debug\s3eMATSDK_platform.os
                0x00002f0c                MATSetAppleAdvertisingIdentifier_platform(char const*)
 .text._Z36MATSetAppleVendorIdentifier_platformPKc
                0x00002f1c       0x10 debug\s3eMATSDK_platform.os
                0x00002f1c                MATSetAppleVendorIdentifier_platform(char const*)
 .text._Z28MATSetAppAdTracking_platformb
                0x00002f2c       0x14 debug\s3eMATSDK_platform.os
                0x00002f2c                MATSetAppAdTracking_platform(bool)
 .text._Z23MATSetDelegate_platformb
                0x00002f40       0x14 debug\s3eMATSDK_platform.os
                0x00002f40                MATSetDelegate_platform(bool)
 .text._Z25MATSetJailbroken_platformb
                0x00002f54       0x14 debug\s3eMATSDK_platform.os
                0x00002f54                MATSetJailbroken_platform(bool)
 .text._Z23MATSetOpenUDID_platformPKc
                0x00002f68       0x10 debug\s3eMATSDK_platform.os
                0x00002f68                MATSetOpenUDID_platform(char const*)
 .text._Z26MATSetRedirectUrl_platformPKc
                0x00002f78       0x10 debug\s3eMATSDK_platform.os
                0x00002f78                MATSetRedirectUrl_platform(char const*)
 .text._Z41MATSetShouldAutoDetectJailbroken_platformb
                0x00002f88       0x14 debug\s3eMATSDK_platform.os
                0x00002f88                MATSetShouldAutoDetectJailbroken_platform(bool)
 .text._Z59MATSetShouldAutoGenerateAppleAdvertisingIdentifier_platformb
                0x00002f9c       0x14 debug\s3eMATSDK_platform.os
                0x00002f9c                MATSetShouldAutoGenerateAppleAdvertisingIdentifier_platform(bool)
 .text._Z54MATSetShouldAutoGenerateAppleVendorIdentifier_platformb
                0x00002fb0       0x14 debug\s3eMATSDK_platform.os
                0x00002fb0                MATSetShouldAutoGenerateAppleVendorIdentifier_platform(bool)
 .text._Z25MATSetMACAddress_platformPKc
                0x00002fc4       0x10 debug\s3eMATSDK_platform.os
                0x00002fc4                MATSetMACAddress_platform(char const*)
 .text._Z20MATSetODIN1_platformPKc
                0x00002fd4       0x10 debug\s3eMATSDK_platform.os
                0x00002fd4                MATSetODIN1_platform(char const*)
 .text._Z19MATSetUIID_platformPKc
                0x00002fe4       0x10 debug\s3eMATSDK_platform.os
                0x00002fe4                MATSetUIID_platform(char const*)
 .text._Z32MATSetUseCookieTracking_platformb
                0x00002ff4       0x14 debug\s3eMATSDK_platform.os
                0x00002ff4                MATSetUseCookieTracking_platform(bool)
 .text._Z23MATSetUseHTTPS_platformb
                0x00003008       0x14 debug\s3eMATSDK_platform.os
                0x00003008                MATSetUseHTTPS_platform(bool)
 .text._Z13s3eMATSDKInitv
                0x0000301c       0x14 debug\s3eMATSDK.os
                0x0000301c                s3eMATSDKInit()
 .text._Z18s3eMATSDKTerminatev
                0x00003030        0xc debug\s3eMATSDK.os
                0x00003030                s3eMATSDKTerminate()
 .text.MATStartMobileAppTracker
                0x0000303c       0x24 debug\s3eMATSDK.os
                0x0000303c                MATStartMobileAppTracker
 .text.MATSDKParameters
                0x00003060        0xc debug\s3eMATSDK.os
                0x00003060                MATSDKParameters
 .text.MATTrackInstall
                0x0000306c        0xc debug\s3eMATSDK.os
                0x0000306c                MATTrackInstall
 .text.MATTrackUpdate
                0x00003078        0xc debug\s3eMATSDK.os
                0x00003078                MATTrackUpdate
 .text.MATTrackInstallWithReferenceId
                0x00003084       0x1c debug\s3eMATSDK.os
                0x00003084                MATTrackInstallWithReferenceId
 .text.MATTrackActionForEventIdOrName
                0x000030a0       0x34 debug\s3eMATSDK.os
                0x000030a0                MATTrackActionForEventIdOrName
 .text.MATTrackActionForEventIdOrNameItems
                0x000030d4       0x64 debug\s3eMATSDK.os
                0x000030d4                MATTrackActionForEventIdOrNameItems
 .text.MATTrackAction
                0x00003138       0x3c debug\s3eMATSDK.os
                0x00003138                MATTrackAction
 .text.MATStartAppToAppTracking
                0x00003174       0x3c debug\s3eMATSDK.os
                0x00003174                MATStartAppToAppTracking
 .text.MATSetPackageName
                0x000031b0       0x1c debug\s3eMATSDK.os
                0x000031b0                MATSetPackageName
 .text.MATSetCurrencyCode
                0x000031cc       0x1c debug\s3eMATSDK.os
                0x000031cc                MATSetCurrencyCode
 .text.MATSetJailbroken
                0x000031e8       0x24 debug\s3eMATSDK.os
                0x000031e8                MATSetJailbroken
 .text.MATSetOpenUDID
                0x0000320c       0x1c debug\s3eMATSDK.os
                0x0000320c                MATSetOpenUDID
 .text.MATSetUserId
                0x00003228       0x1c debug\s3eMATSDK.os
                0x00003228                MATSetUserId
 .text.MATSetRevenue
                0x00003244       0x1c debug\s3eMATSDK.os
                0x00003244                MATSetRevenue
 .text.MATSetSiteId
                0x00003260       0x1c debug\s3eMATSDK.os
                0x00003260                MATSetSiteId
 .text.MATSetTRUSTeId
                0x0000327c       0x1c debug\s3eMATSDK.os
                0x0000327c                MATSetTRUSTeId
 .text.MATSetAppAdTracking
                0x00003298       0x24 debug\s3eMATSDK.os
                0x00003298                MATSetAppAdTracking
 .text.MATSetDelegate
                0x000032bc       0x24 debug\s3eMATSDK.os
                0x000032bc                MATSetDelegate
 .text.MATSetDebugMode
                0x000032e0       0x24 debug\s3eMATSDK.os
                0x000032e0                MATSetDebugMode
 .text.MATSetAllowDuplicates
                0x00003304       0x24 debug\s3eMATSDK.os
                0x00003304                MATSetAllowDuplicates
 .text.MATSetShouldAutoDetectJailbroken
                0x00003328       0x24 debug\s3eMATSDK.os
                0x00003328                MATSetShouldAutoDetectJailbroken
 .text.MATSetMACAddress
                0x0000334c       0x1c debug\s3eMATSDK.os
                0x0000334c                MATSetMACAddress
 .text.MATSetODIN1
                0x00003368       0x1c debug\s3eMATSDK.os
                0x00003368                MATSetODIN1
 .text.MATSetUIID
                0x00003384       0x1c debug\s3eMATSDK.os
                0x00003384                MATSetUIID
 .text.MATSetShouldAutoGenerateAppleVendorIdentifier
                0x000033a0       0x24 debug\s3eMATSDK.os
                0x000033a0                MATSetShouldAutoGenerateAppleVendorIdentifier
 .text.MATSetShouldAutoGenerateAppleAdvertisingIdentifier
                0x000033c4       0x24 debug\s3eMATSDK.os
                0x000033c4                MATSetShouldAutoGenerateAppleAdvertisingIdentifier
 .text.MATSetUseCookieTracking
                0x000033e8       0x24 debug\s3eMATSDK.os
                0x000033e8                MATSetUseCookieTracking
 .text.MATSetRedirectUrl
                0x0000340c       0x1c debug\s3eMATSDK.os
                0x0000340c                MATSetRedirectUrl
 .text.MATSetAppleAdvertisingIdentifier
                0x00003428       0x1c debug\s3eMATSDK.os
                0x00003428                MATSetAppleAdvertisingIdentifier
 .text.MATSetAppleVendorIdentifier
                0x00003444       0x1c debug\s3eMATSDK.os
                0x00003444                MATSetAppleVendorIdentifier
 .text.MATSetUseHTTPS
                0x00003460       0x24 debug\s3eMATSDK.os
                0x00003460                MATSetUseHTTPS
 .text.MATSetAge
                0x00003484       0x1c debug\s3eMATSDK.os
                0x00003484                MATSetAge
 .text.MATSetGender
                0x000034a0       0x1c debug\s3eMATSDK.os
                0x000034a0                MATSetGender
 .text.MATSetLocation
                0x000034bc       0x2c debug\s3eMATSDK.os
                0x000034bc                MATSetLocation
 .text._ZL29MATStartMobileAppTracker_wrapPKcS0_
                0x000034e8       0xa0 debug\s3eMATSDK_register.os
 .text._ZL20MATTrackInstall_wrapv
                0x00003588       0x88 debug\s3eMATSDK_register.os
 .text._ZL19MATTrackUpdate_wrapv
                0x00003610       0x88 debug\s3eMATSDK_register.os
 .text._ZL35MATTrackInstallWithReferenceId_wrapPKc
                0x00003698       0x98 debug\s3eMATSDK_register.os
 .text._ZL35MATTrackActionForEventIdOrName_wrapPKcbS0_
                0x00003730       0xb4 debug\s3eMATSDK_register.os
 .text._ZL40MATTrackActionForEventIdOrNameItems_wrapPKcbPK8MATArrayS0_dS0_hS0_S0_
                0x000037e4       0xe8 debug\s3eMATSDK_register.os
 .text._ZL19MATTrackAction_wrapPKcbdS0_
                0x000038cc       0xbc debug\s3eMATSDK_register.os
 .text._ZL22MATSetPackageName_wrapPKc
                0x00003988       0x98 debug\s3eMATSDK_register.os
 .text._ZL23MATSetCurrencyCode_wrapPKc
                0x00003a20       0x98 debug\s3eMATSDK_register.os
 .text._ZL19MATSetOpenUDID_wrapPKc
                0x00003ab8       0x98 debug\s3eMATSDK_register.os
 .text._ZL15MATSetUIID_wrapPKc
                0x00003b50       0x98 debug\s3eMATSDK_register.os
 .text._ZL17MATSetUserId_wrapPKc
                0x00003be8       0x98 debug\s3eMATSDK_register.os
 .text._ZL18MATSetRevenue_wrapd
                0x00003c80       0x98 debug\s3eMATSDK_register.os
 .text._ZL17MATSetSiteId_wrapPKc
                0x00003d18       0x98 debug\s3eMATSDK_register.os
 .text._ZL19MATSetTRUSTeId_wrapPKc
                0x00003db0       0x98 debug\s3eMATSDK_register.os
 .text._ZL24MATSetAppAdTracking_wrapb
                0x00003e48       0xa4 debug\s3eMATSDK_register.os
 .text._ZL19MATSetDelegate_wrapb
                0x00003eec       0xa4 debug\s3eMATSDK_register.os
 .text._ZL19MATSetUseHTTPS_wrapb
                0x00003f90       0xa4 debug\s3eMATSDK_register.os
 .text._ZL21MATSetJailbroken_wrapb
                0x00004034       0xa4 debug\s3eMATSDK_register.os
 .text._ZL37MATSetShouldAutoDetectJailbroken_wrapb
                0x000040d8       0xa4 debug\s3eMATSDK_register.os
 .text._ZL21MATSetMACAddress_wrapPKc
                0x0000417c       0x98 debug\s3eMATSDK_register.os
 .text._ZL16MATSetODIN1_wrapPKc
                0x00004214       0x98 debug\s3eMATSDK_register.os
 .text._ZL28MATSetUseCookieTracking_wrapb
                0x000042ac       0xa4 debug\s3eMATSDK_register.os
 .text._ZL14MATSetAge_wrapi
                0x00004350       0x98 debug\s3eMATSDK_register.os
 .text._ZL17MATSetGender_wrapi
                0x000043e8       0x98 debug\s3eMATSDK_register.os
 .text._ZL19MATSetLocation_wrapddd
                0x00004480       0xac debug\s3eMATSDK_register.os
 .text._ZL29MATStartAppToAppTracking_wrapPKcS0_S0_S0_b
                0x0000452c       0xc0 debug\s3eMATSDK_register.os
 .text._ZL22MATSetRedirectUrl_wrapPKc
                0x000045ec       0x98 debug\s3eMATSDK_register.os
 .text._ZL37MATSetAppleAdvertisingIdentifier_wrapPKc
                0x00004684       0x98 debug\s3eMATSDK_register.os
 .text._ZL32MATSetAppleVendorIdentifier_wrapPKc
                0x0000471c       0x98 debug\s3eMATSDK_register.os
 .text._ZL50MATSetShouldAutoGenerateAppleVendorIdentifier_wrapb
                0x000047b4       0xa4 debug\s3eMATSDK_register.os
 .text._ZL55MATSetShouldAutoGenerateAppleAdvertisingIdentifier_wrapb
                0x00004858       0xa4 debug\s3eMATSDK_register.os
 .text._ZL21MATSDKParameters_wrapv
                0x000048fc       0x88 debug\s3eMATSDK_register.os
 .text._ZL20MATSetDebugMode_wrapb
                0x00004984       0xa4 debug\s3eMATSDK_register.os
 .text._ZL26MATSetAllowDuplicates_wrapb
                0x00004a28       0xa4 debug\s3eMATSDK_register.os
 .text._Z20s3eMATSDKRegisterExtv
                0x00004acc      0x2b4 debug\s3eMATSDK_register.os
                0x00004acc                s3eMATSDKRegisterExt()
 .text.RegisterExt
                0x00004d80        0xc debug\s3eMATSDK_register.os
                0x00004d80                RegisterExt
 .text.IwDebugTraceSetTraceChannel
                0x00004d8c       0x1c C:\marmalade\6.3\s3e\edk\lib\android\libedk.a(IwDebug.o)
                0x00004d8c                IwDebugTraceSetTraceChannel
 .text._GLOBAL__I_Z__sdk_modules_iwcore_source_IwDebug.cpp
                0x00004da8       0xa4 C:\marmalade\6.3\s3e\edk\lib\android\libedk.a(IwDebug.o)
 .text.IwDebugTraceIsChannelOn
                0x00004e4c      0x2b8 C:\marmalade\6.3\s3e\edk\lib\android\libedk.a(IwDebug.o)
                0x00004e4c                IwDebugTraceIsChannelOn
 .text.IwDebugTraceLinePrintf
                0x00005104      0x10c C:\marmalade\6.3\s3e\edk\lib\android\libedk.a(IwDebug.o)
                0x00005104                IwDebugTraceLinePrintf
 .text.s3eEdkThreadRunOnOS
                0x00005210       0x30 C:\marmalade\6.3\s3e\edk\lib\android\libedk.a(edk_helpers.o)
                0x00005210                s3eEdkThreadRunOnOS
 .text          0x00005240       0x1c c:/Users/John/tools/android-ndk-r8c/toolchains/arm-linux-androideabi-4.4.3/prebuilt/windows/bin/../lib/gcc/arm-linux-androideabi/4.4.3\libgcc.a(_aeabi_ldivmod.o)
                0x00005240                __aeabi_ldivmod
 .text          0x0000525c       0x88 c:/Users/John/tools/android-ndk-r8c/toolchains/arm-linux-androideabi-4.4.3/prebuilt/windows/bin/../lib/gcc/arm-linux-androideabi/4.4.3\libgcc.a(bpabi.o)
                0x0000525c                __gnu_uldivmod_helper
                0x000052a0                __gnu_ldivmod_helper
 .text          0x000052e4      0xec4 c:/Users/John/tools/android-ndk-r8c/toolchains/arm-linux-androideabi-4.4.3/prebuilt/windows/bin/../lib/gcc/arm-linux-androideabi/4.4.3\libgcc.a(unwind-arm.o)
                0x00005d0c                __gnu_Unwind_RaiseException
                0x00005864                __aeabi_unwind_cpp_pr0
                0x00005394                _Unwind_GetCFA
                0x00005330                _Unwind_VRS_Set
                0x00005aa8                __gnu_Unwind_Backtrace
                0x00005e3c                _Unwind_VRS_Pop
                0x00005854                __aeabi_unwind_cpp_pr2
                0x000053a0                _Unwind_DeleteException
                0x0000539c                _Unwind_Complete
                0x00005dd0                __gnu_Unwind_Resume
                0x00005c98                __gnu_Unwind_ForcedUnwind
                0x00005db0                __gnu_Unwind_Resume_or_Rethrow
                0x000052e4                _Unwind_VRS_Get
                0x0000585c                __aeabi_unwind_cpp_pr1
 .text          0x000061a8      0x1a8 c:/Users/John/tools/android-ndk-r8c/toolchains/arm-linux-androideabi-4.4.3/prebuilt/windows/bin/../lib/gcc/arm-linux-androideabi/4.4.3\libgcc.a(libunwind.o)
                0x00006308                ___Unwind_ForcedUnwind
                0x000061c4                __gnu_Unwind_Save_VFP
                0x000062e4                _Unwind_Resume_or_Rethrow
                0x000062e4                ___Unwind_Resume_or_Rethrow
                0x0000632c                _Unwind_Backtrace
                0x000061a8                __restore_core_regs
                0x000061e4                __gnu_Unwind_Save_VFP_D_16_to_31
                0x000061d4                __gnu_Unwind_Save_VFP_D
                0x0000632c                ___Unwind_Backtrace
                0x0000629c                ___Unwind_RaiseException
                0x000062c0                ___Unwind_Resume
                0x000061ec                __gnu_Unwind_Restore_WMMXD
                0x000061bc                __gnu_Unwind_Restore_VFP
                0x000062c0                _Unwind_Resume
                0x000061cc                __gnu_Unwind_Restore_VFP_D
                0x000061dc                __gnu_Unwind_Restore_VFP_D_16_to_31
                0x0000629c                _Unwind_RaiseException
                0x000061a8                restore_core_regs
                0x00006288                __gnu_Unwind_Save_WMMXC
                0x00006274                __gnu_Unwind_Restore_WMMXC
                0x00006308                _Unwind_ForcedUnwind
                0x00006230                __gnu_Unwind_Save_WMMXD
 .text          0x00006350      0x484 c:/Users/John/tools/android-ndk-r8c/toolchains/arm-linux-androideabi-4.4.3/prebuilt/windows/bin/../lib/gcc/arm-linux-androideabi/4.4.3\libgcc.a(pr-support.o)
                0x000063f0                _Unwind_GetRegionStart
                0x0000641c                __gnu_unwind_execute
                0x000063a8                _Unwind_GetTextRelBase
                0x000063b8                _Unwind_GetLanguageSpecificData
                0x00006794                __gnu_unwind_frame
                0x000063b0                _Unwind_GetDataRelBase
 .text          0x000067d4      0x47c c:/Users/John/tools/android-ndk-r8c/toolchains/arm-linux-androideabi-4.4.3/prebuilt/windows/bin/../lib/gcc/arm-linux-androideabi/4.4.3\libgcc.a(_divdi3.o)
                0x000067d4                __divdi3
 .text          0x00006c50      0x40c c:/Users/John/tools/android-ndk-r8c/toolchains/arm-linux-androideabi-4.4.3/prebuilt/windows/bin/../lib/gcc/arm-linux-androideabi/4.4.3\libgcc.a(_udivdi3.o)
                0x00006c50                __udivdi3
 .text          0x0000705c       0xc4 c:/Users/John/tools/android-ndk-r8c/toolchains/arm-linux-androideabi-4.4.3/prebuilt/windows/bin/../lib/gcc/arm-linux-androideabi/4.4.3\libgcc.a(_udivsi3.o)
                0x0000705c                __udivsi3
                0x0000705c                __aeabi_uidiv
                0x00007108                __aeabi_uidivmod
 .text          0x00007120       0x10 c:/Users/John/tools/android-ndk-r8c/toolchains/arm-linux-androideabi-4.4.3/prebuilt/windows/bin/../lib/gcc/arm-linux-androideabi/4.4.3\libgcc.a(_dvmd_lnx.o)
                0x00007120                __div0
 *(.gnu.warning)
 *(.glue_7t)
 .glue_7t       0x00000000        0x0 linker stubs
 *(.glue_7)
 .glue_7        0x00000000        0x0 linker stubs
 *(.vfp11_veneer)
 .vfp11_veneer  0x00000000        0x0 linker stubs
 *(.v4_bx)
 .v4_bx         0x00000000        0x0 linker stubs

.fini
 *(.fini)
                0x00007130                PROVIDE (__etext, .)
                0x00007130                PROVIDE (_etext, .)
                0x00007130                PROVIDE (etext, .)

.rodata         0x00007130      0xdf4
 *(.rodata .rodata.* .gnu.linkonce.r.*)
 .rodata        0x00007130      0x458 debug\s3eMATSDK_platform.os
 .rodata        0x00007588      0x880 debug\s3eMATSDK_register.os
 .rodata.str1.4
                0x00007e08      0x11c C:\marmalade\6.3\s3e\edk\lib\android\libedk.a(IwDebug.o)
                                0x120 (size before relaxing)

.rodata1
 *(.rodata1)

.ARM.extab      0x00007f24       0x24
 *(.ARM.extab* .gnu.linkonce.armextab.*)
 .ARM.extab     0x00007f24       0x24 c:/Users/John/tools/android-ndk-r8c/toolchains/arm-linux-androideabi-4.4.3/prebuilt/windows/bin/../lib/gcc/arm-linux-androideabi/4.4.3\libgcc.a(unwind-arm.o)
                0x00007f48                __exidx_start = .

.ARM.exidx      0x00007f48       0xf8
 *(.ARM.exidx* .gnu.linkonce.armexidx.*)
 .ARM.exidx     0x00007f48       0x10 c:/Users/John/tools/android-ndk-r8c/toolchains/arm-linux-androideabi-4.4.3/prebuilt/windows/bin/../lib/gcc/arm-linux-androideabi/4.4.3\libgcc.a(bpabi.o)
 .ARM.exidx     0x00007f58       0xa0 c:/Users/John/tools/android-ndk-r8c/toolchains/arm-linux-androideabi-4.4.3/prebuilt/windows/bin/../lib/gcc/arm-linux-androideabi/4.4.3\libgcc.a(unwind-arm.o)
 .ARM.exidx     0x00007ff8       0x38 c:/Users/John/tools/android-ndk-r8c/toolchains/arm-linux-androideabi-4.4.3/prebuilt/windows/bin/../lib/gcc/arm-linux-androideabi/4.4.3\libgcc.a(pr-support.o)
 .ARM.exidx     0x00008030        0x8 c:/Users/John/tools/android-ndk-r8c/toolchains/arm-linux-androideabi-4.4.3/prebuilt/windows/bin/../lib/gcc/arm-linux-androideabi/4.4.3\libgcc.a(_divdi3.o)
 .ARM.exidx     0x00008038        0x8 c:/Users/John/tools/android-ndk-r8c/toolchains/arm-linux-androideabi-4.4.3/prebuilt/windows/bin/../lib/gcc/arm-linux-androideabi/4.4.3\libgcc.a(_udivdi3.o)
                0x00008040                __exidx_end = .

.eh_frame_hdr
 *(.eh_frame_hdr)

.eh_frame
 *(.eh_frame)

.gcc_except_table
 *(.gcc_except_table .gcc_except_table.*)
                0x00008040                . = (ALIGN (0x1000) - ((0x1000 - .) & 0xfff))
                0x00009e0c                . = (0x1000 DATA_SEGMENT_ALIGN 0x1000)

.eh_frame
 *(.eh_frame)

.gcc_except_table
 *(.gcc_except_table .gcc_except_table.*)

.tdata
 *(.tdata .tdata.* .gnu.linkonce.td.*)

.tbss
 *(.tbss .tbss.* .gnu.linkonce.tb.*)
 *(.tcommon)

.preinit_array
 *(.preinit_array)

.init_array     0x00009e0c        0x8
 *(SORT(.init_array.*))
 *(.init_array)
 .init_array    0x00009e0c        0x4 C:\marmalade\6.3\s3e\edk\lib\android\libedk.a(IwDebug.o)
 .init_array    0x00009e10        0x4 C:/Users/John/tools/android-ndk-r8c/platforms/android-9/arch-arm/usr/lib/crtend_so.o

.fini_array     0x00009e14        0x8
 *(.fini_array)
 .fini_array    0x00009e14        0x4 C:/Users/John/tools/android-ndk-r8c/platforms/android-9/arch-arm/usr/lib/crtbegin_so.o
 .fini_array    0x00009e18        0x4 C:/Users/John/tools/android-ndk-r8c/platforms/android-9/arch-arm/usr/lib/crtend_so.o
 *(SORT(.fini_array.*))

.ctors
 *crtbegin.o(.ctors)
 *crtbegin?.o(.ctors)
 *(EXCLUDE_FILE(*crtend?.o *crtend.o) .ctors)
 *(SORT(.ctors.*))
 *(.ctors)

.dtors
 *crtbegin.o(.dtors)
 *crtbegin?.o(.dtors)
 *(EXCLUDE_FILE(*crtend?.o *crtend.o) .dtors)
 *(SORT(.dtors.*))
 *(.dtors)

.jcr
 *(.jcr)

.data.rel.ro
 *(.data.rel.ro.local* .gnu.linkonce.d.rel.ro.local.*)
 *(.data.rel.ro* .gnu.linkonce.d.rel.ro.*)

.dynamic        0x00009e1c       0xd8
 *(.dynamic)
 .dynamic       0x00009e1c       0xd8 C:/Users/John/tools/android-ndk-r8c/platforms/android-9/arch-arm/usr/lib/crtbegin_so.o
                0x00009e1c                _DYNAMIC

.got            0x00009ef4      0x10c
 *(.got.plt)
 .got.plt       0x00009ef4       0x5c C:/Users/John/tools/android-ndk-r8c/platforms/android-9/arch-arm/usr/lib/crtbegin_so.o
                0x00009ef4                _GLOBAL_OFFSET_TABLE_
 *(.got)
 .got           0x00009f50       0xb0 C:/Users/John/tools/android-ndk-r8c/platforms/android-9/arch-arm/usr/lib/crtbegin_so.o
                0x0000a000                . = (. DATA_SEGMENT_RELRO_END 0x0)

.data           0x0000a000        0x4
                0x0000a000                __data_start = .
 *(.data .data.* .gnu.linkonce.d.*)
 .data          0x0000a000        0x4 C:/Users/John/tools/android-ndk-r8c/platforms/android-9/arch-arm/usr/lib/crtbegin_so.o
                0x0000a000                __dso_handle

.data1
 *(.data1)
                0x0000a004                _edata = .
                0x0000a004                PROVIDE (edata, .)
                0x0000a004                __bss_start = .
                0x0000a004                __bss_start__ = .

.bss            0x0000a004     0x1a7c
 *(.dynbss)
 .dynbss        0x00000000        0x0 C:/Users/John/tools/android-ndk-r8c/platforms/android-9/arch-arm/usr/lib/crtbegin_so.o
 *(.bss .bss.* .gnu.linkonce.b.*)
 .bss           0x0000a004       0x54 debug\s3eMATSDK_platform.os
 .bss           0x0000a058     0x1a28 C:\marmalade\6.3\s3e\edk\lib\android\libedk.a(IwDebug.o)
                0x0000a058                g_DebugGlobals
 *(COMMON)
                0x0000ba80                . = ALIGN ((. != 0x0)?0x4:0x1)
                0x0000ba80                _bss_end__ = .
                0x0000ba80                __bss_end__ = .
                0x0000ba80                . = ALIGN (0x4)
                0x0000ba80                . = ALIGN (0x4)
                0x0000ba80                __end__ = .
                0x0000ba80                _end = .
                0x0000ba80                PROVIDE (end, .)
                0x0000ba80                . = DATA_SEGMENT_END (.)

.stab
 *(.stab)

.stabstr
 *(.stabstr)

.stab.excl
 *(.stab.excl)

.stab.exclstr
 *(.stab.exclstr)

.stab.index
 *(.stab.index)

.stab.indexstr
 *(.stab.indexstr)

.comment        0x00000000       0xd9
 *(.comment)
 .comment       0x00000000       0x25 C:/Users/John/tools/android-ndk-r8c/platforms/android-9/arch-arm/usr/lib/crtbegin_so.o
                                 0x26 (size before relaxing)
 .comment       0x00000025       0x12 debug\s3eMATSDK_platform.os
 .comment       0x00000037       0x12 debug\s3eMATSDK.os
 .comment       0x00000049       0x12 debug\s3eMATSDK_register.os
 .comment       0x0000005b       0x12 C:\marmalade\6.3\s3e\edk\lib\android\libedk.a(IwDebug.o)
 .comment       0x0000006d       0x12 C:\marmalade\6.3\s3e\edk\lib\android\libedk.a(edk_helpers.o)
 .comment       0x0000007f       0x12 c:/Users/John/tools/android-ndk-r8c/toolchains/arm-linux-androideabi-4.4.3/prebuilt/windows/bin/../lib/gcc/arm-linux-androideabi/4.4.3\libgcc.a(bpabi.o)
 .comment       0x00000091       0x12 c:/Users/John/tools/android-ndk-r8c/toolchains/arm-linux-androideabi-4.4.3/prebuilt/windows/bin/../lib/gcc/arm-linux-androideabi/4.4.3\libgcc.a(unwind-arm.o)
 .comment       0x000000a3       0x12 c:/Users/John/tools/android-ndk-r8c/toolchains/arm-linux-androideabi-4.4.3/prebuilt/windows/bin/../lib/gcc/arm-linux-androideabi/4.4.3\libgcc.a(pr-support.o)
 .comment       0x000000b5       0x12 c:/Users/John/tools/android-ndk-r8c/toolchains/arm-linux-androideabi-4.4.3/prebuilt/windows/bin/../lib/gcc/arm-linux-androideabi/4.4.3\libgcc.a(_divdi3.o)
 .comment       0x000000c7       0x12 c:/Users/John/tools/android-ndk-r8c/toolchains/arm-linux-androideabi-4.4.3/prebuilt/windows/bin/../lib/gcc/arm-linux-androideabi/4.4.3\libgcc.a(_udivdi3.o)

.debug
 *(.debug)

.line
 *(.line)

.debug_srcinfo
 *(.debug_srcinfo)

.debug_sfnames
 *(.debug_sfnames)

.debug_aranges  0x00000000      0x560
 *(.debug_aranges)
 .debug_aranges
                0x00000000      0x1c0 debug\s3eMATSDK_platform.os
 .debug_aranges
                0x000001c0      0x140 debug\s3eMATSDK.os
 .debug_aranges
                0x00000300      0x140 debug\s3eMATSDK_register.os
 .debug_aranges
                0x00000440       0x20 c:/Users/John/tools/android-ndk-r8c/toolchains/arm-linux-androideabi-4.4.3/prebuilt/windows/bin/../lib/gcc/arm-linux-androideabi/4.4.3\libgcc.a(_aeabi_ldivmod.o)
 .debug_aranges
                0x00000460       0x20 c:/Users/John/tools/android-ndk-r8c/toolchains/arm-linux-androideabi-4.4.3/prebuilt/windows/bin/../lib/gcc/arm-linux-androideabi/4.4.3\libgcc.a(bpabi.o)
 .debug_aranges
                0x00000480       0x20 c:/Users/John/tools/android-ndk-r8c/toolchains/arm-linux-androideabi-4.4.3/prebuilt/windows/bin/../lib/gcc/arm-linux-androideabi/4.4.3\libgcc.a(unwind-arm.o)
 .debug_aranges
                0x000004a0       0x20 c:/Users/John/tools/android-ndk-r8c/toolchains/arm-linux-androideabi-4.4.3/prebuilt/windows/bin/../lib/gcc/arm-linux-androideabi/4.4.3\libgcc.a(libunwind.o)
 .debug_aranges
                0x000004c0       0x20 c:/Users/John/tools/android-ndk-r8c/toolchains/arm-linux-androideabi-4.4.3/prebuilt/windows/bin/../lib/gcc/arm-linux-androideabi/4.4.3\libgcc.a(pr-support.o)
 .debug_aranges
                0x000004e0       0x20 c:/Users/John/tools/android-ndk-r8c/toolchains/arm-linux-androideabi-4.4.3/prebuilt/windows/bin/../lib/gcc/arm-linux-androideabi/4.4.3\libgcc.a(_divdi3.o)
 .debug_aranges
                0x00000500       0x20 c:/Users/John/tools/android-ndk-r8c/toolchains/arm-linux-androideabi-4.4.3/prebuilt/windows/bin/../lib/gcc/arm-linux-androideabi/4.4.3\libgcc.a(_udivdi3.o)
 .debug_aranges
                0x00000520       0x20 c:/Users/John/tools/android-ndk-r8c/toolchains/arm-linux-androideabi-4.4.3/prebuilt/windows/bin/../lib/gcc/arm-linux-androideabi/4.4.3\libgcc.a(_udivsi3.o)
 .debug_aranges
                0x00000540       0x20 c:/Users/John/tools/android-ndk-r8c/toolchains/arm-linux-androideabi-4.4.3/prebuilt/windows/bin/../lib/gcc/arm-linux-androideabi/4.4.3\libgcc.a(_dvmd_lnx.o)

.debug_pubnames
                0x00000000      0xcdb
 *(.debug_pubnames)
 .debug_pubnames
                0x00000000      0x649 debug\s3eMATSDK_platform.os
 .debug_pubnames
                0x00000649      0x3a5 debug\s3eMATSDK.os
 .debug_pubnames
                0x000009ee       0x3b debug\s3eMATSDK_register.os
 .debug_pubnames
                0x00000a29       0x45 c:/Users/John/tools/android-ndk-r8c/toolchains/arm-linux-androideabi-4.4.3/prebuilt/windows/bin/../lib/gcc/arm-linux-androideabi/4.4.3\libgcc.a(bpabi.o)
 .debug_pubnames
                0x00000a6e      0x177 c:/Users/John/tools/android-ndk-r8c/toolchains/arm-linux-androideabi-4.4.3/prebuilt/windows/bin/../lib/gcc/arm-linux-androideabi/4.4.3\libgcc.a(unwind-arm.o)
 .debug_pubnames
                0x00000be5       0xb7 c:/Users/John/tools/android-ndk-r8c/toolchains/arm-linux-androideabi-4.4.3/prebuilt/windows/bin/../lib/gcc/arm-linux-androideabi/4.4.3\libgcc.a(pr-support.o)
 .debug_pubnames
                0x00000c9c       0x1f c:/Users/John/tools/android-ndk-r8c/toolchains/arm-linux-androideabi-4.4.3/prebuilt/windows/bin/../lib/gcc/arm-linux-androideabi/4.4.3\libgcc.a(_divdi3.o)
 .debug_pubnames
                0x00000cbb       0x20 c:/Users/John/tools/android-ndk-r8c/toolchains/arm-linux-androideabi-4.4.3/prebuilt/windows/bin/../lib/gcc/arm-linux-androideabi/4.4.3\libgcc.a(_udivdi3.o)

.debug_info     0x00000000     0xa154
 *(.debug_info .gnu.linkonce.wi.*)
 .debug_info    0x00000000     0x6787 debug\s3eMATSDK_platform.os
 .debug_info    0x00006787      0x767 debug\s3eMATSDK.os
 .debug_info    0x00006eee      0x779 debug\s3eMATSDK_register.os
 .debug_info    0x00007667       0xf5 c:/Users/John/tools/android-ndk-r8c/toolchains/arm-linux-androideabi-4.4.3/prebuilt/windows/bin/../lib/gcc/arm-linux-androideabi/4.4.3\libgcc.a(_aeabi_ldivmod.o)
 .debug_info    0x0000775c       0xde c:/Users/John/tools/android-ndk-r8c/toolchains/arm-linux-androideabi-4.4.3/prebuilt/windows/bin/../lib/gcc/arm-linux-androideabi/4.4.3\libgcc.a(bpabi.o)
 .debug_info    0x0000783a     0x1424 c:/Users/John/tools/android-ndk-r8c/toolchains/arm-linux-androideabi-4.4.3/prebuilt/windows/bin/../lib/gcc/arm-linux-androideabi/4.4.3\libgcc.a(unwind-arm.o)
 .debug_info    0x00008c5e       0xf9 c:/Users/John/tools/android-ndk-r8c/toolchains/arm-linux-androideabi-4.4.3/prebuilt/windows/bin/../lib/gcc/arm-linux-androideabi/4.4.3\libgcc.a(libunwind.o)
 .debug_info    0x00008d57      0x636 c:/Users/John/tools/android-ndk-r8c/toolchains/arm-linux-androideabi-4.4.3/prebuilt/windows/bin/../lib/gcc/arm-linux-androideabi/4.4.3\libgcc.a(pr-support.o)
 .debug_info    0x0000938d      0x606 c:/Users/John/tools/android-ndk-r8c/toolchains/arm-linux-androideabi-4.4.3/prebuilt/windows/bin/../lib/gcc/arm-linux-androideabi/4.4.3\libgcc.a(_divdi3.o)
 .debug_info    0x00009993      0x5cb c:/Users/John/tools/android-ndk-r8c/toolchains/arm-linux-androideabi-4.4.3/prebuilt/windows/bin/../lib/gcc/arm-linux-androideabi/4.4.3\libgcc.a(_udivdi3.o)
 .debug_info    0x00009f5e       0xfb c:/Users/John/tools/android-ndk-r8c/toolchains/arm-linux-androideabi-4.4.3/prebuilt/windows/bin/../lib/gcc/arm-linux-androideabi/4.4.3\libgcc.a(_udivsi3.o)
 .debug_info    0x0000a059       0xfb c:/Users/John/tools/android-ndk-r8c/toolchains/arm-linux-androideabi-4.4.3/prebuilt/windows/bin/../lib/gcc/arm-linux-androideabi/4.4.3\libgcc.a(_dvmd_lnx.o)

.debug_abbrev   0x00000000      0xe64
 *(.debug_abbrev)
 .debug_abbrev  0x00000000      0x2ac debug\s3eMATSDK_platform.os
 .debug_abbrev  0x000002ac      0x116 debug\s3eMATSDK.os
 .debug_abbrev  0x000003c2      0x115 debug\s3eMATSDK_register.os
 .debug_abbrev  0x000004d7       0x14 c:/Users/John/tools/android-ndk-r8c/toolchains/arm-linux-androideabi-4.4.3/prebuilt/windows/bin/../lib/gcc/arm-linux-androideabi/4.4.3\libgcc.a(_aeabi_ldivmod.o)
 .debug_abbrev  0x000004eb       0x6a c:/Users/John/tools/android-ndk-r8c/toolchains/arm-linux-androideabi-4.4.3/prebuilt/windows/bin/../lib/gcc/arm-linux-androideabi/4.4.3\libgcc.a(bpabi.o)
 .debug_abbrev  0x00000555      0x3bb c:/Users/John/tools/android-ndk-r8c/toolchains/arm-linux-androideabi-4.4.3/prebuilt/windows/bin/../lib/gcc/arm-linux-androideabi/4.4.3\libgcc.a(unwind-arm.o)
 .debug_abbrev  0x00000910       0x14 c:/Users/John/tools/android-ndk-r8c/toolchains/arm-linux-androideabi-4.4.3/prebuilt/windows/bin/../lib/gcc/arm-linux-androideabi/4.4.3\libgcc.a(libunwind.o)
 .debug_abbrev  0x00000924      0x220 c:/Users/John/tools/android-ndk-r8c/toolchains/arm-linux-androideabi-4.4.3/prebuilt/windows/bin/../lib/gcc/arm-linux-androideabi/4.4.3\libgcc.a(pr-support.o)
 .debug_abbrev  0x00000b44      0x18b c:/Users/John/tools/android-ndk-r8c/toolchains/arm-linux-androideabi-4.4.3/prebuilt/windows/bin/../lib/gcc/arm-linux-androideabi/4.4.3\libgcc.a(_divdi3.o)
 .debug_abbrev  0x00000ccf      0x16d c:/Users/John/tools/android-ndk-r8c/toolchains/arm-linux-androideabi-4.4.3/prebuilt/windows/bin/../lib/gcc/arm-linux-androideabi/4.4.3\libgcc.a(_udivdi3.o)
 .debug_abbrev  0x00000e3c       0x14 c:/Users/John/tools/android-ndk-r8c/toolchains/arm-linux-androideabi-4.4.3/prebuilt/windows/bin/../lib/gcc/arm-linux-androideabi/4.4.3\libgcc.a(_udivsi3.o)
 .debug_abbrev  0x00000e50       0x14 c:/Users/John/tools/android-ndk-r8c/toolchains/arm-linux-androideabi-4.4.3/prebuilt/windows/bin/../lib/gcc/arm-linux-androideabi/4.4.3\libgcc.a(_dvmd_lnx.o)

.debug_line     0x00000000     0x1b51
 *(.debug_line)
 .debug_line    0x00000000      0x6a5 debug\s3eMATSDK_platform.os
 .debug_line    0x000006a5      0x35a debug\s3eMATSDK.os
 .debug_line    0x000009ff      0x442 debug\s3eMATSDK_register.os
 .debug_line    0x00000e41       0xa5 c:/Users/John/tools/android-ndk-r8c/toolchains/arm-linux-androideabi-4.4.3/prebuilt/windows/bin/../lib/gcc/arm-linux-androideabi/4.4.3\libgcc.a(_aeabi_ldivmod.o)
 .debug_line    0x00000ee6       0xab c:/Users/John/tools/android-ndk-r8c/toolchains/arm-linux-androideabi-4.4.3/prebuilt/windows/bin/../lib/gcc/arm-linux-androideabi/4.4.3\libgcc.a(bpabi.o)
 .debug_line    0x00000f91      0x4d2 c:/Users/John/tools/android-ndk-r8c/toolchains/arm-linux-androideabi-4.4.3/prebuilt/windows/bin/../lib/gcc/arm-linux-androideabi/4.4.3\libgcc.a(unwind-arm.o)
 .debug_line    0x00001463       0xf1 c:/Users/John/tools/android-ndk-r8c/toolchains/arm-linux-androideabi-4.4.3/prebuilt/windows/bin/../lib/gcc/arm-linux-androideabi/4.4.3\libgcc.a(libunwind.o)
 .debug_line    0x00001554      0x1d2 c:/Users/John/tools/android-ndk-r8c/toolchains/arm-linux-androideabi-4.4.3/prebuilt/windows/bin/../lib/gcc/arm-linux-androideabi/4.4.3\libgcc.a(pr-support.o)
 .debug_line    0x00001726      0x162 c:/Users/John/tools/android-ndk-r8c/toolchains/arm-linux-androideabi-4.4.3/prebuilt/windows/bin/../lib/gcc/arm-linux-androideabi/4.4.3\libgcc.a(_divdi3.o)
 .debug_line    0x00001888      0x152 c:/Users/John/tools/android-ndk-r8c/toolchains/arm-linux-androideabi-4.4.3/prebuilt/windows/bin/../lib/gcc/arm-linux-androideabi/4.4.3\libgcc.a(_udivdi3.o)
 .debug_line    0x000019da       0xcc c:/Users/John/tools/android-ndk-r8c/toolchains/arm-linux-androideabi-4.4.3/prebuilt/windows/bin/../lib/gcc/arm-linux-androideabi/4.4.3\libgcc.a(_udivsi3.o)
 .debug_line    0x00001aa6       0xab c:/Users/John/tools/android-ndk-r8c/toolchains/arm-linux-androideabi-4.4.3/prebuilt/windows/bin/../lib/gcc/arm-linux-androideabi/4.4.3\libgcc.a(_dvmd_lnx.o)

.debug_frame    0x00000000     0x1210
 *(.debug_frame)
 .debug_frame   0x00000000      0x570 debug\s3eMATSDK_platform.os
 .debug_frame   0x00000570      0x41c debug\s3eMATSDK.os
 .debug_frame   0x0000098c      0x420 debug\s3eMATSDK_register.os
 .debug_frame   0x00000dac       0x60 c:/Users/John/tools/android-ndk-r8c/toolchains/arm-linux-androideabi-4.4.3/prebuilt/windows/bin/../lib/gcc/arm-linux-androideabi/4.4.3\libgcc.a(bpabi.o)
 .debug_frame   0x00000e0c      0x248 c:/Users/John/tools/android-ndk-r8c/toolchains/arm-linux-androideabi-4.4.3/prebuilt/windows/bin/../lib/gcc/arm-linux-androideabi/4.4.3\libgcc.a(unwind-arm.o)
 .debug_frame   0x00001054      0x108 c:/Users/John/tools/android-ndk-r8c/toolchains/arm-linux-androideabi-4.4.3/prebuilt/windows/bin/../lib/gcc/arm-linux-androideabi/4.4.3\libgcc.a(pr-support.o)
 .debug_frame   0x0000115c       0x44 c:/Users/John/tools/android-ndk-r8c/toolchains/arm-linux-androideabi-4.4.3/prebuilt/windows/bin/../lib/gcc/arm-linux-androideabi/4.4.3\libgcc.a(_divdi3.o)
 .debug_frame   0x000011a0       0x48 c:/Users/John/tools/android-ndk-r8c/toolchains/arm-linux-androideabi-4.4.3/prebuilt/windows/bin/../lib/gcc/arm-linux-androideabi/4.4.3\libgcc.a(_udivdi3.o)
 .debug_frame   0x000011e8       0x28 c:/Users/John/tools/android-ndk-r8c/toolchains/arm-linux-androideabi-4.4.3/prebuilt/windows/bin/../lib/gcc/arm-linux-androideabi/4.4.3\libgcc.a(_udivsi3.o)

.debug_str      0x00000000     0x682e
 *(.debug_str)
 .debug_str     0x00000000     0x563c debug\s3eMATSDK_platform.os
                               0x57c1 (size before relaxing)
 .debug_str     0x0000563c      0x23b debug\s3eMATSDK.os
                                0x6b7 (size before relaxing)
 .debug_str     0x00005877      0x43e debug\s3eMATSDK_register.os
                                0x72c (size before relaxing)
 .debug_str     0x00005cb5       0xb9 c:/Users/John/tools/android-ndk-r8c/toolchains/arm-linux-androideabi-4.4.3/prebuilt/windows/bin/../lib/gcc/arm-linux-androideabi/4.4.3\libgcc.a(bpabi.o)
                                 0xde (size before relaxing)
 .debug_str     0x00005d6e      0x814 c:/Users/John/tools/android-ndk-r8c/toolchains/arm-linux-androideabi-4.4.3/prebuilt/windows/bin/../lib/gcc/arm-linux-androideabi/4.4.3\libgcc.a(unwind-arm.o)
                                0x8f4 (size before relaxing)
 .debug_str     0x00006582      0x13d c:/Users/John/tools/android-ndk-r8c/toolchains/arm-linux-androideabi-4.4.3/prebuilt/windows/bin/../lib/gcc/arm-linux-androideabi/4.4.3\libgcc.a(pr-support.o)
                                0x45a (size before relaxing)
 .debug_str     0x000066bf      0x165 c:/Users/John/tools/android-ndk-r8c/toolchains/arm-linux-androideabi-4.4.3/prebuilt/windows/bin/../lib/gcc/arm-linux-androideabi/4.4.3\libgcc.a(_divdi3.o)
                                0x215 (size before relaxing)
 .debug_str     0x00006824        0xa c:/Users/John/tools/android-ndk-r8c/toolchains/arm-linux-androideabi-4.4.3/prebuilt/windows/bin/../lib/gcc/arm-linux-androideabi/4.4.3\libgcc.a(_udivdi3.o)
                                0x216 (size before relaxing)

.debug_loc      0x00000000     0x35bd
 *(.debug_loc)
 .debug_loc     0x00000000      0x863 debug\s3eMATSDK_platform.os
 .debug_loc     0x00000863      0x620 debug\s3eMATSDK.os
 .debug_loc     0x00000e83      0x62d debug\s3eMATSDK_register.os
 .debug_loc     0x000014b0      0x120 c:/Users/John/tools/android-ndk-r8c/toolchains/arm-linux-androideabi-4.4.3/prebuilt/windows/bin/../lib/gcc/arm-linux-androideabi/4.4.3\libgcc.a(bpabi.o)
 .debug_loc     0x000015d0      0xfef c:/Users/John/tools/android-ndk-r8c/toolchains/arm-linux-androideabi-4.4.3/prebuilt/windows/bin/../lib/gcc/arm-linux-androideabi/4.4.3\libgcc.a(unwind-arm.o)
 .debug_loc     0x000025bf      0x2f9 c:/Users/John/tools/android-ndk-r8c/toolchains/arm-linux-androideabi-4.4.3/prebuilt/windows/bin/../lib/gcc/arm-linux-androideabi/4.4.3\libgcc.a(pr-support.o)
 .debug_loc     0x000028b8      0x6cf c:/Users/John/tools/android-ndk-r8c/toolchains/arm-linux-androideabi-4.4.3/prebuilt/windows/bin/../lib/gcc/arm-linux-androideabi/4.4.3\libgcc.a(_divdi3.o)
 .debug_loc     0x00002f87      0x636 c:/Users/John/tools/android-ndk-r8c/toolchains/arm-linux-androideabi-4.4.3/prebuilt/windows/bin/../lib/gcc/arm-linux-androideabi/4.4.3\libgcc.a(_udivdi3.o)

.debug_macinfo
 *(.debug_macinfo)

.debug_weaknames
 *(.debug_weaknames)

.debug_funcnames
 *(.debug_funcnames)

.debug_typenames
 *(.debug_typenames)

.debug_varnames
 *(.debug_varnames)

.debug_pubtypes
 *(.debug_pubtypes)

.debug_ranges   0x00000000      0x760
 *(.debug_ranges)
 .debug_ranges  0x00000000      0x1b0 debug\s3eMATSDK_platform.os
 .debug_ranges  0x000001b0      0x130 debug\s3eMATSDK.os
 .debug_ranges  0x000002e0      0x130 debug\s3eMATSDK_register.os
 .debug_ranges  0x00000410      0x1f8 c:/Users/John/tools/android-ndk-r8c/toolchains/arm-linux-androideabi-4.4.3/prebuilt/windows/bin/../lib/gcc/arm-linux-androideabi/4.4.3\libgcc.a(unwind-arm.o)
 .debug_ranges  0x00000608       0x30 c:/Users/John/tools/android-ndk-r8c/toolchains/arm-linux-androideabi-4.4.3/prebuilt/windows/bin/../lib/gcc/arm-linux-androideabi/4.4.3\libgcc.a(pr-support.o)
 .debug_ranges  0x00000638       0xa0 c:/Users/John/tools/android-ndk-r8c/toolchains/arm-linux-androideabi-4.4.3/prebuilt/windows/bin/../lib/gcc/arm-linux-androideabi/4.4.3\libgcc.a(_divdi3.o)
 .debug_ranges  0x000006d8       0x88 c:/Users/John/tools/android-ndk-r8c/toolchains/arm-linux-androideabi-4.4.3/prebuilt/windows/bin/../lib/gcc/arm-linux-androideabi/4.4.3\libgcc.a(_udivdi3.o)

.gnu.attributes
 *(.gnu.attributes)

.note.gnu.arm.ident
 *(.note.gnu.arm.ident)

/DISCARD/
 *(.note.GNU-stack)
 *(.gnu_debuglink)
OUTPUT(C:\Users\John\Documents\GitHub\harshal-sdk\sdk\sdk-marmalade\ios_android\s3eMATSDK\lib\android\libs3eMATSDK_d.so elf32-littlearm)

.ARM.attributes
                0x00000000       0x31
 .ARM.attributes
                0x00000000       0x2d C:/Users/John/tools/android-ndk-r8c/platforms/android-9/arch-arm/usr/lib/crtbegin_so.o
 .ARM.attributes
                0x0000002d       0x2d debug\s3eMATSDK_platform.os
 .ARM.attributes
                0x0000005a       0x2d debug\s3eMATSDK.os
 .ARM.attributes
                0x00000087       0x2d debug\s3eMATSDK_register.os
 .ARM.attributes
                0x000000b4       0x2b C:\marmalade\6.3\s3e\edk\lib\android\libedk.a(IwDebug.o)
 .ARM.attributes
                0x000000df       0x2b C:\marmalade\6.3\s3e\edk\lib\android\libedk.a(edk_helpers.o)
 .ARM.attributes
                0x0000010a       0x19 c:/Users/John/tools/android-ndk-r8c/toolchains/arm-linux-androideabi-4.4.3/prebuilt/windows/bin/../lib/gcc/arm-linux-androideabi/4.4.3\libgcc.a(_aeabi_ldivmod.o)
 .ARM.attributes
                0x00000123       0x29 c:/Users/John/tools/android-ndk-r8c/toolchains/arm-linux-androideabi-4.4.3/prebuilt/windows/bin/../lib/gcc/arm-linux-androideabi/4.4.3\libgcc.a(bpabi.o)
 .ARM.attributes
                0x0000014c       0x29 c:/Users/John/tools/android-ndk-r8c/toolchains/arm-linux-androideabi-4.4.3/prebuilt/windows/bin/../lib/gcc/arm-linux-androideabi/4.4.3\libgcc.a(unwind-arm.o)
 .ARM.attributes
                0x00000175       0x19 c:/Users/John/tools/android-ndk-r8c/toolchains/arm-linux-androideabi-4.4.3/prebuilt/windows/bin/../lib/gcc/arm-linux-androideabi/4.4.3\libgcc.a(libunwind.o)
 .ARM.attributes
                0x0000018e       0x29 c:/Users/John/tools/android-ndk-r8c/toolchains/arm-linux-androideabi-4.4.3/prebuilt/windows/bin/../lib/gcc/arm-linux-androideabi/4.4.3\libgcc.a(pr-support.o)
 .ARM.attributes
                0x000001b7       0x29 c:/Users/John/tools/android-ndk-r8c/toolchains/arm-linux-androideabi-4.4.3/prebuilt/windows/bin/../lib/gcc/arm-linux-androideabi/4.4.3\libgcc.a(_divdi3.o)
 .ARM.attributes
                0x000001e0       0x29 c:/Users/John/tools/android-ndk-r8c/toolchains/arm-linux-androideabi-4.4.3/prebuilt/windows/bin/../lib/gcc/arm-linux-androideabi/4.4.3\libgcc.a(_udivdi3.o)
 .ARM.attributes
                0x00000209       0x19 c:/Users/John/tools/android-ndk-r8c/toolchains/arm-linux-androideabi-4.4.3/prebuilt/windows/bin/../lib/gcc/arm-linux-androideabi/4.4.3\libgcc.a(_udivsi3.o)
 .ARM.attributes
                0x00000222       0x19 c:/Users/John/tools/android-ndk-r8c/toolchains/arm-linux-androideabi-4.4.3/prebuilt/windows/bin/../lib/gcc/arm-linux-androideabi/4.4.3\libgcc.a(_dvmd_lnx.o)
 .ARM.attributes
                0x0000023b       0x1f C:/Users/John/tools/android-ndk-r8c/platforms/android-9/arch-arm/usr/lib/crtend_so.o
