Archive member included because of file (symbol)

C:\marmalade\6.4\s3e\edk\lib\android\libedk.a(IwDebug.o)
                              debug\s3eMATSDK_platform.os (IwDebugTraceSetTraceChannel)
C:\marmalade\6.4\s3e\edk\lib\android\libedk.a(edk_helpers.o)
                              debug\s3eMATSDK_platform.os (s3eEdkThreadRunOnOS)
c:/Users/John/tools/android-ndk-r8c/toolchains/arm-linux-androideabi-4.4.3/prebuilt/windows/bin/../lib/gcc/arm-linux-androideabi/4.4.3\libgcc.a(_aeabi_ldivmod.o)
                              C:\marmalade\6.4\s3e\edk\lib\android\libedk.a(IwDebug.o) (__aeabi_ldivmod)
c:/Users/John/tools/android-ndk-r8c/toolchains/arm-linux-androideabi-4.4.3/prebuilt/windows/bin/../lib/gcc/arm-linux-androideabi/4.4.3\libgcc.a(bpabi.o)
                              c:/Users/John/tools/android-ndk-r8c/toolchains/arm-linux-androideabi-4.4.3/prebuilt/windows/bin/../lib/gcc/arm-linux-androideabi/4.4.3\libgcc.a(_aeabi_ldivmod.o) (__gnu_ldivmod_helper)
c:/Users/John/tools/android-ndk-r8c/toolchains/arm-linux-androideabi-4.4.3/prebuilt/windows/bin/../lib/gcc/arm-linux-androideabi/4.4.3\libgcc.a(unwind-arm.o)
                              c:/Users/John/tools/android-ndk-r8c/toolchains/arm-linux-androideabi-4.4.3/prebuilt/windows/bin/../lib/gcc/arm-linux-androideabi/4.4.3\libgcc.a(bpabi.o) (__aeabi_unwind_cpp_pr0)
c:/Users/John/tools/android-ndk-r8c/toolchains/arm-linux-androideabi-4.4.3/prebuilt/windows/bin/../lib/gcc/arm-linux-androideabi/4.4.3\libgcc.a(libunwind.o)
                              c:/Users/John/tools/android-ndk-r8c/toolchains/arm-linux-androideabi-4.4.3/prebuilt/windows/bin/../lib/gcc/arm-linux-androideabi/4.4.3\libgcc.a(unwind-arm.o) (restore_core_regs)
c:/Users/John/tools/android-ndk-r8c/toolchains/arm-linux-androideabi-4.4.3/prebuilt/windows/bin/../lib/gcc/arm-linux-androideabi/4.4.3\libgcc.a(pr-support.o)
                              c:/Users/John/tools/android-ndk-r8c/toolchains/arm-linux-androideabi-4.4.3/prebuilt/windows/bin/../lib/gcc/arm-linux-androideabi/4.4.3\libgcc.a(unwind-arm.o) (__gnu_unwind_execute)
c:/Users/John/tools/android-ndk-r8c/toolchains/arm-linux-androideabi-4.4.3/prebuilt/windows/bin/../lib/gcc/arm-linux-androideabi/4.4.3\libgcc.a(_divdi3.o)
                              c:/Users/John/tools/android-ndk-r8c/toolchains/arm-linux-androideabi-4.4.3/prebuilt/windows/bin/../lib/gcc/arm-linux-androideabi/4.4.3\libgcc.a(bpabi.o) (__divdi3)
c:/Users/John/tools/android-ndk-r8c/toolchains/arm-linux-androideabi-4.4.3/prebuilt/windows/bin/../lib/gcc/arm-linux-androideabi/4.4.3\libgcc.a(_udivdi3.o)
                              c:/Users/John/tools/android-ndk-r8c/toolchains/arm-linux-androideabi-4.4.3/prebuilt/windows/bin/../lib/gcc/arm-linux-androideabi/4.4.3\libgcc.a(bpabi.o) (__udivdi3)
c:/Users/John/tools/android-ndk-r8c/toolchains/arm-linux-androideabi-4.4.3/prebuilt/windows/bin/../lib/gcc/arm-linux-androideabi/4.4.3\libgcc.a(_udivsi3.o)
                              c:/Users/John/tools/android-ndk-r8c/toolchains/arm-linux-androideabi-4.4.3/prebuilt/windows/bin/../lib/gcc/arm-linux-androideabi/4.4.3\libgcc.a(_divdi3.o) (__aeabi_uidiv)
c:/Users/John/tools/android-ndk-r8c/toolchains/arm-linux-androideabi-4.4.3/prebuilt/windows/bin/../lib/gcc/arm-linux-androideabi/4.4.3\libgcc.a(_dvmd_lnx.o)
                              c:/Users/John/tools/android-ndk-r8c/toolchains/arm-linux-androideabi-4.4.3/prebuilt/windows/bin/../lib/gcc/arm-linux-androideabi/4.4.3\libgcc.a(_udivsi3.o) (__div0)

Discarded input sections

 .text          0x00000000        0x0 C:/Users/John/tools/android-ndk-r8c/platforms/android-9/arch-arm/usr/lib/crtbegin_so.o
 .bss           0x00000000        0x0 C:/Users/John/tools/android-ndk-r8c/platforms/android-9/arch-arm/usr/lib/crtbegin_so.o
 .note.GNU-stack
                0x00000000        0x0 C:/Users/John/tools/android-ndk-r8c/platforms/android-9/arch-arm/usr/lib/crtbegin_so.o
 _ZN7_JNIEnv9FindClassEPKc
                0x00000000        0x0 debug\s3eMATSDK_platform.os
 _ZN7_JNIEnv17ExceptionOccurredEv
                0x00000000        0x0 debug\s3eMATSDK_platform.os
 _ZN7_JNIEnv17ExceptionDescribeEv
                0x00000000        0x0 debug\s3eMATSDK_platform.os
 _ZN7_JNIEnv14ExceptionClearEv
                0x00000000        0x0 debug\s3eMATSDK_platform.os
 _ZN7_JNIEnv12NewGlobalRefEP8_jobject
                0x00000000        0x0 debug\s3eMATSDK_platform.os
 _ZN7_JNIEnv15DeleteGlobalRefEP8_jobject
                0x00000000        0x0 debug\s3eMATSDK_platform.os
 _ZN7_JNIEnv14DeleteLocalRefEP8_jobject
                0x00000000        0x0 debug\s3eMATSDK_platform.os
 _ZN7_JNIEnv9NewObjectEP7_jclassP10_jmethodIDz
                0x00000000        0x0 debug\s3eMATSDK_platform.os
 _ZN7_JNIEnv11GetMethodIDEP7_jclassPKcS3_
                0x00000000        0x0 debug\s3eMATSDK_platform.os
 _ZN7_JNIEnv17CallBooleanMethodEP8_jobjectP10_jmethodIDz
                0x00000000        0x0 debug\s3eMATSDK_platform.os
 _ZN7_JNIEnv14CallVoidMethodEP8_jobjectP10_jmethodIDz
                0x00000000        0x0 debug\s3eMATSDK_platform.os
 _ZN7_JNIEnv12NewStringUTFEPKc
                0x00000000        0x0 debug\s3eMATSDK_platform.os
 _ZN7_JavaVM6GetEnvEPPvi
                0x00000000        0x0 debug\s3eMATSDK_platform.os
 .text          0x00000000        0x0 debug\s3eMATSDK_platform.os
 .data          0x00000000        0x0 debug\s3eMATSDK_platform.os
 .note.GNU-stack
                0x00000000        0x0 debug\s3eMATSDK_platform.os
 .text          0x00000000        0x0 debug\s3eMATSDK.os
 .data          0x00000000        0x0 debug\s3eMATSDK.os
 .bss           0x00000000        0x0 debug\s3eMATSDK.os
 .note.GNU-stack
                0x00000000        0x0 debug\s3eMATSDK.os
 .text          0x00000000        0x0 debug\s3eMATSDK_register.os
 .data          0x00000000        0x0 debug\s3eMATSDK_register.os
 .bss           0x00000000        0x0 debug\s3eMATSDK_register.os
 .note.GNU-stack
                0x00000000        0x0 debug\s3eMATSDK_register.os
 .text          0x00000000        0x0 C:\marmalade\6.4\s3e\edk\lib\android\libedk.a(IwDebug.o)
 .data          0x00000000        0x0 C:\marmalade\6.4\s3e\edk\lib\android\libedk.a(IwDebug.o)
 .text.IwAssertRegisterTextCallback
                0x00000000        0x0 C:\marmalade\6.4\s3e\edk\lib\android\libedk.a(IwDebug.o)
 .text.IwAssertRegisterCallback
                0x00000000        0x0 C:\marmalade\6.4\s3e\edk\lib\android\libedk.a(IwDebug.o)
 .text.IwDebugErrorRegisterCallback
                0x00000000        0x0 C:\marmalade\6.4\s3e\edk\lib\android\libedk.a(IwDebug.o)
 .text.IwDebugAssertSetUID
                0x00000000        0x0 C:\marmalade\6.4\s3e\edk\lib\android\libedk.a(IwDebug.o)
 .text.IwDebugClearConfigCache
                0x00000000        0x0 C:\marmalade\6.4\s3e\edk\lib\android\libedk.a(IwDebug.o)
 .text.IwDebugErrorShow
                0x00000000        0x0 C:\marmalade\6.4\s3e\edk\lib\android\libedk.a(IwDebug.o)
 .text.IwDebugTraceLineVPrintf
                0x00000000        0x0 C:\marmalade\6.4\s3e\edk\lib\android\libedk.a(IwDebug.o)
 .text.IwDebugAssertIsChannelOn
                0x00000000        0x0 C:\marmalade\6.4\s3e\edk\lib\android\libedk.a(IwDebug.o)
 .text.IwDebugTraceDisable
                0x00000000        0x0 C:\marmalade\6.4\s3e\edk\lib\android\libedk.a(IwDebug.o)
 .text.IwDebugAssertSetMessage
                0x00000000        0x0 C:\marmalade\6.4\s3e\edk\lib\android\libedk.a(IwDebug.o)
 .text.IwDebugAssertSetSolution
                0x00000000        0x0 C:\marmalade\6.4\s3e\edk\lib\android\libedk.a(IwDebug.o)
 .text.IwDebugAssertShow
                0x00000000        0x0 C:\marmalade\6.4\s3e\edk\lib\android\libedk.a(IwDebug.o)
 .text.IwDebugTraceChannelSwitch
                0x00000000        0x0 C:\marmalade\6.4\s3e\edk\lib\android\libedk.a(IwDebug.o)
 .note.GNU-stack
                0x00000000        0x0 C:\marmalade\6.4\s3e\edk\lib\android\libedk.a(IwDebug.o)
 .text          0x00000000        0x0 C:\marmalade\6.4\s3e\edk\lib\android\libedk.a(edk_helpers.o)
 .data          0x00000000        0x0 C:\marmalade\6.4\s3e\edk\lib\android\libedk.a(edk_helpers.o)
 .bss           0x00000000        0x0 C:\marmalade\6.4\s3e\edk\lib\android\libedk.a(edk_helpers.o)
 .text.s3eEdkThreadRunOnOSAsync
                0x00000000        0x0 C:\marmalade\6.4\s3e\edk\lib\android\libedk.a(edk_helpers.o)
 .text.s3eEdkErrorSetString
                0x00000000        0x0 C:\marmalade\6.4\s3e\edk\lib\android\libedk.a(edk_helpers.o)
 .note.GNU-stack
                0x00000000        0x0 C:\marmalade\6.4\s3e\edk\lib\android\libedk.a(edk_helpers.o)
 .data          0x00000000        0x0 c:/Users/John/tools/android-ndk-r8c/toolchains/arm-linux-androideabi-4.4.3/prebuilt/windows/bin/../lib/gcc/arm-linux-androideabi/4.4.3\libgcc.a(_aeabi_ldivmod.o)
 .bss           0x00000000        0x0 c:/Users/John/tools/android-ndk-r8c/toolchains/arm-linux-androideabi-4.4.3/prebuilt/windows/bin/../lib/gcc/arm-linux-androideabi/4.4.3\libgcc.a(_aeabi_ldivmod.o)
 .note.GNU-stack
                0x00000000        0x0 c:/Users/John/tools/android-ndk-r8c/toolchains/arm-linux-androideabi-4.4.3/prebuilt/windows/bin/../lib/gcc/arm-linux-androideabi/4.4.3\libgcc.a(_aeabi_ldivmod.o)
 .data          0x00000000        0x0 c:/Users/John/tools/android-ndk-r8c/toolchains/arm-linux-androideabi-4.4.3/prebuilt/windows/bin/../lib/gcc/arm-linux-androideabi/4.4.3\libgcc.a(bpabi.o)
 .bss           0x00000000        0x0 c:/Users/John/tools/android-ndk-r8c/toolchains/arm-linux-androideabi-4.4.3/prebuilt/windows/bin/../lib/gcc/arm-linux-androideabi/4.4.3\libgcc.a(bpabi.o)
 .ARM.extab     0x00000000        0x0 c:/Users/John/tools/android-ndk-r8c/toolchains/arm-linux-androideabi-4.4.3/prebuilt/windows/bin/../lib/gcc/arm-linux-androideabi/4.4.3\libgcc.a(bpabi.o)
 .note.GNU-stack
                0x00000000        0x0 c:/Users/John/tools/android-ndk-r8c/toolchains/arm-linux-androideabi-4.4.3/prebuilt/windows/bin/../lib/gcc/arm-linux-androideabi/4.4.3\libgcc.a(bpabi.o)
 .data          0x00000000        0x0 c:/Users/John/tools/android-ndk-r8c/toolchains/arm-linux-androideabi-4.4.3/prebuilt/windows/bin/../lib/gcc/arm-linux-androideabi/4.4.3\libgcc.a(unwind-arm.o)
 .bss           0x00000000        0x0 c:/Users/John/tools/android-ndk-r8c/toolchains/arm-linux-androideabi-4.4.3/prebuilt/windows/bin/../lib/gcc/arm-linux-androideabi/4.4.3\libgcc.a(unwind-arm.o)
 .note.GNU-stack
                0x00000000        0x0 c:/Users/John/tools/android-ndk-r8c/toolchains/arm-linux-androideabi-4.4.3/prebuilt/windows/bin/../lib/gcc/arm-linux-androideabi/4.4.3\libgcc.a(unwind-arm.o)
 .data          0x00000000        0x0 c:/Users/John/tools/android-ndk-r8c/toolchains/arm-linux-androideabi-4.4.3/prebuilt/windows/bin/../lib/gcc/arm-linux-androideabi/4.4.3\libgcc.a(libunwind.o)
 .bss           0x00000000        0x0 c:/Users/John/tools/android-ndk-r8c/toolchains/arm-linux-androideabi-4.4.3/prebuilt/windows/bin/../lib/gcc/arm-linux-androideabi/4.4.3\libgcc.a(libunwind.o)
 .note.GNU-stack
                0x00000000        0x0 c:/Users/John/tools/android-ndk-r8c/toolchains/arm-linux-androideabi-4.4.3/prebuilt/windows/bin/../lib/gcc/arm-linux-androideabi/4.4.3\libgcc.a(libunwind.o)
 .data          0x00000000        0x0 c:/Users/John/tools/android-ndk-r8c/toolchains/arm-linux-androideabi-4.4.3/prebuilt/windows/bin/../lib/gcc/arm-linux-androideabi/4.4.3\libgcc.a(pr-support.o)
 .bss           0x00000000        0x0 c:/Users/John/tools/android-ndk-r8c/toolchains/arm-linux-androideabi-4.4.3/prebuilt/windows/bin/../lib/gcc/arm-linux-androideabi/4.4.3\libgcc.a(pr-support.o)
 .ARM.extab     0x00000000        0x0 c:/Users/John/tools/android-ndk-r8c/toolchains/arm-linux-androideabi-4.4.3/prebuilt/windows/bin/../lib/gcc/arm-linux-androideabi/4.4.3\libgcc.a(pr-support.o)
 .note.GNU-stack
                0x00000000        0x0 c:/Users/John/tools/android-ndk-r8c/toolchains/arm-linux-androideabi-4.4.3/prebuilt/windows/bin/../lib/gcc/arm-linux-androideabi/4.4.3\libgcc.a(pr-support.o)
 .data          0x00000000        0x0 c:/Users/John/tools/android-ndk-r8c/toolchains/arm-linux-androideabi-4.4.3/prebuilt/windows/bin/../lib/gcc/arm-linux-androideabi/4.4.3\libgcc.a(_divdi3.o)
 .bss           0x00000000        0x0 c:/Users/John/tools/android-ndk-r8c/toolchains/arm-linux-androideabi-4.4.3/prebuilt/windows/bin/../lib/gcc/arm-linux-androideabi/4.4.3\libgcc.a(_divdi3.o)
 .ARM.extab     0x00000000        0x0 c:/Users/John/tools/android-ndk-r8c/toolchains/arm-linux-androideabi-4.4.3/prebuilt/windows/bin/../lib/gcc/arm-linux-androideabi/4.4.3\libgcc.a(_divdi3.o)
 .note.GNU-stack
                0x00000000        0x0 c:/Users/John/tools/android-ndk-r8c/toolchains/arm-linux-androideabi-4.4.3/prebuilt/windows/bin/../lib/gcc/arm-linux-androideabi/4.4.3\libgcc.a(_divdi3.o)
 .data          0x00000000        0x0 c:/Users/John/tools/android-ndk-r8c/toolchains/arm-linux-androideabi-4.4.3/prebuilt/windows/bin/../lib/gcc/arm-linux-androideabi/4.4.3\libgcc.a(_udivdi3.o)
 .bss           0x00000000        0x0 c:/Users/John/tools/android-ndk-r8c/toolchains/arm-linux-androideabi-4.4.3/prebuilt/windows/bin/../lib/gcc/arm-linux-androideabi/4.4.3\libgcc.a(_udivdi3.o)
 .ARM.extab     0x00000000        0x0 c:/Users/John/tools/android-ndk-r8c/toolchains/arm-linux-androideabi-4.4.3/prebuilt/windows/bin/../lib/gcc/arm-linux-androideabi/4.4.3\libgcc.a(_udivdi3.o)
 .note.GNU-stack
                0x00000000        0x0 c:/Users/John/tools/android-ndk-r8c/toolchains/arm-linux-androideabi-4.4.3/prebuilt/windows/bin/../lib/gcc/arm-linux-androideabi/4.4.3\libgcc.a(_udivdi3.o)
 .data          0x00000000        0x0 c:/Users/John/tools/android-ndk-r8c/toolchains/arm-linux-androideabi-4.4.3/prebuilt/windows/bin/../lib/gcc/arm-linux-androideabi/4.4.3\libgcc.a(_udivsi3.o)
 .bss           0x00000000        0x0 c:/Users/John/tools/android-ndk-r8c/toolchains/arm-linux-androideabi-4.4.3/prebuilt/windows/bin/../lib/gcc/arm-linux-androideabi/4.4.3\libgcc.a(_udivsi3.o)
 .note.GNU-stack
                0x00000000        0x0 c:/Users/John/tools/android-ndk-r8c/toolchains/arm-linux-androideabi-4.4.3/prebuilt/windows/bin/../lib/gcc/arm-linux-androideabi/4.4.3\libgcc.a(_udivsi3.o)
 .data          0x00000000        0x0 c:/Users/John/tools/android-ndk-r8c/toolchains/arm-linux-androideabi-4.4.3/prebuilt/windows/bin/../lib/gcc/arm-linux-androideabi/4.4.3\libgcc.a(_dvmd_lnx.o)
 .bss           0x00000000        0x0 c:/Users/John/tools/android-ndk-r8c/toolchains/arm-linux-androideabi-4.4.3/prebuilt/windows/bin/../lib/gcc/arm-linux-androideabi/4.4.3\libgcc.a(_dvmd_lnx.o)
 .note.GNU-stack
                0x00000000        0x0 c:/Users/John/tools/android-ndk-r8c/toolchains/arm-linux-androideabi-4.4.3/prebuilt/windows/bin/../lib/gcc/arm-linux-androideabi/4.4.3\libgcc.a(_dvmd_lnx.o)
 .text          0x00000000        0x0 C:/Users/John/tools/android-ndk-r8c/platforms/android-9/arch-arm/usr/lib/crtend_so.o
 .data          0x00000000        0x0 C:/Users/John/tools/android-ndk-r8c/platforms/android-9/arch-arm/usr/lib/crtend_so.o
 .bss           0x00000000        0x0 C:/Users/John/tools/android-ndk-r8c/platforms/android-9/arch-arm/usr/lib/crtend_so.o
 .note.GNU-stack
                0x00000000        0x0 C:/Users/John/tools/android-ndk-r8c/platforms/android-9/arch-arm/usr/lib/crtend_so.o

Memory Configuration

Name             Origin             Length             Attributes
*default*        0x00000000         0xffffffff

Linker script and memory map

LOAD C:/Users/John/tools/android-ndk-r8c/platforms/android-9/arch-arm/usr/lib/crtbegin_so.o
LOAD debug\s3eMATSDK_platform.os
LOAD debug\s3eMATSDK.os
LOAD debug\s3eMATSDK_register.os
LOAD C:\marmalade\6.4\s3e\edk\lib\android\libedk.a
LOAD C:\marmalade\6.4\s3e\edk\lib\android/libplaceholderplaceholderplaceholderplaceholderplaceholder.so
LOAD C:\Users\John\tools\android-ndk-r8c\platforms\android-9\arch-arm\usr\lib/liblog.so
LOAD C:\Users\John\tools\android-ndk-r8c\sources\cxx-stl\gnu-libstdc++\4.4.3\libs\armeabi\libgnustl_static.a
LOAD c:/Users/John/tools/android-ndk-r8c/toolchains/arm-linux-androideabi-4.4.3/prebuilt/windows/bin/../lib/gcc/arm-linux-androideabi/4.4.3\libgcc.a
LOAD C:\Users\John\tools\android-ndk-r8c\platforms\android-9\arch-arm\usr\lib/libstdc++.so
LOAD C:\Users\John\tools\android-ndk-r8c\platforms\android-9\arch-arm\usr\lib/libm.so
LOAD C:\Users\John\tools\android-ndk-r8c\platforms\android-9\arch-arm\usr\lib/libc.so
LOAD c:/Users/John/tools/android-ndk-r8c/toolchains/arm-linux-androideabi-4.4.3/prebuilt/windows/bin/../lib/gcc/arm-linux-androideabi/4.4.3\libgcc.a
LOAD C:\Users\John\tools\android-ndk-r8c\platforms\android-9\arch-arm\usr\lib/libc.so
LOAD C:\Users\John\tools\android-ndk-r8c\platforms\android-9\arch-arm\usr\lib/libdl.so
LOAD c:/Users/John/tools/android-ndk-r8c/toolchains/arm-linux-androideabi-4.4.3/prebuilt/windows/bin/../lib/gcc/arm-linux-androideabi/4.4.3\libgcc.a
LOAD C:/Users/John/tools/android-ndk-r8c/platforms/android-9/arch-arm/usr/lib/crtend_so.o
                0x000000f4                . = (0x0 + SIZEOF_HEADERS)

.note.gnu.build-id
 *(.note.gnu.build-id)

.hash           0x000000f4      0x298
 *(.hash)
 .hash          0x000000f4      0x298 C:/Users/John/tools/android-ndk-r8c/platforms/android-9/arch-arm/usr/lib/crtbegin_so.o

.gnu.hash
 *(.gnu.hash)

.dynsym         0x0000038c      0x610
 *(.dynsym)
 .dynsym        0x0000038c      0x610 C:/Users/John/tools/android-ndk-r8c/platforms/android-9/arch-arm/usr/lib/crtbegin_so.o

.dynstr         0x0000099c      0x627
 *(.dynstr)
 .dynstr        0x0000099c      0x627 C:/Users/John/tools/android-ndk-r8c/platforms/android-9/arch-arm/usr/lib/crtbegin_so.o

.gnu.version    0x00000fc4        0x0 load address 0x00000fc3
 *(.gnu.version)
 .gnu.version   0x00000000        0x0 C:/Users/John/tools/android-ndk-r8c/platforms/android-9/arch-arm/usr/lib/crtbegin_so.o

.gnu.version_d  0x00000fc4        0x0 load address 0x00000fc3
 *(.gnu.version_d)
 .gnu.version_d
                0x00000000        0x0 C:/Users/John/tools/android-ndk-r8c/platforms/android-9/arch-arm/usr/lib/crtbegin_so.o

.gnu.version_r  0x00000fc4        0x0 load address 0x00000fc3
 *(.gnu.version_r)
 .gnu.version_r
                0x00000000        0x0 C:/Users/John/tools/android-ndk-r8c/platforms/android-9/arch-arm/usr/lib/crtbegin_so.o

.rel.dyn        0x00000fc4      0x168
 *(.rel.init)
 *(.rel.text .rel.text.* .rel.gnu.linkonce.t.*)
 *(.rel.fini)
 *(.rel.rodata .rel.rodata.* .rel.gnu.linkonce.r.*)
 *(.rel.data.rel.ro* .rel.gnu.linkonce.d.rel.ro.*)
 *(.rel.data .rel.data.* .rel.gnu.linkonce.d.*)
 *(.rel.tdata .rel.tdata.* .rel.gnu.linkonce.td.*)
 *(.rel.tbss .rel.tbss.* .rel.gnu.linkonce.tb.*)
 *(.rel.ctors)
 *(.rel.dtors)
 *(.rel.got)
 .rel.got       0x00000fc4      0x158 C:/Users/John/tools/android-ndk-r8c/platforms/android-9/arch-arm/usr/lib/crtbegin_so.o
 *(.rel.bss .rel.bss.* .rel.gnu.linkonce.b.*)
 .rel.fini_array
                0x0000111c        0x8 C:/Users/John/tools/android-ndk-r8c/platforms/android-9/arch-arm/usr/lib/crtbegin_so.o
 .rel.init_array
                0x00001124        0x8 C:/Users/John/tools/android-ndk-r8c/platforms/android-9/arch-arm/usr/lib/crtbegin_so.o

.rela.dyn
 *(.rela.init)
 *(.rela.text .rela.text.* .rela.gnu.linkonce.t.*)
 *(.rela.fini)
 *(.rela.rodata .rela.rodata.* .rela.gnu.linkonce.r.*)
 *(.rela.data .rela.data.* .rela.gnu.linkonce.d.*)
 *(.rela.tdata .rela.tdata.* .rela.gnu.linkonce.td.*)
 *(.rela.tbss .rela.tbss.* .rela.gnu.linkonce.tb.*)
 *(.rela.ctors)
 *(.rela.dtors)
 *(.rela.got)
 *(.rela.bss .rela.bss.* .rela.gnu.linkonce.b.*)

.rel.plt        0x0000112c       0xa8
 *(.rel.plt)
 .rel.plt       0x0000112c       0xa8 C:/Users/John/tools/android-ndk-r8c/platforms/android-9/arch-arm/usr/lib/crtbegin_so.o

.rela.plt
 *(.rela.plt)

.init
 *(.init)

.plt            0x000011d4      0x110
 *(.plt)
 .plt           0x000011d4      0x110 C:/Users/John/tools/android-ndk-r8c/platforms/android-9/arch-arm/usr/lib/crtbegin_so.o

.text           0x000012e4     0x5cf4
 *(.text .stub .text.* .gnu.linkonce.t.*)
 .text.exit     0x000012e4       0x10 C:/Users/John/tools/android-ndk-r8c/platforms/android-9/arch-arm/usr/lib/crtbegin_so.o
                0x000012e4                __on_dlclose
 .text._ZN7_JNIEnv9FindClassEPKc
                0x000012f4       0x38 debug\s3eMATSDK_platform.os
                0x000012f4                _JNIEnv::FindClass(char const*)
 .text._ZN7_JNIEnv17ExceptionOccurredEv
                0x0000132c       0x30 debug\s3eMATSDK_platform.os
                0x0000132c                _JNIEnv::ExceptionOccurred()
 .text._ZN7_JNIEnv17ExceptionDescribeEv
                0x0000135c       0x28 debug\s3eMATSDK_platform.os
                0x0000135c                _JNIEnv::ExceptionDescribe()
 .text._ZN7_JNIEnv14ExceptionClearEv
                0x00001384       0x28 debug\s3eMATSDK_platform.os
                0x00001384                _JNIEnv::ExceptionClear()
 .text._ZN7_JNIEnv12NewGlobalRefEP8_jobject
                0x000013ac       0x38 debug\s3eMATSDK_platform.os
                0x000013ac                _JNIEnv::NewGlobalRef(_jobject*)
 .text._ZN7_JNIEnv15DeleteGlobalRefEP8_jobject
                0x000013e4       0x30 debug\s3eMATSDK_platform.os
                0x000013e4                _JNIEnv::DeleteGlobalRef(_jobject*)
 .text._ZN7_JNIEnv14DeleteLocalRefEP8_jobject
                0x00001414       0x30 debug\s3eMATSDK_platform.os
                0x00001414                _JNIEnv::DeleteLocalRef(_jobject*)
 .text._ZN7_JNIEnv9NewObjectEP7_jclassP10_jmethodIDz
                0x00001444       0x5c debug\s3eMATSDK_platform.os
                0x00001444                _JNIEnv::NewObject(_jclass*, _jmethodID*, ...)
 .text._ZN7_JNIEnv11GetMethodIDEP7_jclassPKcS3_
                0x000014a0       0x48 debug\s3eMATSDK_platform.os
                0x000014a0                _JNIEnv::GetMethodID(_jclass*, char const*, char const*)
 .text._ZN7_JNIEnv17CallBooleanMethodEP8_jobjectP10_jmethodIDz
                0x000014e8       0x5c debug\s3eMATSDK_platform.os
                0x000014e8                _JNIEnv::CallBooleanMethod(_jobject*, _jmethodID*, ...)
 .text._ZN7_JNIEnv14CallVoidMethodEP8_jobjectP10_jmethodIDz
                0x00001544       0x4c debug\s3eMATSDK_platform.os
                0x00001544                _JNIEnv::CallVoidMethod(_jobject*, _jmethodID*, ...)
 .text._ZN7_JNIEnv12NewStringUTFEPKc
                0x00001590       0x38 debug\s3eMATSDK_platform.os
                0x00001590                _JNIEnv::NewStringUTF(char const*)
 .text._ZN7_JavaVM6GetEnvEPPvi
                0x000015c8       0x40 debug\s3eMATSDK_platform.os
                0x000015c8                _JavaVM::GetEnv(void**, int)
 .text._ZL15s3eEdkJNIGetEnvv
                0x00001608       0x44 debug\s3eMATSDK_platform.os
 .text._ZL27s3eEdkAndroidFindClass_realPKc
                0x0000164c       0xa4 debug\s3eMATSDK_platform.os
 .text._ZL22s3eEdkAndroidFindClassPKc
                0x000016f0       0x38 debug\s3eMATSDK_platform.os
 .text._Z19MATSDKInit_platformv
                0x00001728      0x928 debug\s3eMATSDK_platform.os
                0x00001728                MATSDKInit_platform()
 .text._Z24MATSDKTerminate_platformv
                0x00002050        0x4 debug\s3eMATSDK_platform.os
                0x00002050                MATSDKTerminate_platform()
 .text._Z33MATStartMobileAppTracker_platformPKcS0_
                0x00002054       0xa8 debug\s3eMATSDK_platform.os
                0x00002054                MATStartMobileAppTracker_platform(char const*, char const*)
 .text._Z25MATSDKParameters_platformv
                0x000020fc       0x4c debug\s3eMATSDK_platform.os
                0x000020fc                MATSDKParameters_platform()
 .text._Z24MATTrackInstall_platformv
                0x00002148       0x4c debug\s3eMATSDK_platform.os
                0x00002148                MATTrackInstall_platform()
 .text._Z23MATTrackUpdate_platformv
                0x00002194       0x4c debug\s3eMATSDK_platform.os
                0x00002194                MATTrackUpdate_platform()
 .text._Z39MATTrackInstallWithReferenceId_platformPKc
                0x000021e0       0x78 debug\s3eMATSDK_platform.os
                0x000021e0                MATTrackInstallWithReferenceId_platform(char const*)
 .text._Z39MATTrackActionForEventIdOrName_platformPKcbS0_
                0x00002258       0xb8 debug\s3eMATSDK_platform.os
                0x00002258                MATTrackActionForEventIdOrName_platform(char const*, bool, char const*)
 .text._Z23MATTrackAction_platformPKcbS0_S0_
                0x00002310       0xe8 debug\s3eMATSDK_platform.os
                0x00002310                MATTrackAction_platform(char const*, bool, char const*, char const*)
 .text._Z44MATTrackActionForEventIdOrNameItems_platformPKcbPK8MATArrayS0_S0_S0_hS0_S0_
                0x000023f8      0x534 debug\s3eMATSDK_platform.os
                0x000023f8                MATTrackActionForEventIdOrNameItems_platform(char const*, bool, MATArray const*, char const*, char const*, char const*, unsigned char, char const*, char const*)
 .text._Z33MATStartAppToAppTracking_platformPKcS0_S0_S0_b
                0x0000292c      0x110 debug\s3eMATSDK_platform.os
                0x0000292c                MATStartAppToAppTracking_platform(char const*, char const*, char const*, char const*, bool)
 .text._Z26MATSetPackageName_platformPKc
                0x00002a3c       0x78 debug\s3eMATSDK_platform.os
                0x00002a3c                MATSetPackageName_platform(char const*)
 .text._Z27MATSetCurrencyCode_platformPKc
                0x00002ab4       0x78 debug\s3eMATSDK_platform.os
                0x00002ab4                MATSetCurrencyCode_platform(char const*)
 .text._Z21MATSetUserId_platformPKc
                0x00002b2c       0x78 debug\s3eMATSDK_platform.os
                0x00002b2c                MATSetUserId_platform(char const*)
 .text._Z22MATSetRevenue_platformPKc
                0x00002ba4       0x54 debug\s3eMATSDK_platform.os
                0x00002ba4                MATSetRevenue_platform(char const*)
 .text._Z21MATSetSiteId_platformPKc
                0x00002bf8       0x78 debug\s3eMATSDK_platform.os
                0x00002bf8                MATSetSiteId_platform(char const*)
 .text._Z23MATSetTRUSTeId_platformPKc
                0x00002c70       0x78 debug\s3eMATSDK_platform.os
                0x00002c70                MATSetTRUSTeId_platform(char const*)
 .text._Z24MATSetDebugMode_platformb
                0x00002ce8       0x50 debug\s3eMATSDK_platform.os
                0x00002ce8                MATSetDebugMode_platform(bool)
 .text._Z30MATSetAllowDuplicates_platformb
                0x00002d38       0x50 debug\s3eMATSDK_platform.os
                0x00002d38                MATSetAllowDuplicates_platform(bool)
 .text._Z18MATSetAge_platformi
                0x00002d88       0x54 debug\s3eMATSDK_platform.os
                0x00002d88                MATSetAge_platform(int)
 .text._Z21MATSetGender_platformi
                0x00002ddc       0x54 debug\s3eMATSDK_platform.os
                0x00002ddc                MATSetGender_platform(int)
 .text._Z23MATSetLocation_platformPKcS0_S0_
                0x00002e30       0x6c debug\s3eMATSDK_platform.os
                0x00002e30                MATSetLocation_platform(char const*, char const*, char const*)
 .text._Z41MATSetAppleAdvertisingIdentifier_platformPKc
                0x00002e9c       0x10 debug\s3eMATSDK_platform.os
                0x00002e9c                MATSetAppleAdvertisingIdentifier_platform(char const*)
 .text._Z36MATSetAppleVendorIdentifier_platformPKc
                0x00002eac       0x10 debug\s3eMATSDK_platform.os
                0x00002eac                MATSetAppleVendorIdentifier_platform(char const*)
 .text._Z28MATSetAppAdTracking_platformb
                0x00002ebc       0x14 debug\s3eMATSDK_platform.os
                0x00002ebc                MATSetAppAdTracking_platform(bool)
 .text._Z23MATSetDelegate_platformb
                0x00002ed0       0x14 debug\s3eMATSDK_platform.os
                0x00002ed0                MATSetDelegate_platform(bool)
 .text._Z25MATSetJailbroken_platformb
                0x00002ee4       0x14 debug\s3eMATSDK_platform.os
                0x00002ee4                MATSetJailbroken_platform(bool)
 .text._Z23MATSetOpenUDID_platformPKc
                0x00002ef8       0x10 debug\s3eMATSDK_platform.os
                0x00002ef8                MATSetOpenUDID_platform(char const*)
 .text._Z26MATSetRedirectUrl_platformPKc
                0x00002f08       0x10 debug\s3eMATSDK_platform.os
                0x00002f08                MATSetRedirectUrl_platform(char const*)
 .text._Z41MATSetShouldAutoDetectJailbroken_platformb
                0x00002f18       0x14 debug\s3eMATSDK_platform.os
                0x00002f18                MATSetShouldAutoDetectJailbroken_platform(bool)
 .text._Z59MATSetShouldAutoGenerateAppleAdvertisingIdentifier_platformb
                0x00002f2c       0x14 debug\s3eMATSDK_platform.os
                0x00002f2c                MATSetShouldAutoGenerateAppleAdvertisingIdentifier_platform(bool)
 .text._Z54MATSetShouldAutoGenerateAppleVendorIdentifier_platformb
                0x00002f40       0x14 debug\s3eMATSDK_platform.os
                0x00002f40                MATSetShouldAutoGenerateAppleVendorIdentifier_platform(bool)
 .text._Z25MATSetMACAddress_platformPKc
                0x00002f54       0x10 debug\s3eMATSDK_platform.os
                0x00002f54                MATSetMACAddress_platform(char const*)
 .text._Z20MATSetODIN1_platformPKc
                0x00002f64       0x10 debug\s3eMATSDK_platform.os
                0x00002f64                MATSetODIN1_platform(char const*)
 .text._Z19MATSetUIID_platformPKc
                0x00002f74       0x10 debug\s3eMATSDK_platform.os
                0x00002f74                MATSetUIID_platform(char const*)
 .text._Z32MATSetUseCookieTracking_platformb
                0x00002f84       0x14 debug\s3eMATSDK_platform.os
                0x00002f84                MATSetUseCookieTracking_platform(bool)
 .text._Z13s3eMATSDKInitv
                0x00002f98       0x14 debug\s3eMATSDK.os
                0x00002f98                s3eMATSDKInit()
 .text._Z18s3eMATSDKTerminatev
                0x00002fac        0xc debug\s3eMATSDK.os
                0x00002fac                s3eMATSDKTerminate()
 .text.MATStartMobileAppTracker
                0x00002fb8       0x24 debug\s3eMATSDK.os
                0x00002fb8                MATStartMobileAppTracker
 .text.MATSDKParameters
                0x00002fdc        0xc debug\s3eMATSDK.os
                0x00002fdc                MATSDKParameters
 .text.MATTrackInstall
                0x00002fe8        0xc debug\s3eMATSDK.os
                0x00002fe8                MATTrackInstall
 .text.MATTrackUpdate
                0x00002ff4        0xc debug\s3eMATSDK.os
                0x00002ff4                MATTrackUpdate
 .text.MATTrackInstallWithReferenceId
                0x00003000       0x1c debug\s3eMATSDK.os
                0x00003000                MATTrackInstallWithReferenceId
 .text.MATTrackActionForEventIdOrName
                0x0000301c       0x34 debug\s3eMATSDK.os
                0x0000301c                MATTrackActionForEventIdOrName
 .text.MATTrackActionForEventIdOrNameItems
                0x00003050       0x64 debug\s3eMATSDK.os
                0x00003050                MATTrackActionForEventIdOrNameItems
 .text.MATTrackAction
                0x000030b4       0x3c debug\s3eMATSDK.os
                0x000030b4                MATTrackAction
 .text.MATStartAppToAppTracking
                0x000030f0       0x3c debug\s3eMATSDK.os
                0x000030f0                MATStartAppToAppTracking
 .text.MATSetPackageName
                0x0000312c       0x1c debug\s3eMATSDK.os
                0x0000312c                MATSetPackageName
 .text.MATSetCurrencyCode
                0x00003148       0x1c debug\s3eMATSDK.os
                0x00003148                MATSetCurrencyCode
 .text.MATSetJailbroken
                0x00003164       0x24 debug\s3eMATSDK.os
                0x00003164                MATSetJailbroken
 .text.MATSetOpenUDID
                0x00003188       0x1c debug\s3eMATSDK.os
                0x00003188                MATSetOpenUDID
 .text.MATSetUserId
                0x000031a4       0x1c debug\s3eMATSDK.os
                0x000031a4                MATSetUserId
 .text.MATSetRevenue
                0x000031c0       0x1c debug\s3eMATSDK.os
                0x000031c0                MATSetRevenue
 .text.MATSetSiteId
                0x000031dc       0x1c debug\s3eMATSDK.os
                0x000031dc                MATSetSiteId
 .text.MATSetTRUSTeId
                0x000031f8       0x1c debug\s3eMATSDK.os
                0x000031f8                MATSetTRUSTeId
 .text.MATSetAppAdTracking
                0x00003214       0x24 debug\s3eMATSDK.os
                0x00003214                MATSetAppAdTracking
 .text.MATSetDelegate
                0x00003238       0x24 debug\s3eMATSDK.os
                0x00003238                MATSetDelegate
 .text.MATSetDebugMode
                0x0000325c       0x24 debug\s3eMATSDK.os
                0x0000325c                MATSetDebugMode
 .text.MATSetAllowDuplicates
                0x00003280       0x24 debug\s3eMATSDK.os
                0x00003280                MATSetAllowDuplicates
 .text.MATSetShouldAutoDetectJailbroken
                0x000032a4       0x24 debug\s3eMATSDK.os
                0x000032a4                MATSetShouldAutoDetectJailbroken
 .text.MATSetMACAddress
                0x000032c8       0x1c debug\s3eMATSDK.os
                0x000032c8                MATSetMACAddress
 .text.MATSetODIN1
                0x000032e4       0x1c debug\s3eMATSDK.os
                0x000032e4                MATSetODIN1
 .text.MATSetUIID
                0x00003300       0x1c debug\s3eMATSDK.os
                0x00003300                MATSetUIID
 .text.MATSetShouldAutoGenerateAppleVendorIdentifier
                0x0000331c       0x24 debug\s3eMATSDK.os
                0x0000331c                MATSetShouldAutoGenerateAppleVendorIdentifier
 .text.MATSetShouldAutoGenerateAppleAdvertisingIdentifier
                0x00003340       0x24 debug\s3eMATSDK.os
                0x00003340                MATSetShouldAutoGenerateAppleAdvertisingIdentifier
 .text.MATSetUseCookieTracking
                0x00003364       0x24 debug\s3eMATSDK.os
                0x00003364                MATSetUseCookieTracking
 .text.MATSetRedirectUrl
                0x00003388       0x1c debug\s3eMATSDK.os
                0x00003388                MATSetRedirectUrl
 .text.MATSetAppleAdvertisingIdentifier
                0x000033a4       0x1c debug\s3eMATSDK.os
                0x000033a4                MATSetAppleAdvertisingIdentifier
 .text.MATSetAppleVendorIdentifier
                0x000033c0       0x1c debug\s3eMATSDK.os
                0x000033c0                MATSetAppleVendorIdentifier
 .text.MATSetAge
                0x000033dc       0x1c debug\s3eMATSDK.os
                0x000033dc                MATSetAge
 .text.MATSetGender
                0x000033f8       0x1c debug\s3eMATSDK.os
                0x000033f8                MATSetGender
 .text.MATSetLocation
                0x00003414       0x2c debug\s3eMATSDK.os
                0x00003414                MATSetLocation
 .text._ZL29MATStartMobileAppTracker_wrapPKcS0_
                0x00003440       0xa0 debug\s3eMATSDK_register.os
 .text._ZL20MATTrackInstall_wrapv
                0x000034e0       0x88 debug\s3eMATSDK_register.os
 .text._ZL19MATTrackUpdate_wrapv
                0x00003568       0x88 debug\s3eMATSDK_register.os
 .text._ZL35MATTrackInstallWithReferenceId_wrapPKc
                0x000035f0       0x98 debug\s3eMATSDK_register.os
 .text._ZL35MATTrackActionForEventIdOrName_wrapPKcbS0_
                0x00003688       0xb4 debug\s3eMATSDK_register.os
 .text._ZL40MATTrackActionForEventIdOrNameItems_wrapPKcbPK8MATArrayS0_S0_S0_hS0_S0_
                0x0000373c       0xe8 debug\s3eMATSDK_register.os
 .text._ZL19MATTrackAction_wrapPKcbS0_S0_
                0x00003824       0xc0 debug\s3eMATSDK_register.os
 .text._ZL22MATSetPackageName_wrapPKc
                0x000038e4       0x98 debug\s3eMATSDK_register.os
 .text._ZL23MATSetCurrencyCode_wrapPKc
                0x0000397c       0x98 debug\s3eMATSDK_register.os
 .text._ZL19MATSetOpenUDID_wrapPKc
                0x00003a14       0x98 debug\s3eMATSDK_register.os
 .text._ZL15MATSetUIID_wrapPKc
                0x00003aac       0x98 debug\s3eMATSDK_register.os
 .text._ZL17MATSetUserId_wrapPKc
                0x00003b44       0x98 debug\s3eMATSDK_register.os
 .text._ZL18MATSetRevenue_wrapPKc
                0x00003bdc       0x98 debug\s3eMATSDK_register.os
 .text._ZL17MATSetSiteId_wrapPKc
                0x00003c74       0x98 debug\s3eMATSDK_register.os
 .text._ZL19MATSetTRUSTeId_wrapPKc
                0x00003d0c       0x98 debug\s3eMATSDK_register.os
 .text._ZL24MATSetAppAdTracking_wrapb
                0x00003da4       0xa4 debug\s3eMATSDK_register.os
 .text._ZL19MATSetDelegate_wrapb
                0x00003e48       0xa4 debug\s3eMATSDK_register.os
 .text._ZL21MATSetJailbroken_wrapb
                0x00003eec       0xa4 debug\s3eMATSDK_register.os
 .text._ZL37MATSetShouldAutoDetectJailbroken_wrapb
                0x00003f90       0xa4 debug\s3eMATSDK_register.os
 .text._ZL21MATSetMACAddress_wrapPKc
                0x00004034       0x98 debug\s3eMATSDK_register.os
 .text._ZL16MATSetODIN1_wrapPKc
                0x000040cc       0x98 debug\s3eMATSDK_register.os
 .text._ZL28MATSetUseCookieTracking_wrapb
                0x00004164       0xa4 debug\s3eMATSDK_register.os
 .text._ZL14MATSetAge_wrapi
                0x00004208       0x98 debug\s3eMATSDK_register.os
 .text._ZL17MATSetGender_wrapi
                0x000042a0       0x98 debug\s3eMATSDK_register.os
 .text._ZL19MATSetLocation_wrapPKcS0_S0_
                0x00004338       0xac debug\s3eMATSDK_register.os
 .text._ZL29MATStartAppToAppTracking_wrapPKcS0_S0_S0_b
                0x000043e4       0xc0 debug\s3eMATSDK_register.os
 .text._ZL22MATSetRedirectUrl_wrapPKc
                0x000044a4       0x98 debug\s3eMATSDK_register.os
 .text._ZL37MATSetAppleAdvertisingIdentifier_wrapPKc
                0x0000453c       0x98 debug\s3eMATSDK_register.os
 .text._ZL32MATSetAppleVendorIdentifier_wrapPKc
                0x000045d4       0x98 debug\s3eMATSDK_register.os
 .text._ZL50MATSetShouldAutoGenerateAppleVendorIdentifier_wrapb
                0x0000466c       0xa4 debug\s3eMATSDK_register.os
 .text._ZL55MATSetShouldAutoGenerateAppleAdvertisingIdentifier_wrapb
                0x00004710       0xa4 debug\s3eMATSDK_register.os
 .text._ZL21MATSDKParameters_wrapv
                0x000047b4       0x88 debug\s3eMATSDK_register.os
 .text._ZL20MATSetDebugMode_wrapb
                0x0000483c       0xa4 debug\s3eMATSDK_register.os
 .text._ZL26MATSetAllowDuplicates_wrapb
                0x000048e0       0xa4 debug\s3eMATSDK_register.os
 .text._Z20s3eMATSDKRegisterExtv
                0x00004984      0x2a4 debug\s3eMATSDK_register.os
                0x00004984                s3eMATSDKRegisterExt()
 .text.RegisterExt
                0x00004c28        0xc debug\s3eMATSDK_register.os
                0x00004c28                RegisterExt
 .text.IwDebugTraceSetTraceChannel
                0x00004c34       0x1c C:\marmalade\6.4\s3e\edk\lib\android\libedk.a(IwDebug.o)
                0x00004c34                IwDebugTraceSetTraceChannel
 .text._GLOBAL__I_Z__sdk_modules_iwcore_source_IwDebug.cpp
                0x00004c50       0xa4 C:\marmalade\6.4\s3e\edk\lib\android\libedk.a(IwDebug.o)
 .text.IwDebugTraceIsChannelOn
                0x00004cf4      0x2b8 C:\marmalade\6.4\s3e\edk\lib\android\libedk.a(IwDebug.o)
                0x00004cf4                IwDebugTraceIsChannelOn
 .text.IwDebugTraceLinePrintf
                0x00004fac      0x10c C:\marmalade\6.4\s3e\edk\lib\android\libedk.a(IwDebug.o)
                0x00004fac                IwDebugTraceLinePrintf
 .text.s3eEdkThreadRunOnOS
                0x000050b8       0x30 C:\marmalade\6.4\s3e\edk\lib\android\libedk.a(edk_helpers.o)
                0x000050b8                s3eEdkThreadRunOnOS
 .text          0x000050e8       0x1c c:/Users/John/tools/android-ndk-r8c/toolchains/arm-linux-androideabi-4.4.3/prebuilt/windows/bin/../lib/gcc/arm-linux-androideabi/4.4.3\libgcc.a(_aeabi_ldivmod.o)
                0x000050e8                __aeabi_ldivmod
 .text          0x00005104       0x88 c:/Users/John/tools/android-ndk-r8c/toolchains/arm-linux-androideabi-4.4.3/prebuilt/windows/bin/../lib/gcc/arm-linux-androideabi/4.4.3\libgcc.a(bpabi.o)
                0x00005104                __gnu_uldivmod_helper
                0x00005148                __gnu_ldivmod_helper
 .text          0x0000518c      0xec4 c:/Users/John/tools/android-ndk-r8c/toolchains/arm-linux-androideabi-4.4.3/prebuilt/windows/bin/../lib/gcc/arm-linux-androideabi/4.4.3\libgcc.a(unwind-arm.o)
                0x00005bb4                __gnu_Unwind_RaiseException
                0x0000570c                __aeabi_unwind_cpp_pr0
                0x0000523c                _Unwind_GetCFA
                0x000051d8                _Unwind_VRS_Set
                0x00005950                __gnu_Unwind_Backtrace
                0x00005ce4                _Unwind_VRS_Pop
                0x000056fc                __aeabi_unwind_cpp_pr2
                0x00005248                _Unwind_DeleteException
                0x00005244                _Unwind_Complete
                0x00005c78                __gnu_Unwind_Resume
                0x00005b40                __gnu_Unwind_ForcedUnwind
                0x00005c58                __gnu_Unwind_Resume_or_Rethrow
                0x0000518c                _Unwind_VRS_Get
                0x00005704                __aeabi_unwind_cpp_pr1
 .text          0x00006050      0x1a8 c:/Users/John/tools/android-ndk-r8c/toolchains/arm-linux-androideabi-4.4.3/prebuilt/windows/bin/../lib/gcc/arm-linux-androideabi/4.4.3\libgcc.a(libunwind.o)
                0x000061b0                ___Unwind_ForcedUnwind
                0x0000606c                __gnu_Unwind_Save_VFP
                0x0000618c                _Unwind_Resume_or_Rethrow
                0x0000618c                ___Unwind_Resume_or_Rethrow
                0x000061d4                _Unwind_Backtrace
                0x00006050                __restore_core_regs
                0x0000608c                __gnu_Unwind_Save_VFP_D_16_to_31
                0x0000607c                __gnu_Unwind_Save_VFP_D
                0x000061d4                ___Unwind_Backtrace
                0x00006144                ___Unwind_RaiseException
                0x00006168                ___Unwind_Resume
                0x00006094                __gnu_Unwind_Restore_WMMXD
                0x00006064                __gnu_Unwind_Restore_VFP
                0x00006168                _Unwind_Resume
                0x00006074                __gnu_Unwind_Restore_VFP_D
                0x00006084                __gnu_Unwind_Restore_VFP_D_16_to_31
                0x00006144                _Unwind_RaiseException
                0x00006050                restore_core_regs
                0x00006130                __gnu_Unwind_Save_WMMXC
                0x0000611c                __gnu_Unwind_Restore_WMMXC
                0x000061b0                _Unwind_ForcedUnwind
                0x000060d8                __gnu_Unwind_Save_WMMXD
 .text          0x000061f8      0x484 c:/Users/John/tools/android-ndk-r8c/toolchains/arm-linux-androideabi-4.4.3/prebuilt/windows/bin/../lib/gcc/arm-linux-androideabi/4.4.3\libgcc.a(pr-support.o)
                0x00006298                _Unwind_GetRegionStart
                0x000062c4                __gnu_unwind_execute
                0x00006250                _Unwind_GetTextRelBase
                0x00006260                _Unwind_GetLanguageSpecificData
                0x0000663c                __gnu_unwind_frame
                0x00006258                _Unwind_GetDataRelBase
 .text          0x0000667c      0x47c c:/Users/John/tools/android-ndk-r8c/toolchains/arm-linux-androideabi-4.4.3/prebuilt/windows/bin/../lib/gcc/arm-linux-androideabi/4.4.3\libgcc.a(_divdi3.o)
                0x0000667c                __divdi3
 .text          0x00006af8      0x40c c:/Users/John/tools/android-ndk-r8c/toolchains/arm-linux-androideabi-4.4.3/prebuilt/windows/bin/../lib/gcc/arm-linux-androideabi/4.4.3\libgcc.a(_udivdi3.o)
                0x00006af8                __udivdi3
 .text          0x00006f04       0xc4 c:/Users/John/tools/android-ndk-r8c/toolchains/arm-linux-androideabi-4.4.3/prebuilt/windows/bin/../lib/gcc/arm-linux-androideabi/4.4.3\libgcc.a(_udivsi3.o)
                0x00006f04                __udivsi3
                0x00006f04                __aeabi_uidiv
                0x00006fb0                __aeabi_uidivmod
 .text          0x00006fc8       0x10 c:/Users/John/tools/android-ndk-r8c/toolchains/arm-linux-androideabi-4.4.3/prebuilt/windows/bin/../lib/gcc/arm-linux-androideabi/4.4.3\libgcc.a(_dvmd_lnx.o)
                0x00006fc8                __div0
 *(.gnu.warning)
 *(.glue_7t)
 .glue_7t       0x00000000        0x0 linker stubs
 *(.glue_7)
 .glue_7        0x00000000        0x0 linker stubs
 *(.vfp11_veneer)
 .vfp11_veneer  0x00000000        0x0 linker stubs
 *(.v4_bx)
 .v4_bx         0x00000000        0x0 linker stubs

.fini
 *(.fini)
                0x00006fd8                PROVIDE (__etext, .)
                0x00006fd8                PROVIDE (_etext, .)
                0x00006fd8                PROVIDE (etext, .)

.rodata         0x00006fd8      0xdbc
 *(.rodata .rodata.* .gnu.linkonce.r.*)
 .rodata        0x00006fd8      0x458 debug\s3eMATSDK_platform.os
 .rodata        0x00007430      0x848 debug\s3eMATSDK_register.os
 .rodata.str1.4
                0x00007c78      0x11c C:\marmalade\6.4\s3e\edk\lib\android\libedk.a(IwDebug.o)
                                0x120 (size before relaxing)

.rodata1
 *(.rodata1)

.ARM.extab      0x00007d94       0x24
 *(.ARM.extab* .gnu.linkonce.armextab.*)
 .ARM.extab     0x00007d94       0x24 c:/Users/John/tools/android-ndk-r8c/toolchains/arm-linux-androideabi-4.4.3/prebuilt/windows/bin/../lib/gcc/arm-linux-androideabi/4.4.3\libgcc.a(unwind-arm.o)
                0x00007db8                __exidx_start = .

.ARM.exidx      0x00007db8       0xf8
 *(.ARM.exidx* .gnu.linkonce.armexidx.*)
 .ARM.exidx     0x00007db8       0x10 c:/Users/John/tools/android-ndk-r8c/toolchains/arm-linux-androideabi-4.4.3/prebuilt/windows/bin/../lib/gcc/arm-linux-androideabi/4.4.3\libgcc.a(bpabi.o)
 .ARM.exidx     0x00007dc8       0xa0 c:/Users/John/tools/android-ndk-r8c/toolchains/arm-linux-androideabi-4.4.3/prebuilt/windows/bin/../lib/gcc/arm-linux-androideabi/4.4.3\libgcc.a(unwind-arm.o)
 .ARM.exidx     0x00007e68       0x38 c:/Users/John/tools/android-ndk-r8c/toolchains/arm-linux-androideabi-4.4.3/prebuilt/windows/bin/../lib/gcc/arm-linux-androideabi/4.4.3\libgcc.a(pr-support.o)
 .ARM.exidx     0x00007ea0        0x8 c:/Users/John/tools/android-ndk-r8c/toolchains/arm-linux-androideabi-4.4.3/prebuilt/windows/bin/../lib/gcc/arm-linux-androideabi/4.4.3\libgcc.a(_divdi3.o)
 .ARM.exidx     0x00007ea8        0x8 c:/Users/John/tools/android-ndk-r8c/toolchains/arm-linux-androideabi-4.4.3/prebuilt/windows/bin/../lib/gcc/arm-linux-androideabi/4.4.3\libgcc.a(_udivdi3.o)
                0x00007eb0                __exidx_end = .

.eh_frame_hdr
 *(.eh_frame_hdr)

.eh_frame
 *(.eh_frame)

.gcc_except_table
 *(.gcc_except_table .gcc_except_table.*)
                0x00007eb0                . = (ALIGN (0x1000) - ((0x1000 - .) & 0xfff))
                0x00008e0c                . = (0x1000 DATA_SEGMENT_ALIGN 0x1000)

.eh_frame
 *(.eh_frame)

.gcc_except_table
 *(.gcc_except_table .gcc_except_table.*)

.tdata
 *(.tdata .tdata.* .gnu.linkonce.td.*)

.tbss
 *(.tbss .tbss.* .gnu.linkonce.tb.*)
 *(.tcommon)

.preinit_array
 *(.preinit_array)

.init_array     0x00008e0c        0x8
 *(SORT(.init_array.*))
 *(.init_array)
 .init_array    0x00008e0c        0x4 C:\marmalade\6.4\s3e\edk\lib\android\libedk.a(IwDebug.o)
 .init_array    0x00008e10        0x4 C:/Users/John/tools/android-ndk-r8c/platforms/android-9/arch-arm/usr/lib/crtend_so.o

.fini_array     0x00008e14        0x8
 *(.fini_array)
 .fini_array    0x00008e14        0x4 C:/Users/John/tools/android-ndk-r8c/platforms/android-9/arch-arm/usr/lib/crtbegin_so.o
 .fini_array    0x00008e18        0x4 C:/Users/John/tools/android-ndk-r8c/platforms/android-9/arch-arm/usr/lib/crtend_so.o
 *(SORT(.fini_array.*))

.ctors
 *crtbegin.o(.ctors)
 *crtbegin?.o(.ctors)
 *(EXCLUDE_FILE(*crtend?.o *crtend.o) .ctors)
 *(SORT(.ctors.*))
 *(.ctors)

.dtors
 *crtbegin.o(.dtors)
 *crtbegin?.o(.dtors)
 *(EXCLUDE_FILE(*crtend?.o *crtend.o) .dtors)
 *(SORT(.dtors.*))
 *(.dtors)

.jcr
 *(.jcr)

.data.rel.ro
 *(.data.rel.ro.local* .gnu.linkonce.d.rel.ro.local.*)
 *(.data.rel.ro* .gnu.linkonce.d.rel.ro.*)

.dynamic        0x00008e1c       0xd8
 *(.dynamic)
 .dynamic       0x00008e1c       0xd8 C:/Users/John/tools/android-ndk-r8c/platforms/android-9/arch-arm/usr/lib/crtbegin_so.o
                0x00008e1c                _DYNAMIC

.got            0x00008ef4      0x10c
 *(.got.plt)
 .got.plt       0x00008ef4       0x60 C:/Users/John/tools/android-ndk-r8c/platforms/android-9/arch-arm/usr/lib/crtbegin_so.o
                0x00008ef4                _GLOBAL_OFFSET_TABLE_
 *(.got)
 .got           0x00008f54       0xac C:/Users/John/tools/android-ndk-r8c/platforms/android-9/arch-arm/usr/lib/crtbegin_so.o
                0x00009000                . = (. DATA_SEGMENT_RELRO_END 0x0)

.data           0x00009000        0x4
                0x00009000                __data_start = .
 *(.data .data.* .gnu.linkonce.d.*)
 .data          0x00009000        0x4 C:/Users/John/tools/android-ndk-r8c/platforms/android-9/arch-arm/usr/lib/crtbegin_so.o
                0x00009000                __dso_handle

.data1
 *(.data1)
                0x00009004                _edata = .
                0x00009004                PROVIDE (edata, .)
                0x00009004                __bss_start = .
                0x00009004                __bss_start__ = .

.bss            0x00009004     0x1a7c
 *(.dynbss)
 .dynbss        0x00000000        0x0 C:/Users/John/tools/android-ndk-r8c/platforms/android-9/arch-arm/usr/lib/crtbegin_so.o
 *(.bss .bss.* .gnu.linkonce.b.*)
 .bss           0x00009004       0x54 debug\s3eMATSDK_platform.os
 .bss           0x00009058     0x1a28 C:\marmalade\6.4\s3e\edk\lib\android\libedk.a(IwDebug.o)
                0x00009058                g_DebugGlobals
 *(COMMON)
                0x0000aa80                . = ALIGN ((. != 0x0)?0x4:0x1)
                0x0000aa80                _bss_end__ = .
                0x0000aa80                __bss_end__ = .
                0x0000aa80                . = ALIGN (0x4)
                0x0000aa80                . = ALIGN (0x4)
                0x0000aa80                __end__ = .
                0x0000aa80                _end = .
                0x0000aa80                PROVIDE (end, .)
                0x0000aa80                . = DATA_SEGMENT_END (.)

.stab
 *(.stab)

.stabstr
 *(.stabstr)

.stab.excl
 *(.stab.excl)

.stab.exclstr
 *(.stab.exclstr)

.stab.index
 *(.stab.index)

.stab.indexstr
 *(.stab.indexstr)

.comment        0x00000000       0xd9
 *(.comment)
 .comment       0x00000000       0x25 C:/Users/John/tools/android-ndk-r8c/platforms/android-9/arch-arm/usr/lib/crtbegin_so.o
                                 0x26 (size before relaxing)
 .comment       0x00000025       0x12 debug\s3eMATSDK_platform.os
 .comment       0x00000037       0x12 debug\s3eMATSDK.os
 .comment       0x00000049       0x12 debug\s3eMATSDK_register.os
 .comment       0x0000005b       0x12 C:\marmalade\6.4\s3e\edk\lib\android\libedk.a(IwDebug.o)
 .comment       0x0000006d       0x12 C:\marmalade\6.4\s3e\edk\lib\android\libedk.a(edk_helpers.o)
 .comment       0x0000007f       0x12 c:/Users/John/tools/android-ndk-r8c/toolchains/arm-linux-androideabi-4.4.3/prebuilt/windows/bin/../lib/gcc/arm-linux-androideabi/4.4.3\libgcc.a(bpabi.o)
 .comment       0x00000091       0x12 c:/Users/John/tools/android-ndk-r8c/toolchains/arm-linux-androideabi-4.4.3/prebuilt/windows/bin/../lib/gcc/arm-linux-androideabi/4.4.3\libgcc.a(unwind-arm.o)
 .comment       0x000000a3       0x12 c:/Users/John/tools/android-ndk-r8c/toolchains/arm-linux-androideabi-4.4.3/prebuilt/windows/bin/../lib/gcc/arm-linux-androideabi/4.4.3\libgcc.a(pr-support.o)
 .comment       0x000000b5       0x12 c:/Users/John/tools/android-ndk-r8c/toolchains/arm-linux-androideabi-4.4.3/prebuilt/windows/bin/../lib/gcc/arm-linux-androideabi/4.4.3\libgcc.a(_divdi3.o)
 .comment       0x000000c7       0x12 c:/Users/John/tools/android-ndk-r8c/toolchains/arm-linux-androideabi-4.4.3/prebuilt/windows/bin/../lib/gcc/arm-linux-androideabi/4.4.3\libgcc.a(_udivdi3.o)

.debug
 *(.debug)

.line
 *(.line)

.debug_srcinfo
 *(.debug_srcinfo)

.debug_sfnames
 *(.debug_sfnames)

.debug_aranges  0x00000000      0x548
 *(.debug_aranges)
 .debug_aranges
                0x00000000      0x1b8 debug\s3eMATSDK_platform.os
 .debug_aranges
                0x000001b8      0x138 debug\s3eMATSDK.os
 .debug_aranges
                0x000002f0      0x138 debug\s3eMATSDK_register.os
 .debug_aranges
                0x00000428       0x20 c:/Users/John/tools/android-ndk-r8c/toolchains/arm-linux-androideabi-4.4.3/prebuilt/windows/bin/../lib/gcc/arm-linux-androideabi/4.4.3\libgcc.a(_aeabi_ldivmod.o)
 .debug_aranges
                0x00000448       0x20 c:/Users/John/tools/android-ndk-r8c/toolchains/arm-linux-androideabi-4.4.3/prebuilt/windows/bin/../lib/gcc/arm-linux-androideabi/4.4.3\libgcc.a(bpabi.o)
 .debug_aranges
                0x00000468       0x20 c:/Users/John/tools/android-ndk-r8c/toolchains/arm-linux-androideabi-4.4.3/prebuilt/windows/bin/../lib/gcc/arm-linux-androideabi/4.4.3\libgcc.a(unwind-arm.o)
 .debug_aranges
                0x00000488       0x20 c:/Users/John/tools/android-ndk-r8c/toolchains/arm-linux-androideabi-4.4.3/prebuilt/windows/bin/../lib/gcc/arm-linux-androideabi/4.4.3\libgcc.a(libunwind.o)
 .debug_aranges
                0x000004a8       0x20 c:/Users/John/tools/android-ndk-r8c/toolchains/arm-linux-androideabi-4.4.3/prebuilt/windows/bin/../lib/gcc/arm-linux-androideabi/4.4.3\libgcc.a(pr-support.o)
 .debug_aranges
                0x000004c8       0x20 c:/Users/John/tools/android-ndk-r8c/toolchains/arm-linux-androideabi-4.4.3/prebuilt/windows/bin/../lib/gcc/arm-linux-androideabi/4.4.3\libgcc.a(_divdi3.o)
 .debug_aranges
                0x000004e8       0x20 c:/Users/John/tools/android-ndk-r8c/toolchains/arm-linux-androideabi-4.4.3/prebuilt/windows/bin/../lib/gcc/arm-linux-androideabi/4.4.3\libgcc.a(_udivdi3.o)
 .debug_aranges
                0x00000508       0x20 c:/Users/John/tools/android-ndk-r8c/toolchains/arm-linux-androideabi-4.4.3/prebuilt/windows/bin/../lib/gcc/arm-linux-androideabi/4.4.3\libgcc.a(_udivsi3.o)
 .debug_aranges
                0x00000528       0x20 c:/Users/John/tools/android-ndk-r8c/toolchains/arm-linux-androideabi-4.4.3/prebuilt/windows/bin/../lib/gcc/arm-linux-androideabi/4.4.3\libgcc.a(_dvmd_lnx.o)

.debug_pubnames
                0x00000000      0xcac
 *(.debug_pubnames)
 .debug_pubnames
                0x00000000      0x62d debug\s3eMATSDK_platform.os
 .debug_pubnames
                0x0000062d      0x392 debug\s3eMATSDK.os
 .debug_pubnames
                0x000009bf       0x3b debug\s3eMATSDK_register.os
 .debug_pubnames
                0x000009fa       0x45 c:/Users/John/tools/android-ndk-r8c/toolchains/arm-linux-androideabi-4.4.3/prebuilt/windows/bin/../lib/gcc/arm-linux-androideabi/4.4.3\libgcc.a(bpabi.o)
 .debug_pubnames
                0x00000a3f      0x177 c:/Users/John/tools/android-ndk-r8c/toolchains/arm-linux-androideabi-4.4.3/prebuilt/windows/bin/../lib/gcc/arm-linux-androideabi/4.4.3\libgcc.a(unwind-arm.o)
 .debug_pubnames
                0x00000bb6       0xb7 c:/Users/John/tools/android-ndk-r8c/toolchains/arm-linux-androideabi-4.4.3/prebuilt/windows/bin/../lib/gcc/arm-linux-androideabi/4.4.3\libgcc.a(pr-support.o)
 .debug_pubnames
                0x00000c6d       0x1f c:/Users/John/tools/android-ndk-r8c/toolchains/arm-linux-androideabi-4.4.3/prebuilt/windows/bin/../lib/gcc/arm-linux-androideabi/4.4.3\libgcc.a(_divdi3.o)
 .debug_pubnames
                0x00000c8c       0x20 c:/Users/John/tools/android-ndk-r8c/toolchains/arm-linux-androideabi-4.4.3/prebuilt/windows/bin/../lib/gcc/arm-linux-androideabi/4.4.3\libgcc.a(_udivdi3.o)

.debug_info     0x00000000     0xa108
 *(.debug_info .gnu.linkonce.wi.*)
 .debug_info    0x00000000     0x67a4 debug\s3eMATSDK_platform.os
 .debug_info    0x000067a4      0x732 debug\s3eMATSDK.os
 .debug_info    0x00006ed6      0x745 debug\s3eMATSDK_register.os
 .debug_info    0x0000761b       0xf5 c:/Users/John/tools/android-ndk-r8c/toolchains/arm-linux-androideabi-4.4.3/prebuilt/windows/bin/../lib/gcc/arm-linux-androideabi/4.4.3\libgcc.a(_aeabi_ldivmod.o)
 .debug_info    0x00007710       0xde c:/Users/John/tools/android-ndk-r8c/toolchains/arm-linux-androideabi-4.4.3/prebuilt/windows/bin/../lib/gcc/arm-linux-androideabi/4.4.3\libgcc.a(bpabi.o)
 .debug_info    0x000077ee     0x1424 c:/Users/John/tools/android-ndk-r8c/toolchains/arm-linux-androideabi-4.4.3/prebuilt/windows/bin/../lib/gcc/arm-linux-androideabi/4.4.3\libgcc.a(unwind-arm.o)
 .debug_info    0x00008c12       0xf9 c:/Users/John/tools/android-ndk-r8c/toolchains/arm-linux-androideabi-4.4.3/prebuilt/windows/bin/../lib/gcc/arm-linux-androideabi/4.4.3\libgcc.a(libunwind.o)
 .debug_info    0x00008d0b      0x636 c:/Users/John/tools/android-ndk-r8c/toolchains/arm-linux-androideabi-4.4.3/prebuilt/windows/bin/../lib/gcc/arm-linux-androideabi/4.4.3\libgcc.a(pr-support.o)
 .debug_info    0x00009341      0x606 c:/Users/John/tools/android-ndk-r8c/toolchains/arm-linux-androideabi-4.4.3/prebuilt/windows/bin/../lib/gcc/arm-linux-androideabi/4.4.3\libgcc.a(_divdi3.o)
 .debug_info    0x00009947      0x5cb c:/Users/John/tools/android-ndk-r8c/toolchains/arm-linux-androideabi-4.4.3/prebuilt/windows/bin/../lib/gcc/arm-linux-androideabi/4.4.3\libgcc.a(_udivdi3.o)
 .debug_info    0x00009f12       0xfb c:/Users/John/tools/android-ndk-r8c/toolchains/arm-linux-androideabi-4.4.3/prebuilt/windows/bin/../lib/gcc/arm-linux-androideabi/4.4.3\libgcc.a(_udivsi3.o)
 .debug_info    0x0000a00d       0xfb c:/Users/John/tools/android-ndk-r8c/toolchains/arm-linux-androideabi-4.4.3/prebuilt/windows/bin/../lib/gcc/arm-linux-androideabi/4.4.3\libgcc.a(_dvmd_lnx.o)

.debug_abbrev   0x00000000      0xe64
 *(.debug_abbrev)
 .debug_abbrev  0x00000000      0x2ac debug\s3eMATSDK_platform.os
 .debug_abbrev  0x000002ac      0x116 debug\s3eMATSDK.os
 .debug_abbrev  0x000003c2      0x115 debug\s3eMATSDK_register.os
 .debug_abbrev  0x000004d7       0x14 c:/Users/John/tools/android-ndk-r8c/toolchains/arm-linux-androideabi-4.4.3/prebuilt/windows/bin/../lib/gcc/arm-linux-androideabi/4.4.3\libgcc.a(_aeabi_ldivmod.o)
 .debug_abbrev  0x000004eb       0x6a c:/Users/John/tools/android-ndk-r8c/toolchains/arm-linux-androideabi-4.4.3/prebuilt/windows/bin/../lib/gcc/arm-linux-androideabi/4.4.3\libgcc.a(bpabi.o)
 .debug_abbrev  0x00000555      0x3bb c:/Users/John/tools/android-ndk-r8c/toolchains/arm-linux-androideabi-4.4.3/prebuilt/windows/bin/../lib/gcc/arm-linux-androideabi/4.4.3\libgcc.a(unwind-arm.o)
 .debug_abbrev  0x00000910       0x14 c:/Users/John/tools/android-ndk-r8c/toolchains/arm-linux-androideabi-4.4.3/prebuilt/windows/bin/../lib/gcc/arm-linux-androideabi/4.4.3\libgcc.a(libunwind.o)
 .debug_abbrev  0x00000924      0x220 c:/Users/John/tools/android-ndk-r8c/toolchains/arm-linux-androideabi-4.4.3/prebuilt/windows/bin/../lib/gcc/arm-linux-androideabi/4.4.3\libgcc.a(pr-support.o)
 .debug_abbrev  0x00000b44      0x18b c:/Users/John/tools/android-ndk-r8c/toolchains/arm-linux-androideabi-4.4.3/prebuilt/windows/bin/../lib/gcc/arm-linux-androideabi/4.4.3\libgcc.a(_divdi3.o)
 .debug_abbrev  0x00000ccf      0x16d c:/Users/John/tools/android-ndk-r8c/toolchains/arm-linux-androideabi-4.4.3/prebuilt/windows/bin/../lib/gcc/arm-linux-androideabi/4.4.3\libgcc.a(_udivdi3.o)
 .debug_abbrev  0x00000e3c       0x14 c:/Users/John/tools/android-ndk-r8c/toolchains/arm-linux-androideabi-4.4.3/prebuilt/windows/bin/../lib/gcc/arm-linux-androideabi/4.4.3\libgcc.a(_udivsi3.o)
 .debug_abbrev  0x00000e50       0x14 c:/Users/John/tools/android-ndk-r8c/toolchains/arm-linux-androideabi-4.4.3/prebuilt/windows/bin/../lib/gcc/arm-linux-androideabi/4.4.3\libgcc.a(_dvmd_lnx.o)

.debug_line     0x00000000     0x1ae9
 *(.debug_line)
 .debug_line    0x00000000      0x67f debug\s3eMATSDK_platform.os
 .debug_line    0x0000067f      0x33c debug\s3eMATSDK.os
 .debug_line    0x000009bb      0x41e debug\s3eMATSDK_register.os
 .debug_line    0x00000dd9       0xa5 c:/Users/John/tools/android-ndk-r8c/toolchains/arm-linux-androideabi-4.4.3/prebuilt/windows/bin/../lib/gcc/arm-linux-androideabi/4.4.3\libgcc.a(_aeabi_ldivmod.o)
 .debug_line    0x00000e7e       0xab c:/Users/John/tools/android-ndk-r8c/toolchains/arm-linux-androideabi-4.4.3/prebuilt/windows/bin/../lib/gcc/arm-linux-androideabi/4.4.3\libgcc.a(bpabi.o)
 .debug_line    0x00000f29      0x4d2 c:/Users/John/tools/android-ndk-r8c/toolchains/arm-linux-androideabi-4.4.3/prebuilt/windows/bin/../lib/gcc/arm-linux-androideabi/4.4.3\libgcc.a(unwind-arm.o)
 .debug_line    0x000013fb       0xf1 c:/Users/John/tools/android-ndk-r8c/toolchains/arm-linux-androideabi-4.4.3/prebuilt/windows/bin/../lib/gcc/arm-linux-androideabi/4.4.3\libgcc.a(libunwind.o)
 .debug_line    0x000014ec      0x1d2 c:/Users/John/tools/android-ndk-r8c/toolchains/arm-linux-androideabi-4.4.3/prebuilt/windows/bin/../lib/gcc/arm-linux-androideabi/4.4.3\libgcc.a(pr-support.o)
 .debug_line    0x000016be      0x162 c:/Users/John/tools/android-ndk-r8c/toolchains/arm-linux-androideabi-4.4.3/prebuilt/windows/bin/../lib/gcc/arm-linux-androideabi/4.4.3\libgcc.a(_divdi3.o)
 .debug_line    0x00001820      0x152 c:/Users/John/tools/android-ndk-r8c/toolchains/arm-linux-androideabi-4.4.3/prebuilt/windows/bin/../lib/gcc/arm-linux-androideabi/4.4.3\libgcc.a(_udivdi3.o)
 .debug_line    0x00001972       0xcc c:/Users/John/tools/android-ndk-r8c/toolchains/arm-linux-androideabi-4.4.3/prebuilt/windows/bin/../lib/gcc/arm-linux-androideabi/4.4.3\libgcc.a(_udivsi3.o)
 .debug_line    0x00001a3e       0xab c:/Users/John/tools/android-ndk-r8c/toolchains/arm-linux-androideabi-4.4.3/prebuilt/windows/bin/../lib/gcc/arm-linux-androideabi/4.4.3\libgcc.a(_dvmd_lnx.o)

.debug_frame    0x00000000     0x11c4
 *(.debug_frame)
 .debug_frame   0x00000000      0x55c debug\s3eMATSDK_platform.os
 .debug_frame   0x0000055c      0x400 debug\s3eMATSDK.os
 .debug_frame   0x0000095c      0x404 debug\s3eMATSDK_register.os
 .debug_frame   0x00000d60       0x60 c:/Users/John/tools/android-ndk-r8c/toolchains/arm-linux-androideabi-4.4.3/prebuilt/windows/bin/../lib/gcc/arm-linux-androideabi/4.4.3\libgcc.a(bpabi.o)
 .debug_frame   0x00000dc0      0x248 c:/Users/John/tools/android-ndk-r8c/toolchains/arm-linux-androideabi-4.4.3/prebuilt/windows/bin/../lib/gcc/arm-linux-androideabi/4.4.3\libgcc.a(unwind-arm.o)
 .debug_frame   0x00001008      0x108 c:/Users/John/tools/android-ndk-r8c/toolchains/arm-linux-androideabi-4.4.3/prebuilt/windows/bin/../lib/gcc/arm-linux-androideabi/4.4.3\libgcc.a(pr-support.o)
 .debug_frame   0x00001110       0x44 c:/Users/John/tools/android-ndk-r8c/toolchains/arm-linux-androideabi-4.4.3/prebuilt/windows/bin/../lib/gcc/arm-linux-androideabi/4.4.3\libgcc.a(_divdi3.o)
 .debug_frame   0x00001154       0x48 c:/Users/John/tools/android-ndk-r8c/toolchains/arm-linux-androideabi-4.4.3/prebuilt/windows/bin/../lib/gcc/arm-linux-androideabi/4.4.3\libgcc.a(_udivdi3.o)
 .debug_frame   0x0000119c       0x28 c:/Users/John/tools/android-ndk-r8c/toolchains/arm-linux-androideabi-4.4.3/prebuilt/windows/bin/../lib/gcc/arm-linux-androideabi/4.4.3\libgcc.a(_udivsi3.o)

.debug_str      0x00000000     0x67b5
 *(.debug_str)
 .debug_str     0x00000000     0x55fe debug\s3eMATSDK_platform.os
                               0x5783 (size before relaxing)
 .debug_str     0x000055fe      0x220 debug\s3eMATSDK.os
                                0x679 (size before relaxing)
 .debug_str     0x0000581e      0x41e debug\s3eMATSDK_register.os
                                0x6f2 (size before relaxing)
 .debug_str     0x00005c3c       0xb9 c:/Users/John/tools/android-ndk-r8c/toolchains/arm-linux-androideabi-4.4.3/prebuilt/windows/bin/../lib/gcc/arm-linux-androideabi/4.4.3\libgcc.a(bpabi.o)
                                 0xde (size before relaxing)
 .debug_str     0x00005cf5      0x814 c:/Users/John/tools/android-ndk-r8c/toolchains/arm-linux-androideabi-4.4.3/prebuilt/windows/bin/../lib/gcc/arm-linux-androideabi/4.4.3\libgcc.a(unwind-arm.o)
                                0x8f4 (size before relaxing)
 .debug_str     0x00006509      0x13d c:/Users/John/tools/android-ndk-r8c/toolchains/arm-linux-androideabi-4.4.3/prebuilt/windows/bin/../lib/gcc/arm-linux-androideabi/4.4.3\libgcc.a(pr-support.o)
                                0x45a (size before relaxing)
 .debug_str     0x00006646      0x165 c:/Users/John/tools/android-ndk-r8c/toolchains/arm-linux-androideabi-4.4.3/prebuilt/windows/bin/../lib/gcc/arm-linux-androideabi/4.4.3\libgcc.a(_divdi3.o)
                                0x215 (size before relaxing)
 .debug_str     0x000067ab        0xa c:/Users/John/tools/android-ndk-r8c/toolchains/arm-linux-androideabi-4.4.3/prebuilt/windows/bin/../lib/gcc/arm-linux-androideabi/4.4.3\libgcc.a(_udivdi3.o)
                                0x216 (size before relaxing)

.debug_loc      0x00000000     0x3544
 *(.debug_loc)
 .debug_loc     0x00000000      0x842 debug\s3eMATSDK_platform.os
 .debug_loc     0x00000842      0x5f4 debug\s3eMATSDK.os
 .debug_loc     0x00000e36      0x601 debug\s3eMATSDK_register.os
 .debug_loc     0x00001437      0x120 c:/Users/John/tools/android-ndk-r8c/toolchains/arm-linux-androideabi-4.4.3/prebuilt/windows/bin/../lib/gcc/arm-linux-androideabi/4.4.3\libgcc.a(bpabi.o)
 .debug_loc     0x00001557      0xfef c:/Users/John/tools/android-ndk-r8c/toolchains/arm-linux-androideabi-4.4.3/prebuilt/windows/bin/../lib/gcc/arm-linux-androideabi/4.4.3\libgcc.a(unwind-arm.o)
 .debug_loc     0x00002546      0x2f9 c:/Users/John/tools/android-ndk-r8c/toolchains/arm-linux-androideabi-4.4.3/prebuilt/windows/bin/../lib/gcc/arm-linux-androideabi/4.4.3\libgcc.a(pr-support.o)
 .debug_loc     0x0000283f      0x6cf c:/Users/John/tools/android-ndk-r8c/toolchains/arm-linux-androideabi-4.4.3/prebuilt/windows/bin/../lib/gcc/arm-linux-androideabi/4.4.3\libgcc.a(_divdi3.o)
 .debug_loc     0x00002f0e      0x636 c:/Users/John/tools/android-ndk-r8c/toolchains/arm-linux-androideabi-4.4.3/prebuilt/windows/bin/../lib/gcc/arm-linux-androideabi/4.4.3\libgcc.a(_udivdi3.o)

.debug_macinfo
 *(.debug_macinfo)

.debug_weaknames
 *(.debug_weaknames)

.debug_funcnames
 *(.debug_funcnames)

.debug_typenames
 *(.debug_typenames)

.debug_varnames
 *(.debug_varnames)

.debug_pubtypes
 *(.debug_pubtypes)

.debug_ranges   0x00000000      0x748
 *(.debug_ranges)
 .debug_ranges  0x00000000      0x1a8 debug\s3eMATSDK_platform.os
 .debug_ranges  0x000001a8      0x128 debug\s3eMATSDK.os
 .debug_ranges  0x000002d0      0x128 debug\s3eMATSDK_register.os
 .debug_ranges  0x000003f8      0x1f8 c:/Users/John/tools/android-ndk-r8c/toolchains/arm-linux-androideabi-4.4.3/prebuilt/windows/bin/../lib/gcc/arm-linux-androideabi/4.4.3\libgcc.a(unwind-arm.o)
 .debug_ranges  0x000005f0       0x30 c:/Users/John/tools/android-ndk-r8c/toolchains/arm-linux-androideabi-4.4.3/prebuilt/windows/bin/../lib/gcc/arm-linux-androideabi/4.4.3\libgcc.a(pr-support.o)
 .debug_ranges  0x00000620       0xa0 c:/Users/John/tools/android-ndk-r8c/toolchains/arm-linux-androideabi-4.4.3/prebuilt/windows/bin/../lib/gcc/arm-linux-androideabi/4.4.3\libgcc.a(_divdi3.o)
 .debug_ranges  0x000006c0       0x88 c:/Users/John/tools/android-ndk-r8c/toolchains/arm-linux-androideabi-4.4.3/prebuilt/windows/bin/../lib/gcc/arm-linux-androideabi/4.4.3\libgcc.a(_udivdi3.o)

.gnu.attributes
 *(.gnu.attributes)

.note.gnu.arm.ident
 *(.note.gnu.arm.ident)

/DISCARD/
 *(.note.GNU-stack)
 *(.gnu_debuglink)
OUTPUT(C:\Users\John\Documents\GitHub\sdk\sdk-marmalade\ios_android\s3eMATSDK\lib\android\libs3eMATSDK_d.so elf32-littlearm)

.ARM.attributes
                0x00000000       0x31
 .ARM.attributes
                0x00000000       0x2d C:/Users/John/tools/android-ndk-r8c/platforms/android-9/arch-arm/usr/lib/crtbegin_so.o
 .ARM.attributes
                0x0000002d       0x2d debug\s3eMATSDK_platform.os
 .ARM.attributes
                0x0000005a       0x2b debug\s3eMATSDK.os
 .ARM.attributes
                0x00000085       0x2b debug\s3eMATSDK_register.os
 .ARM.attributes
                0x000000b0       0x2b C:\marmalade\6.4\s3e\edk\lib\android\libedk.a(IwDebug.o)
 .ARM.attributes
                0x000000db       0x2b C:\marmalade\6.4\s3e\edk\lib\android\libedk.a(edk_helpers.o)
 .ARM.attributes
                0x00000106       0x19 c:/Users/John/tools/android-ndk-r8c/toolchains/arm-linux-androideabi-4.4.3/prebuilt/windows/bin/../lib/gcc/arm-linux-androideabi/4.4.3\libgcc.a(_aeabi_ldivmod.o)
 .ARM.attributes
                0x0000011f       0x29 c:/Users/John/tools/android-ndk-r8c/toolchains/arm-linux-androideabi-4.4.3/prebuilt/windows/bin/../lib/gcc/arm-linux-androideabi/4.4.3\libgcc.a(bpabi.o)
 .ARM.attributes
                0x00000148       0x29 c:/Users/John/tools/android-ndk-r8c/toolchains/arm-linux-androideabi-4.4.3/prebuilt/windows/bin/../lib/gcc/arm-linux-androideabi/4.4.3\libgcc.a(unwind-arm.o)
 .ARM.attributes
                0x00000171       0x19 c:/Users/John/tools/android-ndk-r8c/toolchains/arm-linux-androideabi-4.4.3/prebuilt/windows/bin/../lib/gcc/arm-linux-androideabi/4.4.3\libgcc.a(libunwind.o)
 .ARM.attributes
                0x0000018a       0x29 c:/Users/John/tools/android-ndk-r8c/toolchains/arm-linux-androideabi-4.4.3/prebuilt/windows/bin/../lib/gcc/arm-linux-androideabi/4.4.3\libgcc.a(pr-support.o)
 .ARM.attributes
                0x000001b3       0x29 c:/Users/John/tools/android-ndk-r8c/toolchains/arm-linux-androideabi-4.4.3/prebuilt/windows/bin/../lib/gcc/arm-linux-androideabi/4.4.3\libgcc.a(_divdi3.o)
 .ARM.attributes
                0x000001dc       0x29 c:/Users/John/tools/android-ndk-r8c/toolchains/arm-linux-androideabi-4.4.3/prebuilt/windows/bin/../lib/gcc/arm-linux-androideabi/4.4.3\libgcc.a(_udivdi3.o)
 .ARM.attributes
                0x00000205       0x19 c:/Users/John/tools/android-ndk-r8c/toolchains/arm-linux-androideabi-4.4.3/prebuilt/windows/bin/../lib/gcc/arm-linux-androideabi/4.4.3\libgcc.a(_udivsi3.o)
 .ARM.attributes
                0x0000021e       0x19 c:/Users/John/tools/android-ndk-r8c/toolchains/arm-linux-androideabi-4.4.3/prebuilt/windows/bin/../lib/gcc/arm-linux-androideabi/4.4.3\libgcc.a(_dvmd_lnx.o)
 .ARM.attributes
                0x00000237       0x1f C:/Users/John/tools/android-ndk-r8c/platforms/android-9/arch-arm/usr/lib/crtend_so.o
