Archive member included because of file (symbol)

C:\marmalade\6.4\s3e\edk\lib\android\libedk.a(edk_helpers.o)
                              release\s3eMATSDK_platform.os (s3eEdkThreadRunOnOS)

Discarded input sections

 .text          0x00000000        0x0 C:/Users/John/tools/android-ndk-r8c/platforms/android-9/arch-arm/usr/lib/crtbegin_so.o
 .bss           0x00000000        0x0 C:/Users/John/tools/android-ndk-r8c/platforms/android-9/arch-arm/usr/lib/crtbegin_so.o
 .note.GNU-stack
                0x00000000        0x0 C:/Users/John/tools/android-ndk-r8c/platforms/android-9/arch-arm/usr/lib/crtbegin_so.o
 _ZN7_JNIEnv11GetMethodIDEP7_jclassPKcS3_
                0x00000000        0x0 release\s3eMATSDK_platform.os
 _ZN7_JNIEnv14CallVoidMethodEP8_jobjectP10_jmethodIDz
                0x00000000        0x0 release\s3eMATSDK_platform.os
 _ZN7_JNIEnv9NewObjectEP7_jclassP10_jmethodIDz
                0x00000000        0x0 release\s3eMATSDK_platform.os
 _ZN7_JNIEnv17CallBooleanMethodEP8_jobjectP10_jmethodIDz
                0x00000000        0x0 release\s3eMATSDK_platform.os
 .text          0x00000000        0x0 release\s3eMATSDK_platform.os
 .data          0x00000000        0x0 release\s3eMATSDK_platform.os
 .note.GNU-stack
                0x00000000        0x0 release\s3eMATSDK_platform.os
 .text          0x00000000        0x0 release\s3eMATSDK.os
 .data          0x00000000        0x0 release\s3eMATSDK.os
 .bss           0x00000000        0x0 release\s3eMATSDK.os
 .note.GNU-stack
                0x00000000        0x0 release\s3eMATSDK.os
 .text          0x00000000        0x0 release\s3eMATSDK_register.os
 .data          0x00000000        0x0 release\s3eMATSDK_register.os
 .bss           0x00000000        0x0 release\s3eMATSDK_register.os
 .text._Z20s3eMATSDKRegisterExtv
                0x00000000        0x0 release\s3eMATSDK_register.os
 .note.GNU-stack
                0x00000000        0x0 release\s3eMATSDK_register.os
 .text          0x00000000        0x0 C:\marmalade\6.4\s3e\edk\lib\android\libedk.a(edk_helpers.o)
 .data          0x00000000        0x0 C:\marmalade\6.4\s3e\edk\lib\android\libedk.a(edk_helpers.o)
 .bss           0x00000000        0x0 C:\marmalade\6.4\s3e\edk\lib\android\libedk.a(edk_helpers.o)
 .text.s3eEdkThreadRunOnOSAsync
                0x00000000        0x0 C:\marmalade\6.4\s3e\edk\lib\android\libedk.a(edk_helpers.o)
 .text.s3eEdkErrorSetString
                0x00000000        0x0 C:\marmalade\6.4\s3e\edk\lib\android\libedk.a(edk_helpers.o)
 .note.GNU-stack
                0x00000000        0x0 C:\marmalade\6.4\s3e\edk\lib\android\libedk.a(edk_helpers.o)
 .text          0x00000000        0x0 C:/Users/John/tools/android-ndk-r8c/platforms/android-9/arch-arm/usr/lib/crtend_so.o
 .data          0x00000000        0x0 C:/Users/John/tools/android-ndk-r8c/platforms/android-9/arch-arm/usr/lib/crtend_so.o
 .bss           0x00000000        0x0 C:/Users/John/tools/android-ndk-r8c/platforms/android-9/arch-arm/usr/lib/crtend_so.o
 .note.GNU-stack
                0x00000000        0x0 C:/Users/John/tools/android-ndk-r8c/platforms/android-9/arch-arm/usr/lib/crtend_so.o

Memory Configuration

Name             Origin             Length             Attributes
*default*        0x00000000         0xffffffff

Linker script and memory map

LOAD C:/Users/John/tools/android-ndk-r8c/platforms/android-9/arch-arm/usr/lib/crtbegin_so.o
LOAD release\s3eMATSDK_platform.os
LOAD release\s3eMATSDK.os
LOAD release\s3eMATSDK_register.os
LOAD C:\marmalade\6.4\s3e\edk\lib\android\libedk.a
LOAD C:\marmalade\6.4\s3e\edk\lib\android/libplaceholderplaceholderplaceholderplaceholderplaceholder.so
LOAD C:\Users\John\tools\android-ndk-r8c\platforms\android-9\arch-arm\usr\lib/liblog.so
LOAD C:\Users\John\tools\android-ndk-r8c\sources\cxx-stl\gnu-libstdc++\4.4.3\libs\armeabi\libgnustl_static.a
LOAD c:/Users/John/tools/android-ndk-r8c/toolchains/arm-linux-androideabi-4.4.3/prebuilt/windows/bin/../lib/gcc/arm-linux-androideabi/4.4.3\libgcc.a
LOAD C:\Users\John\tools\android-ndk-r8c\platforms\android-9\arch-arm\usr\lib/libstdc++.so
LOAD C:\Users\John\tools\android-ndk-r8c\platforms\android-9\arch-arm\usr\lib/libm.so
LOAD C:\Users\John\tools\android-ndk-r8c\platforms\android-9\arch-arm\usr\lib/libc.so
LOAD c:/Users/John/tools/android-ndk-r8c/toolchains/arm-linux-androideabi-4.4.3/prebuilt/windows/bin/../lib/gcc/arm-linux-androideabi/4.4.3\libgcc.a
LOAD C:\Users\John\tools\android-ndk-r8c\platforms\android-9\arch-arm\usr\lib/libc.so
LOAD C:\Users\John\tools\android-ndk-r8c\platforms\android-9\arch-arm\usr\lib/libdl.so
LOAD c:/Users/John/tools/android-ndk-r8c/toolchains/arm-linux-androideabi-4.4.3/prebuilt/windows/bin/../lib/gcc/arm-linux-androideabi/4.4.3\libgcc.a
LOAD C:/Users/John/tools/android-ndk-r8c/platforms/android-9/arch-arm/usr/lib/crtend_so.o
                0x000000d4                . = (0x0 + SIZEOF_HEADERS)

.note.gnu.build-id
 *(.note.gnu.build-id)

.hash           0x000000d4       0xa8
 *(.hash)
 .hash          0x000000d4       0xa8 C:/Users/John/tools/android-ndk-r8c/platforms/android-9/arch-arm/usr/lib/crtbegin_so.o

.gnu.hash
 *(.gnu.hash)

.dynsym         0x0000017c      0x170
 *(.dynsym)
 .dynsym        0x0000017c      0x170 C:/Users/John/tools/android-ndk-r8c/platforms/android-9/arch-arm/usr/lib/crtbegin_so.o

.dynstr         0x000002ec      0x13c
 *(.dynstr)
 .dynstr        0x000002ec      0x13c C:/Users/John/tools/android-ndk-r8c/platforms/android-9/arch-arm/usr/lib/crtbegin_so.o

.gnu.version    0x00000428        0x0
 *(.gnu.version)
 .gnu.version   0x00000000        0x0 C:/Users/John/tools/android-ndk-r8c/platforms/android-9/arch-arm/usr/lib/crtbegin_so.o

.gnu.version_d  0x00000428        0x0
 *(.gnu.version_d)
 .gnu.version_d
                0x00000000        0x0 C:/Users/John/tools/android-ndk-r8c/platforms/android-9/arch-arm/usr/lib/crtbegin_so.o

.gnu.version_r  0x00000428        0x0
 *(.gnu.version_r)
 .gnu.version_r
                0x00000000        0x0 C:/Users/John/tools/android-ndk-r8c/platforms/android-9/arch-arm/usr/lib/crtbegin_so.o

.rel.dyn        0x00000428      0x128
 *(.rel.init)
 *(.rel.text .rel.text.* .rel.gnu.linkonce.t.*)
 *(.rel.fini)
 *(.rel.rodata .rel.rodata.* .rel.gnu.linkonce.r.*)
 *(.rel.data.rel.ro* .rel.gnu.linkonce.d.rel.ro.*)
 *(.rel.data .rel.data.* .rel.gnu.linkonce.d.*)
 *(.rel.tdata .rel.tdata.* .rel.gnu.linkonce.td.*)
 *(.rel.tbss .rel.tbss.* .rel.gnu.linkonce.tb.*)
 *(.rel.ctors)
 *(.rel.dtors)
 *(.rel.got)
 .rel.got       0x00000428      0x120 C:/Users/John/tools/android-ndk-r8c/platforms/android-9/arch-arm/usr/lib/crtbegin_so.o
 *(.rel.bss .rel.bss.* .rel.gnu.linkonce.b.*)
 .rel.fini_array
                0x00000548        0x8 C:/Users/John/tools/android-ndk-r8c/platforms/android-9/arch-arm/usr/lib/crtbegin_so.o

.rela.dyn
 *(.rela.init)
 *(.rela.text .rela.text.* .rela.gnu.linkonce.t.*)
 *(.rela.fini)
 *(.rela.rodata .rela.rodata.* .rela.gnu.linkonce.r.*)
 *(.rela.data .rela.data.* .rela.gnu.linkonce.d.*)
 *(.rela.tdata .rela.tdata.* .rela.gnu.linkonce.td.*)
 *(.rela.tbss .rela.tbss.* .rela.gnu.linkonce.tb.*)
 *(.rela.ctors)
 *(.rela.dtors)
 *(.rela.got)
 *(.rela.bss .rela.bss.* .rela.gnu.linkonce.b.*)

.rel.plt        0x00000550       0x30
 *(.rel.plt)
 .rel.plt       0x00000550       0x30 C:/Users/John/tools/android-ndk-r8c/platforms/android-9/arch-arm/usr/lib/crtbegin_so.o

.rela.plt
 *(.rela.plt)

.init
 *(.init)

.plt            0x00000580       0x5c
 *(.plt)
 .plt           0x00000580       0x5c C:/Users/John/tools/android-ndk-r8c/platforms/android-9/arch-arm/usr/lib/crtbegin_so.o

.text           0x000005dc     0x1dd0
 *(.text .stub .text.* .gnu.linkonce.t.*)
 .text.exit     0x000005dc       0x10 C:/Users/John/tools/android-ndk-r8c/platforms/android-9/arch-arm/usr/lib/crtbegin_so.o
                0x000005dc                __on_dlclose
 .text._ZN7_JNIEnv11GetMethodIDEP7_jclassPKcS3_
                0x000005ec       0x14 release\s3eMATSDK_platform.os
                0x000005ec                _JNIEnv::GetMethodID(_jclass*, char const*, char const*)
 .text._Z24MATSDKTerminate_platformv
                0x00000600        0x4 release\s3eMATSDK_platform.os
                0x00000600                MATSDKTerminate_platform()
 .text._Z41MATSetAppleAdvertisingIdentifier_platformPKc
                0x00000604        0x4 release\s3eMATSDK_platform.os
                0x00000604                MATSetAppleAdvertisingIdentifier_platform(char const*)
 .text._Z36MATSetAppleVendorIdentifier_platformPKc
                0x00000608        0x4 release\s3eMATSDK_platform.os
                0x00000608                MATSetAppleVendorIdentifier_platform(char const*)
 .text._Z28MATSetAppAdTracking_platformb
                0x0000060c        0x4 release\s3eMATSDK_platform.os
                0x0000060c                MATSetAppAdTracking_platform(bool)
 .text._Z23MATSetDelegate_platformb
                0x00000610        0x4 release\s3eMATSDK_platform.os
                0x00000610                MATSetDelegate_platform(bool)
 .text._Z25MATSetJailbroken_platformb
                0x00000614        0x4 release\s3eMATSDK_platform.os
                0x00000614                MATSetJailbroken_platform(bool)
 .text._Z23MATSetOpenUDID_platformPKc
                0x00000618        0x4 release\s3eMATSDK_platform.os
                0x00000618                MATSetOpenUDID_platform(char const*)
 .text._Z26MATSetRedirectUrl_platformPKc
                0x0000061c        0x4 release\s3eMATSDK_platform.os
                0x0000061c                MATSetRedirectUrl_platform(char const*)
 .text._Z41MATSetShouldAutoDetectJailbroken_platformb
                0x00000620        0x4 release\s3eMATSDK_platform.os
                0x00000620                MATSetShouldAutoDetectJailbroken_platform(bool)
 .text._Z59MATSetShouldAutoGenerateAppleAdvertisingIdentifier_platformb
                0x00000624        0x4 release\s3eMATSDK_platform.os
                0x00000624                MATSetShouldAutoGenerateAppleAdvertisingIdentifier_platform(bool)
 .text._Z54MATSetShouldAutoGenerateAppleVendorIdentifier_platformb
                0x00000628        0x4 release\s3eMATSDK_platform.os
                0x00000628                MATSetShouldAutoGenerateAppleVendorIdentifier_platform(bool)
 .text._Z25MATSetMACAddress_platformPKc
                0x0000062c        0x4 release\s3eMATSDK_platform.os
                0x0000062c                MATSetMACAddress_platform(char const*)
 .text._Z20MATSetODIN1_platformPKc
                0x00000630        0x4 release\s3eMATSDK_platform.os
                0x00000630                MATSetODIN1_platform(char const*)
 .text._Z19MATSetUIID_platformPKc
                0x00000634        0x4 release\s3eMATSDK_platform.os
                0x00000634                MATSetUIID_platform(char const*)
 .text._Z32MATSetUseCookieTracking_platformb
                0x00000638        0x4 release\s3eMATSDK_platform.os
                0x00000638                MATSetUseCookieTracking_platform(bool)
 .text._ZN7_JNIEnv14CallVoidMethodEP8_jobjectP10_jmethodIDz
                0x0000063c       0x34 release\s3eMATSDK_platform.os
                0x0000063c                _JNIEnv::CallVoidMethod(_jobject*, _jmethodID*, ...)
 .text._ZN7_JNIEnv9NewObjectEP7_jclassP10_jmethodIDz
                0x00000670       0x34 release\s3eMATSDK_platform.os
                0x00000670                _JNIEnv::NewObject(_jclass*, _jmethodID*, ...)
 .text._ZN7_JNIEnv17CallBooleanMethodEP8_jobjectP10_jmethodIDz
                0x000006a4       0x34 release\s3eMATSDK_platform.os
                0x000006a4                _JNIEnv::CallBooleanMethod(_jobject*, _jmethodID*, ...)
 .text._Z24MATTrackInstall_platformv
                0x000006d8       0x4c release\s3eMATSDK_platform.os
                0x000006d8                MATTrackInstall_platform()
 .text._Z25MATSDKParameters_platformv
                0x00000724       0x50 release\s3eMATSDK_platform.os
                0x00000724                MATSDKParameters_platform()
 .text._Z23MATSetLocation_platformPKcS0_S0_
                0x00000774       0x68 release\s3eMATSDK_platform.os
                0x00000774                MATSetLocation_platform(char const*, char const*, char const*)
 .text._Z21MATSetGender_platformi
                0x000007dc       0x58 release\s3eMATSDK_platform.os
                0x000007dc                MATSetGender_platform(int)
 .text._Z23MATTrackUpdate_platformv
                0x00000834       0x50 release\s3eMATSDK_platform.os
                0x00000834                MATTrackUpdate_platform()
 .text._Z18MATSetAge_platformi
                0x00000884       0x58 release\s3eMATSDK_platform.os
                0x00000884                MATSetAge_platform(int)
 .text._Z30MATSetAllowDuplicates_platformb
                0x000008dc       0x58 release\s3eMATSDK_platform.os
                0x000008dc                MATSetAllowDuplicates_platform(bool)
 .text._Z22MATSetRevenue_platformPKc
                0x00000934       0x58 release\s3eMATSDK_platform.os
                0x00000934                MATSetRevenue_platform(char const*)
 .text._Z24MATSetDebugMode_platformb
                0x0000098c       0x58 release\s3eMATSDK_platform.os
                0x0000098c                MATSetDebugMode_platform(bool)
 .text._Z23MATSetTRUSTeId_platformPKc
                0x000009e4       0x88 release\s3eMATSDK_platform.os
                0x000009e4                MATSetTRUSTeId_platform(char const*)
 .text._Z21MATSetUserId_platformPKc
                0x00000a6c       0x88 release\s3eMATSDK_platform.os
                0x00000a6c                MATSetUserId_platform(char const*)
 .text._Z27MATSetCurrencyCode_platformPKc
                0x00000af4       0x88 release\s3eMATSDK_platform.os
                0x00000af4                MATSetCurrencyCode_platform(char const*)
 .text._Z39MATTrackInstallWithReferenceId_platformPKc
                0x00000b7c       0x88 release\s3eMATSDK_platform.os
                0x00000b7c                MATTrackInstallWithReferenceId_platform(char const*)
 .text._Z26MATSetPackageName_platformPKc
                0x00000c04       0x88 release\s3eMATSDK_platform.os
                0x00000c04                MATSetPackageName_platform(char const*)
 .text._Z21MATSetSiteId_platformPKc
                0x00000c8c       0x88 release\s3eMATSDK_platform.os
                0x00000c8c                MATSetSiteId_platform(char const*)
 .text._Z39MATTrackActionForEventIdOrName_platformPKcbS0_
                0x00000d14       0xc4 release\s3eMATSDK_platform.os
                0x00000d14                MATTrackActionForEventIdOrName_platform(char const*, bool, char const*)
 .text._Z33MATStartMobileAppTracker_platformPKcS0_
                0x00000dd8       0xbc release\s3eMATSDK_platform.os
                0x00000dd8                MATStartMobileAppTracker_platform(char const*, char const*)
 .text._ZL27s3eEdkAndroidFindClass_realPKc
                0x00000e94       0xb8 release\s3eMATSDK_platform.os
 .text._Z23MATTrackAction_platformPKcbS0_S0_
                0x00000f4c       0xf8 release\s3eMATSDK_platform.os
                0x00000f4c                MATTrackAction_platform(char const*, bool, char const*, char const*)
 .text._Z33MATStartAppToAppTracking_platformPKcS0_S0_S0_b
                0x00001044      0x12c release\s3eMATSDK_platform.os
                0x00001044                MATStartAppToAppTracking_platform(char const*, char const*, char const*, char const*, bool)
 .text._Z44MATTrackActionForEventIdOrNameItems_platformPKcbPK8MATArrayS0_S0_S0_hS0_S0_
                0x00001170      0x488 release\s3eMATSDK_platform.os
                0x00001170                MATTrackActionForEventIdOrNameItems_platform(char const*, bool, MATArray const*, char const*, char const*, char const*, unsigned char, char const*, char const*)
 .text._Z19MATSDKInit_platformv
                0x000015f8      0x4f0 release\s3eMATSDK_platform.os
                0x000015f8                MATSDKInit_platform()
 .text.MATSetLocation
                0x00001ae8        0x4 release\s3eMATSDK.os
                0x00001ae8                MATSetLocation
 .text.MATSetGender
                0x00001aec        0x4 release\s3eMATSDK.os
                0x00001aec                MATSetGender
 .text.MATSetAge
                0x00001af0        0x4 release\s3eMATSDK.os
                0x00001af0                MATSetAge
 .text.MATSetAppleVendorIdentifier
                0x00001af4        0x4 release\s3eMATSDK.os
                0x00001af4                MATSetAppleVendorIdentifier
 .text.MATSetAppleAdvertisingIdentifier
                0x00001af8        0x4 release\s3eMATSDK.os
                0x00001af8                MATSetAppleAdvertisingIdentifier
 .text.MATSetRedirectUrl
                0x00001afc        0x4 release\s3eMATSDK.os
                0x00001afc                MATSetRedirectUrl
 .text.MATSetUseCookieTracking
                0x00001b00        0x4 release\s3eMATSDK.os
                0x00001b00                MATSetUseCookieTracking
 .text.MATSetShouldAutoGenerateAppleAdvertisingIdentifier
                0x00001b04        0x4 release\s3eMATSDK.os
                0x00001b04                MATSetShouldAutoGenerateAppleAdvertisingIdentifier
 .text.MATSetShouldAutoGenerateAppleVendorIdentifier
                0x00001b08        0x4 release\s3eMATSDK.os
                0x00001b08                MATSetShouldAutoGenerateAppleVendorIdentifier
 .text.MATSetUIID
                0x00001b0c        0x4 release\s3eMATSDK.os
                0x00001b0c                MATSetUIID
 .text.MATSetODIN1
                0x00001b10        0x4 release\s3eMATSDK.os
                0x00001b10                MATSetODIN1
 .text.MATSetMACAddress
                0x00001b14        0x4 release\s3eMATSDK.os
                0x00001b14                MATSetMACAddress
 .text.MATSetShouldAutoDetectJailbroken
                0x00001b18        0x4 release\s3eMATSDK.os
                0x00001b18                MATSetShouldAutoDetectJailbroken
 .text.MATSetAllowDuplicates
                0x00001b1c        0x4 release\s3eMATSDK.os
                0x00001b1c                MATSetAllowDuplicates
 .text.MATSetDebugMode
                0x00001b20        0x4 release\s3eMATSDK.os
                0x00001b20                MATSetDebugMode
 .text.MATSetDelegate
                0x00001b24        0x4 release\s3eMATSDK.os
                0x00001b24                MATSetDelegate
 .text.MATSetAppAdTracking
                0x00001b28        0x4 release\s3eMATSDK.os
                0x00001b28                MATSetAppAdTracking
 .text.MATSetTRUSTeId
                0x00001b2c        0x4 release\s3eMATSDK.os
                0x00001b2c                MATSetTRUSTeId
 .text.MATSetSiteId
                0x00001b30        0x4 release\s3eMATSDK.os
                0x00001b30                MATSetSiteId
 .text.MATSetRevenue
                0x00001b34        0x4 release\s3eMATSDK.os
                0x00001b34                MATSetRevenue
 .text.MATSetUserId
                0x00001b38        0x4 release\s3eMATSDK.os
                0x00001b38                MATSetUserId
 .text.MATSetOpenUDID
                0x00001b3c        0x4 release\s3eMATSDK.os
                0x00001b3c                MATSetOpenUDID
 .text.MATSetJailbroken
                0x00001b40        0x4 release\s3eMATSDK.os
                0x00001b40                MATSetJailbroken
 .text.MATSetCurrencyCode
                0x00001b44        0x4 release\s3eMATSDK.os
                0x00001b44                MATSetCurrencyCode
 .text.MATSetPackageName
                0x00001b48        0x4 release\s3eMATSDK.os
                0x00001b48                MATSetPackageName
 .text.MATStartAppToAppTracking
                0x00001b4c        0xc release\s3eMATSDK.os
                0x00001b4c                MATStartAppToAppTracking
 .text.MATTrackAction
                0x00001b58        0x4 release\s3eMATSDK.os
                0x00001b58                MATTrackAction
 .text.MATTrackActionForEventIdOrNameItems
                0x00001b5c       0x18 release\s3eMATSDK.os
                0x00001b5c                MATTrackActionForEventIdOrNameItems
 .text.MATTrackActionForEventIdOrName
                0x00001b74        0x4 release\s3eMATSDK.os
                0x00001b74                MATTrackActionForEventIdOrName
 .text.MATTrackInstallWithReferenceId
                0x00001b78        0x4 release\s3eMATSDK.os
                0x00001b78                MATTrackInstallWithReferenceId
 .text.MATTrackUpdate
                0x00001b7c        0x4 release\s3eMATSDK.os
                0x00001b7c                MATTrackUpdate
 .text.MATTrackInstall
                0x00001b80        0x4 release\s3eMATSDK.os
                0x00001b80                MATTrackInstall
 .text.MATSDKParameters
                0x00001b84        0x4 release\s3eMATSDK.os
                0x00001b84                MATSDKParameters
 .text.MATStartMobileAppTracker
                0x00001b88        0x4 release\s3eMATSDK.os
                0x00001b88                MATStartMobileAppTracker
 .text._Z18s3eMATSDKTerminatev
                0x00001b8c        0x4 release\s3eMATSDK.os
                0x00001b8c                s3eMATSDKTerminate()
 .text._Z13s3eMATSDKInitv
                0x00001b90        0x4 release\s3eMATSDK.os
                0x00001b90                s3eMATSDKInit()
 .text._ZL26MATSetAllowDuplicates_wrapb
                0x00001b94       0x18 release\s3eMATSDK_register.os
 .text._ZL20MATSetDebugMode_wrapb
                0x00001bac       0x18 release\s3eMATSDK_register.os
 .text._ZL21MATSDKParameters_wrapv
                0x00001bc4       0x14 release\s3eMATSDK_register.os
 .text._ZL55MATSetShouldAutoGenerateAppleAdvertisingIdentifier_wrapb
                0x00001bd8       0x18 release\s3eMATSDK_register.os
 .text._ZL50MATSetShouldAutoGenerateAppleVendorIdentifier_wrapb
                0x00001bf0       0x18 release\s3eMATSDK_register.os
 .text._ZL32MATSetAppleVendorIdentifier_wrapPKc
                0x00001c08       0x18 release\s3eMATSDK_register.os
 .text._ZL37MATSetAppleAdvertisingIdentifier_wrapPKc
                0x00001c20       0x18 release\s3eMATSDK_register.os
 .text._ZL22MATSetRedirectUrl_wrapPKc
                0x00001c38       0x18 release\s3eMATSDK_register.os
 .text._ZL29MATStartAppToAppTracking_wrapPKcS0_S0_S0_b
                0x00001c50       0x40 release\s3eMATSDK_register.os
 .text._ZL19MATSetLocation_wrapPKcS0_S0_
                0x00001c90       0x34 release\s3eMATSDK_register.os
 .text._ZL17MATSetGender_wrapi
                0x00001cc4       0x18 release\s3eMATSDK_register.os
 .text._ZL14MATSetAge_wrapi
                0x00001cdc       0x18 release\s3eMATSDK_register.os
 .text._ZL28MATSetUseCookieTracking_wrapb
                0x00001cf4       0x18 release\s3eMATSDK_register.os
 .text._ZL16MATSetODIN1_wrapPKc
                0x00001d0c       0x18 release\s3eMATSDK_register.os
 .text._ZL21MATSetMACAddress_wrapPKc
                0x00001d24       0x18 release\s3eMATSDK_register.os
 .text._ZL37MATSetShouldAutoDetectJailbroken_wrapb
                0x00001d3c       0x18 release\s3eMATSDK_register.os
 .text._ZL21MATSetJailbroken_wrapb
                0x00001d54       0x18 release\s3eMATSDK_register.os
 .text._ZL19MATSetDelegate_wrapb
                0x00001d6c       0x18 release\s3eMATSDK_register.os
 .text._ZL24MATSetAppAdTracking_wrapb
                0x00001d84       0x18 release\s3eMATSDK_register.os
 .text._ZL19MATSetTRUSTeId_wrapPKc
                0x00001d9c       0x18 release\s3eMATSDK_register.os
 .text._ZL17MATSetSiteId_wrapPKc
                0x00001db4       0x18 release\s3eMATSDK_register.os
 .text._ZL18MATSetRevenue_wrapPKc
                0x00001dcc       0x18 release\s3eMATSDK_register.os
 .text._ZL17MATSetUserId_wrapPKc
                0x00001de4       0x18 release\s3eMATSDK_register.os
 .text._ZL15MATSetUIID_wrapPKc
                0x00001dfc       0x18 release\s3eMATSDK_register.os
 .text._ZL19MATSetOpenUDID_wrapPKc
                0x00001e14       0x18 release\s3eMATSDK_register.os
 .text._ZL23MATSetCurrencyCode_wrapPKc
                0x00001e2c       0x18 release\s3eMATSDK_register.os
 .text._ZL22MATSetPackageName_wrapPKc
                0x00001e44       0x18 release\s3eMATSDK_register.os
 .text._ZL19MATTrackAction_wrapPKcbS0_S0_
                0x00001e5c       0x38 release\s3eMATSDK_register.os
 .text._ZL40MATTrackActionForEventIdOrNameItems_wrapPKcbPK8MATArrayS0_S0_S0_hS0_S0_
                0x00001e94       0x5c release\s3eMATSDK_register.os
 .text._ZL35MATTrackActionForEventIdOrName_wrapPKcbS0_
                0x00001ef0       0x34 release\s3eMATSDK_register.os
 .text._ZL35MATTrackInstallWithReferenceId_wrapPKc
                0x00001f24       0x18 release\s3eMATSDK_register.os
 .text._ZL19MATTrackUpdate_wrapv
                0x00001f3c       0x14 release\s3eMATSDK_register.os
 .text._ZL20MATTrackInstall_wrapv
                0x00001f50       0x14 release\s3eMATSDK_register.os
 .text._ZL29MATStartMobileAppTracker_wrapPKcS0_
                0x00001f64       0x1c release\s3eMATSDK_register.os
 .text.RegisterExt
                0x00001f80      0x3fc release\s3eMATSDK_register.os
                0x00001f80                RegisterExt
 .text.s3eEdkThreadRunOnOS
                0x0000237c       0x30 C:\marmalade\6.4\s3e\edk\lib\android\libedk.a(edk_helpers.o)
                0x0000237c                s3eEdkThreadRunOnOS
 *(.gnu.warning)
 *(.glue_7t)
 .glue_7t       0x00000000        0x0 linker stubs
 *(.glue_7)
 .glue_7        0x00000000        0x0 linker stubs
 *(.vfp11_veneer)
 .vfp11_veneer  0x00000000        0x0 linker stubs
 *(.v4_bx)
 .v4_bx         0x00000000        0x0 linker stubs

.fini
 *(.fini)
                0x000023ac                PROVIDE (__etext, .)
                0x000023ac                PROVIDE (_etext, .)
                0x000023ac                PROVIDE (etext, .)

.rodata         0x000023ac      0x410
 *(.rodata .rodata.* .gnu.linkonce.r.*)
 .rodata.str1.4
                0x000023ac      0x410 release\s3eMATSDK_platform.os
 .rodata.str1.4
                0x00000000        0xc release\s3eMATSDK_register.os

.rodata1
 *(.rodata1)

.ARM.extab
 *(.ARM.extab* .gnu.linkonce.armextab.*)
                0x000027bc                __exidx_start = .

.ARM.exidx
 *(.ARM.exidx* .gnu.linkonce.armexidx.*)
                0x000027bc                __exidx_end = .

.eh_frame_hdr
 *(.eh_frame_hdr)

.eh_frame
 *(.eh_frame)

.gcc_except_table
 *(.gcc_except_table .gcc_except_table.*)
                0x000027bc                . = (ALIGN (0x1000) - ((0x1000 - .) & 0xfff))
                0x00003e68                . = (0x1000 DATA_SEGMENT_ALIGN 0x1000)

.eh_frame
 *(.eh_frame)

.gcc_except_table
 *(.gcc_except_table .gcc_except_table.*)

.tdata
 *(.tdata .tdata.* .gnu.linkonce.td.*)

.tbss
 *(.tbss .tbss.* .gnu.linkonce.tb.*)
 *(.tcommon)

.preinit_array
 *(.preinit_array)

.init_array     0x00003e68        0x4
 *(SORT(.init_array.*))
 *(.init_array)
 .init_array    0x00003e68        0x4 C:/Users/John/tools/android-ndk-r8c/platforms/android-9/arch-arm/usr/lib/crtend_so.o

.fini_array     0x00003e6c        0x8
 *(.fini_array)
 .fini_array    0x00003e6c        0x4 C:/Users/John/tools/android-ndk-r8c/platforms/android-9/arch-arm/usr/lib/crtbegin_so.o
 .fini_array    0x00003e70        0x4 C:/Users/John/tools/android-ndk-r8c/platforms/android-9/arch-arm/usr/lib/crtend_so.o
 *(SORT(.fini_array.*))

.ctors
 *crtbegin.o(.ctors)
 *crtbegin?.o(.ctors)
 *(EXCLUDE_FILE(*crtend?.o *crtend.o) .ctors)
 *(SORT(.ctors.*))
 *(.ctors)

.dtors
 *crtbegin.o(.dtors)
 *crtbegin?.o(.dtors)
 *(EXCLUDE_FILE(*crtend?.o *crtend.o) .dtors)
 *(SORT(.dtors.*))
 *(.dtors)

.jcr
 *(.jcr)

.data.rel.ro
 *(.data.rel.ro.local* .gnu.linkonce.d.rel.ro.local.*)
 *(.data.rel.ro* .gnu.linkonce.d.rel.ro.*)

.dynamic        0x00003e74       0xd8
 *(.dynamic)
 .dynamic       0x00003e74       0xd8 C:/Users/John/tools/android-ndk-r8c/platforms/android-9/arch-arm/usr/lib/crtbegin_so.o
                0x00003e74                _DYNAMIC

.got            0x00003f4c       0xb4
 *(.got.plt)
 .got.plt       0x00003f4c       0x24 C:/Users/John/tools/android-ndk-r8c/platforms/android-9/arch-arm/usr/lib/crtbegin_so.o
                0x00003f4c                _GLOBAL_OFFSET_TABLE_
 *(.got)
 .got           0x00003f70       0x90 C:/Users/John/tools/android-ndk-r8c/platforms/android-9/arch-arm/usr/lib/crtbegin_so.o
                0x00004000                . = (. DATA_SEGMENT_RELRO_END 0x0)

.data           0x00004000        0x4
                0x00004000                __data_start = .
 *(.data .data.* .gnu.linkonce.d.*)
 .data          0x00004000        0x4 C:/Users/John/tools/android-ndk-r8c/platforms/android-9/arch-arm/usr/lib/crtbegin_so.o
                0x00004000                __dso_handle

.data1
 *(.data1)
                0x00004004                _edata = .
                0x00004004                PROVIDE (edata, .)
                0x00004004                __bss_start = .
                0x00004004                __bss_start__ = .

.bss            0x00004004       0x54
 *(.dynbss)
 .dynbss        0x00000000        0x0 C:/Users/John/tools/android-ndk-r8c/platforms/android-9/arch-arm/usr/lib/crtbegin_so.o
 *(.bss .bss.* .gnu.linkonce.b.*)
 .bss           0x00004004       0x54 release\s3eMATSDK_platform.os
 *(COMMON)
                0x00004058                . = ALIGN ((. != 0x0)?0x4:0x1)
                0x00004058                _bss_end__ = .
                0x00004058                __bss_end__ = .
                0x00004058                . = ALIGN (0x4)
                0x00004058                . = ALIGN (0x4)
                0x00004058                __end__ = .
                0x00004058                _end = .
                0x00004058                PROVIDE (end, .)
                0x00004058                . = DATA_SEGMENT_END (.)

.stab
 *(.stab)

.stabstr
 *(.stabstr)

.stab.excl
 *(.stab.excl)

.stab.exclstr
 *(.stab.exclstr)

.stab.index
 *(.stab.index)

.stab.indexstr
 *(.stab.indexstr)

.comment        0x00000000       0x6d
 *(.comment)
 .comment       0x00000000       0x25 C:/Users/John/tools/android-ndk-r8c/platforms/android-9/arch-arm/usr/lib/crtbegin_so.o
                                 0x26 (size before relaxing)
 .comment       0x00000025       0x12 release\s3eMATSDK_platform.os
 .comment       0x00000037       0x12 release\s3eMATSDK.os
 .comment       0x00000049       0x12 release\s3eMATSDK_register.os
 .comment       0x0000005b       0x12 C:\marmalade\6.4\s3e\edk\lib\android\libedk.a(edk_helpers.o)

.debug
 *(.debug)

.line
 *(.line)

.debug_srcinfo
 *(.debug_srcinfo)

.debug_sfnames
 *(.debug_sfnames)

.debug_aranges
 *(.debug_aranges)

.debug_pubnames
 *(.debug_pubnames)

.debug_info
 *(.debug_info .gnu.linkonce.wi.*)

.debug_abbrev
 *(.debug_abbrev)

.debug_line
 *(.debug_line)

.debug_frame
 *(.debug_frame)

.debug_str
 *(.debug_str)

.debug_loc
 *(.debug_loc)

.debug_macinfo
 *(.debug_macinfo)

.debug_weaknames
 *(.debug_weaknames)

.debug_funcnames
 *(.debug_funcnames)

.debug_typenames
 *(.debug_typenames)

.debug_varnames
 *(.debug_varnames)

.debug_pubtypes
 *(.debug_pubtypes)

.debug_ranges
 *(.debug_ranges)

.gnu.attributes
 *(.gnu.attributes)

.note.gnu.arm.ident
 *(.note.gnu.arm.ident)

/DISCARD/
 *(.note.GNU-stack)
 *(.gnu_debuglink)
OUTPUT(C:\Users\John\Documents\GitHub\sdk\sdk-marmalade\ios_android\s3eMATSDK\lib\android\libs3eMATSDK.so elf32-littlearm)

.ARM.attributes
                0x00000000       0x31
 .ARM.attributes
                0x00000000       0x2d C:/Users/John/tools/android-ndk-r8c/platforms/android-9/arch-arm/usr/lib/crtbegin_so.o
 .ARM.attributes
                0x0000002d       0x2b release\s3eMATSDK_platform.os
 .ARM.attributes
                0x00000058       0x2b release\s3eMATSDK.os
 .ARM.attributes
                0x00000083       0x2b release\s3eMATSDK_register.os
 .ARM.attributes
                0x000000ae       0x2b C:\marmalade\6.4\s3e\edk\lib\android\libedk.a(edk_helpers.o)
 .ARM.attributes
                0x000000d9       0x1f C:/Users/John/tools/android-ndk-r8c/platforms/android-9/arch-arm/usr/lib/crtend_so.o
