Archive member included because of file (symbol)

/Developer/Marmalade/6.2/s3e/edk/lib/android/libedk.a(edk_helpers.o)
                              release/s3eMATSDK_platform.os (s3eEdkThreadRunOnOS)

Discarded input sections

 .note.GNU-stack
                0x00000000        0x0 /Developer/android-ndk-r8c/platforms/android-9/arch-arm/usr/lib/crtbegin_so.o
 _ZN7_JNIEnv11GetMethodIDEP7_jclassPKcS3_
                0x00000000        0x0 release/s3eMATSDK_platform.os
 _ZN7_JNIEnv14CallVoidMethodEP8_jobjectP10_jmethodIDz
                0x00000000        0x0 release/s3eMATSDK_platform.os
 _ZN7_JNIEnv9NewObjectEP7_jclassP10_jmethodIDz
                0x00000000        0x0 release/s3eMATSDK_platform.os
 _ZN7_JNIEnv16CallObjectMethodEP8_jobjectP10_jmethodIDz
                0x00000000        0x0 release/s3eMATSDK_platform.os
 _ZN7_JNIEnv17CallBooleanMethodEP8_jobjectP10_jmethodIDz
                0x00000000        0x0 release/s3eMATSDK_platform.os
 .note.GNU-stack
                0x00000000        0x0 release/s3eMATSDK_platform.os
 .note.GNU-stack
                0x00000000        0x0 release/s3eMATSDK.os
 .note.GNU-stack
                0x00000000        0x0 release/s3eMATSDK_register.os
 .note.GNU-stack
                0x00000000        0x0 /Developer/Marmalade/6.2/s3e/edk/lib/android/libedk.a(edk_helpers.o)
 .note.GNU-stack
                0x00000000        0x0 /Developer/android-ndk-r8c/platforms/android-9/arch-arm/usr/lib/crtend_so.o

Memory Configuration

Name             Origin             Length             Attributes
*default*        0x00000000         0xffffffff

Linker script and memory map

LOAD /Developer/android-ndk-r8c/platforms/android-9/arch-arm/usr/lib/crtbegin_so.o
LOAD release/s3eMATSDK_platform.os
LOAD release/s3eMATSDK.os
LOAD release/s3eMATSDK_register.os
LOAD /Developer/Marmalade/6.2/s3e/edk/lib/android/libedk.a
LOAD /Developer/Marmalade/6.2/s3e/edk/lib/android/libplaceholderplaceholderplaceholderplaceholderplaceholder.so
LOAD /Developer/android-ndk-r8c/platforms/android-9/arch-arm/usr/lib/liblog.so
LOAD /Developer/android-ndk-r8c/sources/cxx-stl/gnu-libstdc++/4.4.3/libs/armeabi/libgnustl_static.a
LOAD /Developer/android-ndk-r8c/toolchains/arm-linux-androideabi-4.4.3/prebuilt/darwin-x86/bin/../lib/gcc/arm-linux-androideabi/4.4.3/libgcc.a
LOAD /Developer/android-ndk-r8c/platforms/android-9/arch-arm/usr/lib/libstdc++.so
LOAD /Developer/android-ndk-r8c/platforms/android-9/arch-arm/usr/lib/libm.so
LOAD /Developer/android-ndk-r8c/platforms/android-9/arch-arm/usr/lib/libc.so
LOAD /Developer/android-ndk-r8c/toolchains/arm-linux-androideabi-4.4.3/prebuilt/darwin-x86/bin/../lib/gcc/arm-linux-androideabi/4.4.3/libgcc.a
LOAD /Developer/android-ndk-r8c/platforms/android-9/arch-arm/usr/lib/libc.so
LOAD /Developer/android-ndk-r8c/platforms/android-9/arch-arm/usr/lib/libdl.so
LOAD /Developer/android-ndk-r8c/toolchains/arm-linux-androideabi-4.4.3/prebuilt/darwin-x86/bin/../lib/gcc/arm-linux-androideabi/4.4.3/libgcc.a
LOAD /Developer/android-ndk-r8c/platforms/android-9/arch-arm/usr/lib/crtend_so.o
                0x000000d4                . = (0x0 + SIZEOF_HEADERS)

.note.gnu.build-id
 *(.note.gnu.build-id)

.hash           0x000000d4       0xa8
 *(.hash)
 .hash          0x000000d4       0xa8 /Developer/android-ndk-r8c/platforms/android-9/arch-arm/usr/lib/crtbegin_so.o

.gnu.hash
 *(.gnu.hash)

.dynsym         0x0000017c      0x170
 *(.dynsym)
 .dynsym        0x0000017c      0x170 /Developer/android-ndk-r8c/platforms/android-9/arch-arm/usr/lib/crtbegin_so.o

.dynstr         0x000002ec      0x166
 *(.dynstr)
 .dynstr        0x000002ec      0x166 /Developer/android-ndk-r8c/platforms/android-9/arch-arm/usr/lib/crtbegin_so.o

.gnu.version    0x00000452        0x0
 *(.gnu.version)
 .gnu.version   0x00000000        0x0 /Developer/android-ndk-r8c/platforms/android-9/arch-arm/usr/lib/crtbegin_so.o

.gnu.version_d  0x00000454        0x0 load address 0x00000452
 *(.gnu.version_d)
 .gnu.version_d
                0x00000000        0x0 /Developer/android-ndk-r8c/platforms/android-9/arch-arm/usr/lib/crtbegin_so.o

.gnu.version_r  0x00000454        0x0 load address 0x00000452
 *(.gnu.version_r)
 .gnu.version_r
                0x00000000        0x0 /Developer/android-ndk-r8c/platforms/android-9/arch-arm/usr/lib/crtbegin_so.o

.rel.dyn        0x00000454      0x108
 *(.rel.init)
 *(.rel.text .rel.text.* .rel.gnu.linkonce.t.*)
 *(.rel.fini)
 *(.rel.rodata .rel.rodata.* .rel.gnu.linkonce.r.*)
 *(.rel.data.rel.ro* .rel.gnu.linkonce.d.rel.ro.*)
 *(.rel.data .rel.data.* .rel.gnu.linkonce.d.*)
 *(.rel.tdata .rel.tdata.* .rel.gnu.linkonce.td.*)
 *(.rel.tbss .rel.tbss.* .rel.gnu.linkonce.tb.*)
 *(.rel.ctors)
 *(.rel.dtors)
 *(.rel.got)
 .rel.got       0x00000454      0x100 /Developer/android-ndk-r8c/platforms/android-9/arch-arm/usr/lib/crtbegin_so.o
 *(.rel.bss .rel.bss.* .rel.gnu.linkonce.b.*)
 .rel.fini_array
                0x00000554        0x8 /Developer/android-ndk-r8c/platforms/android-9/arch-arm/usr/lib/crtbegin_so.o

.rela.dyn
 *(.rela.init)
 *(.rela.text .rela.text.* .rela.gnu.linkonce.t.*)
 *(.rela.fini)
 *(.rela.rodata .rela.rodata.* .rela.gnu.linkonce.r.*)
 *(.rela.data .rela.data.* .rela.gnu.linkonce.d.*)
 *(.rela.tdata .rela.tdata.* .rela.gnu.linkonce.td.*)
 *(.rela.tbss .rela.tbss.* .rela.gnu.linkonce.tb.*)
 *(.rela.ctors)
 *(.rela.dtors)
 *(.rela.got)
 *(.rela.bss .rela.bss.* .rela.gnu.linkonce.b.*)

.rel.plt        0x0000055c       0x48
 *(.rel.plt)
 .rel.plt       0x0000055c       0x48 /Developer/android-ndk-r8c/platforms/android-9/arch-arm/usr/lib/crtbegin_so.o

.rela.plt
 *(.rela.plt)

.init
 *(.init)

.plt            0x000005a4       0x80
 *(.plt)
 .plt           0x000005a4       0x80 /Developer/android-ndk-r8c/platforms/android-9/arch-arm/usr/lib/crtbegin_so.o

.text           0x00000624     0x20b0
 *(.text .stub .text.* .gnu.linkonce.t.*)
 .text          0x00000624       0x14 /Developer/android-ndk-r8c/platforms/android-9/arch-arm/usr/lib/crtbegin_so.o
                0x00000624                atexit
 .text.exit     0x00000638       0x10 /Developer/android-ndk-r8c/platforms/android-9/arch-arm/usr/lib/crtbegin_so.o
                0x00000638                __on_dlclose
 .text          0x00000648     0x1418 release/s3eMATSDK_platform.os
                0x00000654                _Z23s3eSetDelegate_platformb
                0x00000d10                _Z25s3eSDKParameters_platformv
                0x00001090                _Z23s3eSetOpenUDID_platformPKc
                0x00000e70                _Z23s3eSetTRUSTeId_platformPKc
                0x0000066c                _Z41s3eSetShouldAutoGenerateODIN1Key_platformb
                0x00001118                _Z26s3eSetPackageName_platformPKc
                0x00000d60                _Z23s3eSetDeviceId_platformPKc
                0x00000c70                _Z23s3eTrackUpdate_platformv
                0x00000680                _Z23s3eSetUseHTTPS_platformb
                0x00000650                _Z30s3eSetAllowDuplicates_platformb
                0x00001328                _Z39s3eTrackActionForEventIdOrName_platformPKcbS0_
                0x00001008                _Z27s3eSetCurrencyCode_platformPKc
                0x0000067c                _Z32s3eSetUseCookieTracking_platformb
                0x00000ef8                _Z21s3eSetSiteId_platformPKc
                0x00000f80                _Z21s3eSetUserId_platformPKc
                0x00000684                _Z44s3eTrackActionForEventIdOrNameItems_platformPKcbPK11s3eMATArrayS0_dS0_h
                0x00000660                _Z26s3eSetRedirectUrl_platformPKc
                0x0000125c                _Z23s3eTrackAction_platformPKcbdS0_
                0x000015d0                _Z22s3eMATSDKInit_platformv
                0x00000bbc                _Z28s3eSetDebugResponse_platformb
                0x0000065c                _Z23s3eSetOpenUDID_platformPc
                0x00000670                _Z44s3eSetShouldAutoGenerateOpenUDIDKey_platformb
                0x000011a0                _Z33s3eStartMobileAppTracker_platformPKcS0_
                0x00000674                _Z49s3eSetShouldAutoGenerateVendorIdentifier_platformb
                0x00000648                _Z27s3eMATSDKTerminate_platformv
                0x00000de8                _Z39s3eTrackInstallWithReferenceId_platformPKc
                0x0000064c                _Z35s3eSetAdvertiserIdentifier_platformPKc
                0x00000678                _Z31s3eSetVendorIdentifier_platformPKc
                0x00000cc0                _Z24s3eTrackInstall_platformv
                0x000014a4                _Z33s3eStartAppToAppTracking_platformPKcS0_S0_S0_b
                0x00000c14                _Z22s3eSetRevenue_platformd
                0x00000668                _Z43s3eSetShouldAutoGenerateMacAddress_platformb
                0x00000658                _Z23s3eSetDeviceId_platformPc
                0x00000664                _Z53s3eSetShouldAutoGenerateAdvertiserIdentifier_platformb
 .text._ZN7_JNIEnv11GetMethodIDEP7_jclassPKcS3_
                0x00001a60       0x14 release/s3eMATSDK_platform.os
                0x00001a60                _ZN7_JNIEnv11GetMethodIDEP7_jclassPKcS3_
 .text._ZN7_JNIEnv14CallVoidMethodEP8_jobjectP10_jmethodIDz
                0x00001a74       0x34 release/s3eMATSDK_platform.os
                0x00001a74                _ZN7_JNIEnv14CallVoidMethodEP8_jobjectP10_jmethodIDz
 .text._ZN7_JNIEnv9NewObjectEP7_jclassP10_jmethodIDz
                0x00001aa8       0x34 release/s3eMATSDK_platform.os
                0x00001aa8                _ZN7_JNIEnv9NewObjectEP7_jclassP10_jmethodIDz
 .text._ZN7_JNIEnv16CallObjectMethodEP8_jobjectP10_jmethodIDz
                0x00001adc       0x34 release/s3eMATSDK_platform.os
                0x00001adc                _ZN7_JNIEnv16CallObjectMethodEP8_jobjectP10_jmethodIDz
 .text._ZN7_JNIEnv17CallBooleanMethodEP8_jobjectP10_jmethodIDz
                0x00001b10       0x34 release/s3eMATSDK_platform.os
                0x00001b10                _ZN7_JNIEnv17CallBooleanMethodEP8_jobjectP10_jmethodIDz
 .text          0x00001b44       0x9c release/s3eMATSDK.os
                0x00001b54                s3eSetUseCookieTracking
                0x00001b44                s3eSetUseHTTPS
                0x00001b64                s3eSetShouldAutoGenerateODIN1Key
                0x00001b84                s3eSetUserId
                0x00001b8c                s3eSetDeviceId
                0x00001ba8                s3eTrackActionForEventIdOrNameItems
                0x00001b74                s3eSetDelegate
                0x00001bc4                s3eTrackInstallWithReferenceId
                0x00001b94                s3eSetPackageName
                0x00001b5c                s3eSetShouldAutoGenerateVendorIdentifier
                0x00001bcc                s3eTrackInstall
                0x00001b68                s3eSetShouldAutoGenerateMacAddress
                0x00001b4c                s3eSetAdvertiserIdentifier
                0x00001bdc                _Z13s3eMATSDKInitv
                0x00001b48                s3eSetVendorIdentifier
                0x00001b6c                s3eSetAllowDuplicates
                0x00001b98                s3eStartAppToAppTracking
                0x00001b58                s3eSetShouldAutoGenerateAdvertiserIdentifier
                0x00001b70                s3eSetDebugResponse
                0x00001ba4                s3eTrackAction
                0x00001b50                s3eSetRedirectUrl
                0x00001bc8                s3eTrackUpdate
                0x00001b88                s3eSetOpenUDID
                0x00001b80                s3eSetRevenue
                0x00001b78                s3eSetTRUSTeId
                0x00001b90                s3eSetCurrencyCode
                0x00001b60                s3eSetShouldAutoGenerateOpenUDIDKey
                0x00001b7c                s3eSetSiteId
                0x00001bd4                s3eStartMobileAppTracker
                0x00001bc0                s3eTrackActionForEventIdOrName
                0x00001bd0                s3eSDKParameters
                0x00001bd8                _Z18s3eMATSDKTerminatev
 .text          0x00001be0      0xa64 release/s3eMATSDK_register.os
                0x00001be0                _Z20s3eMATSDKRegisterExtv
                0x000022c8                RegisterExt
 .text          0x00002644        0x0 /Developer/Marmalade/6.2/s3e/edk/lib/android/libedk.a(edk_helpers.o)
 .text.s3eEdkThreadRunOnOSAsync
                0x00002644       0x30 /Developer/Marmalade/6.2/s3e/edk/lib/android/libedk.a(edk_helpers.o)
                0x00002644                s3eEdkThreadRunOnOSAsync
 .text.s3eEdkThreadRunOnOS
                0x00002674       0x30 /Developer/Marmalade/6.2/s3e/edk/lib/android/libedk.a(edk_helpers.o)
                0x00002674                s3eEdkThreadRunOnOS
 .text.s3eEdkErrorSetString
                0x000026a4       0x30 /Developer/Marmalade/6.2/s3e/edk/lib/android/libedk.a(edk_helpers.o)
                0x000026a4                s3eEdkErrorSetString
 .text          0x000026d4        0x0 /Developer/android-ndk-r8c/platforms/android-9/arch-arm/usr/lib/crtend_so.o
 *(.gnu.warning)
 *(.glue_7t)
 .glue_7t       0x00000000        0x0 linker stubs
 *(.glue_7)
 .glue_7        0x00000000        0x0 linker stubs
 *(.vfp11_veneer)
 .vfp11_veneer  0x00000000        0x0 linker stubs
 *(.v4_bx)
 .v4_bx         0x00000000        0x0 linker stubs

.fini
 *(.fini)
                0x000026d4                PROVIDE (__etext, .)
                0x000026d4                PROVIDE (_etext, .)
                0x000026d4                PROVIDE (etext, .)

.rodata         0x000026d4      0x390
 *(.rodata .rodata.* .gnu.linkonce.r.*)
 .rodata.str1.4
                0x000026d4      0x390 release/s3eMATSDK_platform.os
 .rodata.str1.4
                0x00000000        0xc release/s3eMATSDK_register.os

.rodata1
 *(.rodata1)

.ARM.extab
 *(.ARM.extab* .gnu.linkonce.armextab.*)
                0x00002a64                __exidx_start = .

.ARM.exidx
 *(.ARM.exidx* .gnu.linkonce.armexidx.*)
                0x00002a64                __exidx_end = .

.eh_frame_hdr
 *(.eh_frame_hdr)

.eh_frame
 *(.eh_frame)

.gcc_except_table
 *(.gcc_except_table .gcc_except_table.*)
                0x00002a64                . = (ALIGN (0x1000) - ((0x1000 - .) & 0xfff))
                0x00003e4c                . = (0x1000 DATA_SEGMENT_ALIGN 0x1000)

.eh_frame
 *(.eh_frame)

.gcc_except_table
 *(.gcc_except_table .gcc_except_table.*)

.tdata
 *(.tdata .tdata.* .gnu.linkonce.td.*)

.tbss
 *(.tbss .tbss.* .gnu.linkonce.tb.*)
 *(.tcommon)

.preinit_array
 *(.preinit_array)

.init_array     0x00003e4c        0x4
 *(SORT(.init_array.*))
 *(.init_array)
 .init_array    0x00003e4c        0x4 /Developer/android-ndk-r8c/platforms/android-9/arch-arm/usr/lib/crtend_so.o

.fini_array     0x00003e50        0x8
 *(.fini_array)
 .fini_array    0x00003e50        0x4 /Developer/android-ndk-r8c/platforms/android-9/arch-arm/usr/lib/crtbegin_so.o
 .fini_array    0x00003e54        0x4 /Developer/android-ndk-r8c/platforms/android-9/arch-arm/usr/lib/crtend_so.o
 *(SORT(.fini_array.*))

.ctors
 *crtbegin.o(.ctors)
 *crtbegin?.o(.ctors)
 *(EXCLUDE_FILE(*crtend?.o *crtend.o) .ctors)
 *(SORT(.ctors.*))
 *(.ctors)

.dtors
 *crtbegin.o(.dtors)
 *crtbegin?.o(.dtors)
 *(EXCLUDE_FILE(*crtend?.o *crtend.o) .dtors)
 *(SORT(.dtors.*))
 *(.dtors)

.jcr
 *(.jcr)

.data.rel.ro
 *(.data.rel.ro.local* .gnu.linkonce.d.rel.ro.local.*)
 *(.data.rel.ro* .gnu.linkonce.d.rel.ro.*)

.dynamic        0x00003e58       0xf8
 *(.dynamic)
 .dynamic       0x00003e58       0xf8 /Developer/android-ndk-r8c/platforms/android-9/arch-arm/usr/lib/crtbegin_so.o
                0x00003e58                _DYNAMIC

.got            0x00003f50       0xb0
 *(.got.plt)
 .got.plt       0x00003f50       0x30 /Developer/android-ndk-r8c/platforms/android-9/arch-arm/usr/lib/crtbegin_so.o
                0x00003f50                _GLOBAL_OFFSET_TABLE_
 *(.got)
 .got           0x00003f80       0x80 /Developer/android-ndk-r8c/platforms/android-9/arch-arm/usr/lib/crtbegin_so.o
                0x00004000                . = (. DATA_SEGMENT_RELRO_END 0x0)

.data           0x00004000        0x4
                0x00004000                __data_start = .
 *(.data .data.* .gnu.linkonce.d.*)
 .data          0x00004000        0x4 /Developer/android-ndk-r8c/platforms/android-9/arch-arm/usr/lib/crtbegin_so.o
                0x00004000                __dso_handle
 .data          0x00004004        0x0 release/s3eMATSDK_platform.os
 .data          0x00004004        0x0 release/s3eMATSDK.os
 .data          0x00004004        0x0 release/s3eMATSDK_register.os
 .data          0x00004004        0x0 /Developer/Marmalade/6.2/s3e/edk/lib/android/libedk.a(edk_helpers.o)
 .data          0x00004004        0x0 /Developer/android-ndk-r8c/platforms/android-9/arch-arm/usr/lib/crtend_so.o

.data1
 *(.data1)
                0x00004004                _edata = .
                0x00004004                PROVIDE (edata, .)
                0x00004004                __bss_start = .
                0x00004004                __bss_start__ = .

.bss            0x00004004       0x4c
 *(.dynbss)
 .dynbss        0x00000000        0x0 /Developer/android-ndk-r8c/platforms/android-9/arch-arm/usr/lib/crtbegin_so.o
 *(.bss .bss.* .gnu.linkonce.b.*)
 .bss           0x00004004        0x0 /Developer/android-ndk-r8c/platforms/android-9/arch-arm/usr/lib/crtbegin_so.o
 .bss           0x00004004       0x4c release/s3eMATSDK_platform.os
 .bss           0x00004050        0x0 release/s3eMATSDK.os
 .bss           0x00004050        0x0 release/s3eMATSDK_register.os
 .bss           0x00004050        0x0 /Developer/Marmalade/6.2/s3e/edk/lib/android/libedk.a(edk_helpers.o)
 .bss           0x00004050        0x0 /Developer/android-ndk-r8c/platforms/android-9/arch-arm/usr/lib/crtend_so.o
 *(COMMON)
                0x00004050                . = ALIGN ((. != 0x0)?0x4:0x1)
                0x00004050                _bss_end__ = .
                0x00004050                __bss_end__ = .
                0x00004050                . = ALIGN (0x4)
                0x00004050                . = ALIGN (0x4)
                0x00004050                __end__ = .
                0x00004050                _end = .
                0x00004050                PROVIDE (end, .)
                0x00004050                . = DATA_SEGMENT_END (.)

.stab
 *(.stab)

.stabstr
 *(.stabstr)

.stab.excl
 *(.stab.excl)

.stab.exclstr
 *(.stab.exclstr)

.stab.index
 *(.stab.index)

.stab.indexstr
 *(.stab.indexstr)

.comment        0x00000000       0x6d
 *(.comment)
 .comment       0x00000000       0x25 /Developer/android-ndk-r8c/platforms/android-9/arch-arm/usr/lib/crtbegin_so.o
                                 0x26 (size before relaxing)
 .comment       0x00000025       0x12 release/s3eMATSDK_platform.os
 .comment       0x00000037       0x12 release/s3eMATSDK.os
 .comment       0x00000049       0x12 release/s3eMATSDK_register.os
 .comment       0x0000005b       0x12 /Developer/Marmalade/6.2/s3e/edk/lib/android/libedk.a(edk_helpers.o)

.debug
 *(.debug)

.line
 *(.line)

.debug_srcinfo
 *(.debug_srcinfo)

.debug_sfnames
 *(.debug_sfnames)

.debug_aranges
 *(.debug_aranges)

.debug_pubnames
 *(.debug_pubnames)

.debug_info
 *(.debug_info .gnu.linkonce.wi.*)

.debug_abbrev
 *(.debug_abbrev)

.debug_line
 *(.debug_line)

.debug_frame
 *(.debug_frame)

.debug_str
 *(.debug_str)

.debug_loc
 *(.debug_loc)

.debug_macinfo
 *(.debug_macinfo)

.debug_weaknames
 *(.debug_weaknames)

.debug_funcnames
 *(.debug_funcnames)

.debug_typenames
 *(.debug_typenames)

.debug_varnames
 *(.debug_varnames)

.debug_pubtypes
 *(.debug_pubtypes)

.debug_ranges
 *(.debug_ranges)

.gnu.attributes
 *(.gnu.attributes)

.note.gnu.arm.ident
 *(.note.gnu.arm.ident)

/DISCARD/
 *(.note.GNU-stack)
 *(.gnu_debuglink)
OUTPUT(/Users/davidloewenthal/Projects/HasOffers/HO_API/api/tracking_engine/sdk-marmalade/ios_android/s3eMATSDK/lib/android/libs3eMATSDK.so elf32-littlearm)

.ARM.attributes
                0x00000000       0x31
 .ARM.attributes
                0x00000000       0x2d /Developer/android-ndk-r8c/platforms/android-9/arch-arm/usr/lib/crtbegin_so.o
 .ARM.attributes
                0x0000002d       0x2d release/s3eMATSDK_platform.os
 .ARM.attributes
                0x0000005a       0x2b release/s3eMATSDK.os
 .ARM.attributes
                0x00000085       0x2d release/s3eMATSDK_register.os
 .ARM.attributes
                0x000000b2       0x2b /Developer/Marmalade/6.2/s3e/edk/lib/android/libedk.a(edk_helpers.o)
 .ARM.attributes
                0x000000dd       0x1f /Developer/android-ndk-r8c/platforms/android-9/arch-arm/usr/lib/crtend_so.o
